[2026-09-24T13:21:41.947Z] [INFO] === Crawl start === ts=2026-09-24T13:00:00Z
[2026-09-24T13:21:41.950Z] [INFO] Config loaded apps=4, platforms=macos, categories=Business,Productivity,Utilities
[2026-09-24T13:21:41.950Z] [INFO] App IDs to track: 23 our=4, competitors=19
[2026-09-24T13:21:41.951Z] [INFO] Lookup needed (daily refresh), fetching 23 apps...
[2026-09-24T13:21:41.951Z] [INFO] Lookup: 23 unique IDs in 1 batch(es)
[2026-09-24T13:21:41.951Z] [DEBUG] Lookup batch 1/1: 23 IDs
[2026-09-24T13:21:42.683Z] [DEBUG] Lookup batch 1: 23 results
[2026-09-24T13:21:42.683Z] [INFO] Lookup result: 23/23 apps found
[2026-09-24T13:21:42.685Z] [INFO] Lookup done: 23/23 results
[2026-09-24T13:21:42.685Z] [INFO] RSS requests: 60 countries=20, platforms=macos, categories=Business,Productivity,Utilities
[2026-09-24T13:21:42.686Z] [INFO] RSS fetch start: 60 requests, concurrency=1
[2026-09-24T13:21:43.380Z] [DEBUG] RSS ok: us/macos/Business/top-free entries=100
[2026-09-24T13:21:53.383Z] [DEBUG] Hits: us/macos/Business/top-free 4 app(s) found
[2026-09-24T13:21:54.268Z] [DEBUG] RSS ok: us/macos/Productivity/top-free entries=99
[2026-09-24T13:22:04.274Z] [DEBUG] Hits: us/macos/Productivity/top-free 6 app(s) found
[2026-09-24T13:22:05.138Z] [DEBUG] RSS ok: us/macos/Utilities/top-free entries=100
[2026-09-24T13:22:15.145Z] [DEBUG] Hits: us/macos/Utilities/top-free 1 app(s) found
[2026-09-24T13:22:15.889Z] [DEBUG] RSS ok: gb/macos/Business/top-free entries=100
[2026-09-24T13:22:25.895Z] [DEBUG] Hits: gb/macos/Business/top-free 3 app(s) found
[2026-09-24T13:22:26.829Z] [DEBUG] RSS ok: gb/macos/Productivity/top-free entries=99
[2026-09-24T13:22:36.835Z] [DEBUG] Hits: gb/macos/Productivity/top-free 4 app(s) found
[2026-09-24T13:22:37.687Z] [DEBUG] RSS ok: gb/macos/Utilities/top-free entries=100
[2026-09-24T13:22:47.693Z] [DEBUG] Hits: gb/macos/Utilities/top-free 3 app(s) found
[2026-09-24T13:22:48.503Z] [DEBUG] RSS ok: ca/macos/Business/top-free entries=99
[2026-09-24T13:22:58.509Z] [DEBUG] Hits: ca/macos/Business/top-free 4 app(s) found
[2026-09-24T13:22:59.444Z] [DEBUG] RSS ok: ca/macos/Productivity/top-free entries=99
[2026-09-24T13:23:09.450Z] [DEBUG] Hits: ca/macos/Productivity/top-free 5 app(s) found
[2026-09-24T13:23:10.185Z] [DEBUG] RSS ok: ca/macos/Utilities/top-free entries=100
[2026-09-24T13:23:20.191Z] [DEBUG] Hits: ca/macos/Utilities/top-free 1 app(s) found
[2026-09-24T13:23:21.197Z] [DEBUG] RSS ok: fr/macos/Business/top-free entries=99
[2026-09-24T13:23:31.203Z] [DEBUG] Hits: fr/macos/Business/top-free 2 app(s) found
[2026-09-24T13:23:31.203Z] [INFO] RSS progress: 10/60 (10 ok, 0 error, 33 points)
[2026-09-24T13:23:32.139Z] [DEBUG] RSS ok: fr/macos/Productivity/top-free entries=99
[2026-09-24T13:23:42.145Z] [DEBUG] Hits: fr/macos/Productivity/top-free 4 app(s) found
[2026-09-24T13:23:43.316Z] [DEBUG] RSS ok: fr/macos/Utilities/top-free entries=100
[2026-09-24T13:23:54.276Z] [DEBUG] RSS ok: de/macos/Business/top-free entries=100
[2026-09-24T13:24:04.282Z] [DEBUG] Hits: de/macos/Business/top-free 1 app(s) found
[2026-09-24T13:24:05.439Z] [DEBUG] RSS ok: de/macos/Productivity/top-free entries=99
[2026-09-24T13:24:15.446Z] [DEBUG] Hits: de/macos/Productivity/top-free 4 app(s) found
[2026-09-24T13:24:16.170Z] [DEBUG] RSS ok: de/macos/Utilities/top-free entries=100
[2026-09-24T13:24:26.177Z] [DEBUG] Hits: de/macos/Utilities/top-free 2 app(s) found
[2026-09-24T13:24:27.133Z] [DEBUG] RSS ok: jp/macos/Business/top-free entries=100
[2026-09-24T13:24:37.140Z] [DEBUG] Hits: jp/macos/Business/top-free 2 app(s) found
[2026-09-24T13:24:38.240Z] [DEBUG] RSS ok: jp/macos/Productivity/top-free entries=99
[2026-09-24T13:24:48.244Z] [DEBUG] Hits: jp/macos/Productivity/top-free 3 app(s) found
[2026-09-24T13:24:49.224Z] [DEBUG] RSS ok: jp/macos/Utilities/top-free entries=100
[2026-09-24T13:24:59.230Z] [DEBUG] Hits: jp/macos/Utilities/top-free 4 app(s) found
[2026-09-24T13:25:00.031Z] [DEBUG] RSS ok: au/macos/Business/top-free entries=100
[2026-09-24T13:25:10.037Z] [DEBUG] Hits: au/macos/Business/top-free 3 app(s) found
[2026-09-24T13:25:10.673Z] [DEBUG] RSS ok: au/macos/Productivity/top-free entries=99
[2026-09-24T13:25:20.679Z] [DEBUG] Hits: au/macos/Productivity/top-free 5 app(s) found
[2026-09-24T13:25:20.679Z] [INFO] RSS progress: 20/60 (20 ok, 0 error, 61 points)
[2026-09-24T13:25:21.631Z] [DEBUG] RSS ok: au/macos/Utilities/top-free entries=100
[2026-09-24T13:25:31.638Z] [DEBUG] Hits: au/macos/Utilities/top-free 1 app(s) found
[2026-09-24T13:25:32.462Z] [DEBUG] RSS ok: es/macos/Business/top-free entries=100
[2026-09-24T13:25:42.468Z] [DEBUG] Hits: es/macos/Business/top-free 3 app(s) found
[2026-09-24T13:25:43.346Z] [DEBUG] RSS ok: es/macos/Productivity/top-free entries=99
[2026-09-24T13:25:53.348Z] [DEBUG] Hits: es/macos/Productivity/top-free 5 app(s) found
[2026-09-24T13:25:54.382Z] [DEBUG] RSS ok: es/macos/Utilities/top-free entries=100
[2026-09-24T13:26:04.388Z] [DEBUG] Hits: es/macos/Utilities/top-free 2 app(s) found
[2026-09-24T13:26:05.385Z] [DEBUG] RSS ok: it/macos/Business/top-free entries=100
[2026-09-24T13:26:15.392Z] [DEBUG] Hits: it/macos/Business/top-free 3 app(s) found
[2026-09-24T13:26:16.298Z] [DEBUG] RSS ok: it/macos/Productivity/top-free entries=99
[2026-09-24T13:26:26.304Z] [DEBUG] Hits: it/macos/Productivity/top-free 5 app(s) found
[2026-09-24T13:26:27.272Z] [DEBUG] RSS ok: it/macos/Utilities/top-free entries=100
[2026-09-24T13:26:37.279Z] [DEBUG] Hits: it/macos/Utilities/top-free 1 app(s) found
[2026-09-24T13:26:38.299Z] [DEBUG] RSS ok: pt/macos/Business/top-free entries=100
[2026-09-24T13:26:48.306Z] [DEBUG] Hits: pt/macos/Business/top-free 4 app(s) found
[2026-09-24T13:26:49.262Z] [DEBUG] RSS ok: pt/macos/Productivity/top-free entries=99
[2026-09-24T13:26:59.269Z] [DEBUG] Hits: pt/macos/Productivity/top-free 3 app(s) found
[2026-09-24T13:27:00.117Z] [DEBUG] RSS ok: pt/macos/Utilities/top-free entries=100
[2026-09-24T13:27:10.124Z] [INFO] RSS progress: 30/60 (30 ok, 0 error, 88 points)
[2026-09-24T13:27:10.998Z] [DEBUG] RSS ok: ch/macos/Business/top-free entries=99
[2026-09-24T13:27:21.005Z] [DEBUG] Hits: ch/macos/Business/top-free 1 app(s) found
[2026-09-24T13:27:21.856Z] [DEBUG] RSS ok: ch/macos/Productivity/top-free entries=99
[2026-09-24T13:27:31.862Z] [DEBUG] Hits: ch/macos/Productivity/top-free 4 app(s) found
[2026-09-24T13:27:32.655Z] [DEBUG] RSS ok: ch/macos/Utilities/top-free entries=100
[2026-09-24T13:27:42.661Z] [DEBUG] Hits: ch/macos/Utilities/top-free 2 app(s) found
[2026-09-24T13:27:43.503Z] [DEBUG] RSS ok: be/macos/Business/top-free entries=99
[2026-09-24T13:27:53.510Z] [DEBUG] Hits: be/macos/Business/top-free 4 app(s) found
[2026-09-24T13:27:54.364Z] [DEBUG] RSS ok: be/macos/Productivity/top-free entries=99
[2026-09-24T13:28:04.370Z] [DEBUG] Hits: be/macos/Productivity/top-free 6 app(s) found
[2026-09-24T13:28:05.290Z] [DEBUG] RSS ok: be/macos/Utilities/top-free entries=100
[2026-09-24T13:28:16.115Z] [DEBUG] RSS ok: nl/macos/Business/top-free entries=100
[2026-09-24T13:28:26.120Z] [DEBUG] Hits: nl/macos/Business/top-free 1 app(s) found
[2026-09-24T13:28:26.874Z] [DEBUG] RSS ok: nl/macos/Productivity/top-free entries=99
[2026-09-24T13:28:36.879Z] [DEBUG] Hits: nl/macos/Productivity/top-free 5 app(s) found
[2026-09-24T13:28:37.875Z] [DEBUG] RSS ok: nl/macos/Utilities/top-free entries=100
[2026-09-24T13:28:47.881Z] [DEBUG] Hits: nl/macos/Utilities/top-free 1 app(s) found
[2026-09-24T13:28:48.686Z] [DEBUG] RSS ok: tw/macos/Business/top-free entries=100
[2026-09-24T13:28:58.693Z] [DEBUG] Hits: tw/macos/Business/top-free 4 app(s) found
[2026-09-24T13:28:58.693Z] [INFO] RSS progress: 40/60 (40 ok, 0 error, 116 points)
[2026-09-24T13:28:59.527Z] [DEBUG] RSS ok: tw/macos/Productivity/top-free entries=99
[2026-09-24T13:29:09.534Z] [DEBUG] Hits: tw/macos/Productivity/top-free 3 app(s) found
[2026-09-24T13:29:10.455Z] [DEBUG] RSS ok: tw/macos/Utilities/top-free entries=100
[2026-09-24T13:29:20.461Z] [DEBUG] Hits: tw/macos/Utilities/top-free 1 app(s) found
[2026-09-24T13:29:21.368Z] [DEBUG] RSS ok: hk/macos/Business/top-free entries=100
[2026-09-24T13:29:31.372Z] [DEBUG] Hits: hk/macos/Business/top-free 1 app(s) found
[2026-09-24T13:29:32.345Z] [DEBUG] RSS ok: hk/macos/Productivity/top-free entries=99
[2026-09-24T13:29:42.351Z] [DEBUG] Hits: hk/macos/Productivity/top-free 4 app(s) found
[2026-09-24T13:29:43.269Z] [DEBUG] RSS ok: hk/macos/Utilities/top-free entries=100
[2026-09-24T13:29:53.275Z] [DEBUG] Hits: hk/macos/Utilities/top-free 1 app(s) found
[2026-09-24T13:29:54.132Z] [DEBUG] RSS ok: nz/macos/Business/top-free entries=99
[2026-09-24T13:30:04.138Z] [DEBUG] Hits: nz/macos/Business/top-free 2 app(s) found
[2026-09-24T13:30:05.045Z] [DEBUG] RSS ok: nz/macos/Productivity/top-free entries=99
[2026-09-24T13:30:15.051Z] [DEBUG] Hits: nz/macos/Productivity/top-free 3 app(s) found
[2026-09-24T13:30:16.050Z] [DEBUG] RSS ok: nz/macos/Utilities/top-free entries=100
[2026-09-24T13:30:26.056Z] [DEBUG] Hits: nz/macos/Utilities/top-free 1 app(s) found
[2026-09-24T13:30:26.716Z] [DEBUG] RSS ok: sg/macos/Business/top-free entries=100
[2026-09-24T13:30:36.722Z] [DEBUG] Hits: sg/macos/Business/top-free 2 app(s) found
[2026-09-24T13:30:37.753Z] [DEBUG] RSS ok: sg/macos/Productivity/top-free entries=99
[2026-09-24T13:30:47.759Z] [DEBUG] Hits: sg/macos/Productivity/top-free 3 app(s) found
[2026-09-24T13:30:47.760Z] [INFO] RSS progress: 50/60 (50 ok, 0 error, 137 points)
[2026-09-24T13:30:48.449Z] [DEBUG] RSS ok: sg/macos/Utilities/top-free entries=100
[2026-09-24T13:30:59.397Z] [DEBUG] RSS ok: in/macos/Business/top-free entries=100
[2026-09-24T13:31:09.403Z] [DEBUG] Hits: in/macos/Business/top-free 3 app(s) found
[2026-09-24T13:31:10.182Z] [DEBUG] RSS ok: in/macos/Productivity/top-free entries=99
[2026-09-24T13:31:20.188Z] [DEBUG] Hits: in/macos/Productivity/top-free 2 app(s) found
[2026-09-24T13:31:21.040Z] [DEBUG] RSS ok: in/macos/Utilities/top-free entries=100
[2026-09-24T13:31:31.897Z] [DEBUG] RSS ok: za/macos/Business/top-free entries=100
[2026-09-24T13:31:41.903Z] [DEBUG] Hits: za/macos/Business/top-free 3 app(s) found
[2026-09-24T13:31:42.778Z] [DEBUG] RSS ok: za/macos/Productivity/top-free entries=99
[2026-09-24T13:31:52.784Z] [DEBUG] Hits: za/macos/Productivity/top-free 4 app(s) found
[2026-09-24T13:31:53.625Z] [DEBUG] RSS ok: za/macos/Utilities/top-free entries=100
[2026-09-24T13:32:03.631Z] [DEBUG] Hits: za/macos/Utilities/top-free 2 app(s) found
[2026-09-24T13:32:04.548Z] [DEBUG] RSS ok: br/macos/Business/top-free entries=99
[2026-09-24T13:32:14.555Z] [DEBUG] Hits: br/macos/Business/top-free 2 app(s) found
[2026-09-24T13:32:15.446Z] [DEBUG] RSS ok: br/macos/Productivity/top-free entries=99
[2026-09-24T13:32:25.452Z] [DEBUG] Hits: br/macos/Productivity/top-free 4 app(s) found
[2026-09-24T13:32:26.250Z] [DEBUG] RSS ok: br/macos/Utilities/top-free entries=100
[2026-09-24T13:32:36.256Z] [INFO] RSS progress: 60/60 (60 ok, 0 error, 157 points)
[2026-09-24T13:32:36.256Z] [INFO] RSS fetch done: 60 ok, 0 error, 157 points
[2026-09-24T13:32:36.256Z] [INFO] Platform max returned: macos = 100
[2026-09-24T13:32:36.257Z] [INFO] RSS results: 60 ok, 0 error, 157 rank points
[2026-09-24T13:32:36.273Z] [INFO] Stored: 60 crawls, 157 points
[2026-09-24T13:32:36.274Z] [INFO] No previous round found — deltas will be null this round
[2026-09-24T13:32:36.276Z] [INFO] current.json written rows=23
[2026-09-24T13:32:36.276Z] [INFO] === Crawl complete === 654.3s
[2026-09-24T13:32:36.276Z] [INFO] Current summary: on_chart=157, not_on_chart=303, depth_limited=0, crawl_error=0, total=460
[2026-09-24T13:34:20.637Z] [INFO] === Crawl start === ts=2026-09-24T13:00:00Z
[2026-09-24T13:34:20.640Z] [INFO] Config loaded apps=4, platforms=macos, categories=Business,Productivity,Utilities
[2026-09-24T13:34:20.641Z] [INFO] App IDs to track: 23 our=4, competitors=19
[2026-09-24T13:34:20.642Z] [INFO] Lookup cached fetched_at=2026-09-24T13:21:42.683Z, 23 apps
[2026-09-24T13:34:20.642Z] [INFO] RSS requests: 60 countries=20, platforms=macos, categories=Business,Productivity,Utilities
[2026-09-24T13:34:20.643Z] [INFO] RSS fetch start: 60 requests, concurrency=1
[2026-09-24T13:34:21.652Z] [DEBUG] RSS ok: us/macos/Business/top-free entries=100
[2026-09-24T13:34:31.655Z] [DEBUG] Hits: us/macos/Business/top-free 4 app(s) found
[2026-09-24T13:34:32.451Z] [DEBUG] RSS ok: us/macos/Productivity/top-free entries=99
[2026-09-24T13:34:42.457Z] [DEBUG] Hits: us/macos/Productivity/top-free 6 app(s) found
[2026-09-24T13:34:43.275Z] [DEBUG] RSS ok: us/macos/Utilities/top-free entries=100
[2026-09-24T13:34:53.282Z] [DEBUG] Hits: us/macos/Utilities/top-free 1 app(s) found
[2026-09-24T13:34:53.998Z] [DEBUG] RSS ok: gb/macos/Business/top-free entries=100
[2026-09-24T13:35:04.004Z] [DEBUG] Hits: gb/macos/Business/top-free 3 app(s) found
[2026-09-24T13:35:04.904Z] [DEBUG] RSS ok: gb/macos/Productivity/top-free entries=99
[2026-09-24T13:35:14.911Z] [DEBUG] Hits: gb/macos/Productivity/top-free 4 app(s) found
[2026-09-24T13:35:15.638Z] [DEBUG] RSS ok: gb/macos/Utilities/top-free entries=100
[2026-09-24T13:35:25.644Z] [DEBUG] Hits: gb/macos/Utilities/top-free 3 app(s) found
[2026-09-24T13:35:26.368Z] [DEBUG] RSS ok: ca/macos/Business/top-free entries=99
[2026-09-24T13:35:36.374Z] [DEBUG] Hits: ca/macos/Business/top-free 4 app(s) found
[2026-09-24T13:35:37.249Z] [DEBUG] RSS ok: ca/macos/Productivity/top-free entries=99
[2026-09-24T13:35:47.255Z] [DEBUG] Hits: ca/macos/Productivity/top-free 5 app(s) found
[2026-09-24T13:35:48.004Z] [DEBUG] RSS ok: ca/macos/Utilities/top-free entries=100
[2026-09-24T13:35:58.010Z] [DEBUG] Hits: ca/macos/Utilities/top-free 1 app(s) found
[2026-09-24T13:35:58.862Z] [DEBUG] RSS ok: fr/macos/Business/top-free entries=99
[2026-09-24T13:36:08.868Z] [DEBUG] Hits: fr/macos/Business/top-free 2 app(s) found
[2026-09-24T13:36:08.868Z] [INFO] RSS progress: 10/60 (10 ok, 0 error, 33 points)
[2026-09-24T13:36:09.834Z] [DEBUG] RSS ok: fr/macos/Productivity/top-free entries=99
[2026-09-24T13:36:19.840Z] [DEBUG] Hits: fr/macos/Productivity/top-free 4 app(s) found
[2026-09-24T13:36:20.777Z] [DEBUG] RSS ok: fr/macos/Utilities/top-free entries=100
[2026-09-24T13:36:31.716Z] [DEBUG] RSS ok: de/macos/Business/top-free entries=100
[2026-09-24T13:36:41.719Z] [DEBUG] Hits: de/macos/Business/top-free 1 app(s) found
[2026-09-24T13:36:42.824Z] [DEBUG] RSS ok: de/macos/Productivity/top-free entries=99
[2026-09-24T13:36:52.831Z] [DEBUG] Hits: de/macos/Productivity/top-free 4 app(s) found
[2026-09-24T13:36:53.857Z] [DEBUG] RSS ok: de/macos/Utilities/top-free entries=100
[2026-09-24T13:37:03.863Z] [DEBUG] Hits: de/macos/Utilities/top-free 2 app(s) found
[2026-09-24T13:37:04.749Z] [DEBUG] RSS ok: jp/macos/Business/top-free entries=100
[2026-09-24T13:37:14.755Z] [DEBUG] Hits: jp/macos/Business/top-free 2 app(s) found
[2026-09-24T13:37:15.643Z] [DEBUG] RSS ok: jp/macos/Productivity/top-free entries=99
[2026-09-24T13:37:25.649Z] [DEBUG] Hits: jp/macos/Productivity/top-free 3 app(s) found
[2026-09-24T13:37:26.340Z] [DEBUG] RSS ok: jp/macos/Utilities/top-free entries=100
[2026-09-24T13:37:36.346Z] [DEBUG] Hits: jp/macos/Utilities/top-free 4 app(s) found
[2026-09-24T13:37:37.165Z] [DEBUG] RSS ok: au/macos/Business/top-free entries=100
[2026-09-24T13:37:47.171Z] [DEBUG] Hits: au/macos/Business/top-free 3 app(s) found
[2026-09-24T13:37:48.125Z] [DEBUG] RSS ok: au/macos/Productivity/top-free entries=99
[2026-09-24T13:37:58.131Z] [DEBUG] Hits: au/macos/Productivity/top-free 5 app(s) found
[2026-09-24T13:37:58.131Z] [INFO] RSS progress: 20/60 (20 ok, 0 error, 61 points)
[2026-09-24T13:37:58.913Z] [DEBUG] RSS ok: au/macos/Utilities/top-free entries=100
[2026-09-24T13:38:08.919Z] [DEBUG] Hits: au/macos/Utilities/top-free 1 app(s) found
[2026-09-24T13:38:09.780Z] [DEBUG] RSS ok: es/macos/Business/top-free entries=100
[2026-09-24T13:38:19.787Z] [DEBUG] Hits: es/macos/Business/top-free 3 app(s) found
[2026-09-24T13:38:20.737Z] [DEBUG] RSS ok: es/macos/Productivity/top-free entries=99
[2026-09-24T13:38:30.743Z] [DEBUG] Hits: es/macos/Productivity/top-free 5 app(s) found
[2026-09-24T13:38:31.376Z] [DEBUG] RSS ok: es/macos/Utilities/top-free entries=100
[2026-09-24T13:38:41.382Z] [DEBUG] Hits: es/macos/Utilities/top-free 2 app(s) found
[2026-09-24T13:38:42.189Z] [DEBUG] RSS ok: it/macos/Business/top-free entries=100
[2026-09-24T13:38:52.195Z] [DEBUG] Hits: it/macos/Business/top-free 3 app(s) found
[2026-09-24T13:38:53.114Z] [DEBUG] RSS ok: it/macos/Productivity/top-free entries=99
[2026-09-24T13:39:03.120Z] [DEBUG] Hits: it/macos/Productivity/top-free 5 app(s) found
[2026-09-24T13:39:04.033Z] [DEBUG] RSS ok: it/macos/Utilities/top-free entries=100
[2026-09-24T13:39:14.040Z] [DEBUG] Hits: it/macos/Utilities/top-free 1 app(s) found
[2026-09-24T13:39:14.870Z] [DEBUG] RSS ok: pt/macos/Business/top-free entries=100
[2026-09-24T13:39:24.876Z] [DEBUG] Hits: pt/macos/Business/top-free 4 app(s) found
[2026-09-24T13:39:26.051Z] [DEBUG] RSS ok: pt/macos/Productivity/top-free entries=99
[2026-09-24T13:39:36.057Z] [DEBUG] Hits: pt/macos/Productivity/top-free 3 app(s) found
[2026-09-24T13:39:37.025Z] [DEBUG] RSS ok: pt/macos/Utilities/top-free entries=100
[2026-09-24T13:39:47.031Z] [INFO] RSS progress: 30/60 (30 ok, 0 error, 88 points)
[2026-09-24T13:39:47.937Z] [DEBUG] RSS ok: ch/macos/Business/top-free entries=99
[2026-09-24T13:39:57.943Z] [DEBUG] Hits: ch/macos/Business/top-free 1 app(s) found
[2026-09-24T13:39:58.862Z] [DEBUG] RSS ok: ch/macos/Productivity/top-free entries=99
[2026-09-24T13:40:08.868Z] [DEBUG] Hits: ch/macos/Productivity/top-free 4 app(s) found
[2026-09-24T13:40:09.692Z] [DEBUG] RSS ok: ch/macos/Utilities/top-free entries=100
[2026-09-24T13:40:19.698Z] [DEBUG] Hits: ch/macos/Utilities/top-free 2 app(s) found
[2026-09-24T13:40:20.403Z] [DEBUG] RSS ok: be/macos/Business/top-free entries=99
[2026-09-24T13:40:30.409Z] [DEBUG] Hits: be/macos/Business/top-free 4 app(s) found
[2026-09-24T13:40:31.268Z] [DEBUG] RSS ok: be/macos/Productivity/top-free entries=99
[2026-09-24T13:40:41.274Z] [DEBUG] Hits: be/macos/Productivity/top-free 6 app(s) found
[2026-09-24T13:40:42.150Z] [DEBUG] RSS ok: be/macos/Utilities/top-free entries=100
[2026-09-24T13:40:52.953Z] [DEBUG] RSS ok: nl/macos/Business/top-free entries=100
[2026-09-24T13:41:02.960Z] [DEBUG] Hits: nl/macos/Business/top-free 1 app(s) found
[2026-09-24T13:41:03.710Z] [DEBUG] RSS ok: nl/macos/Productivity/top-free entries=99
[2026-09-24T13:41:13.711Z] [DEBUG] Hits: nl/macos/Productivity/top-free 5 app(s) found
[2026-09-24T13:41:14.746Z] [DEBUG] RSS ok: nl/macos/Utilities/top-free entries=100
[2026-09-24T13:41:24.753Z] [DEBUG] Hits: nl/macos/Utilities/top-free 1 app(s) found
[2026-09-24T13:41:25.668Z] [DEBUG] RSS ok: tw/macos/Business/top-free entries=100
[2026-09-24T13:41:35.674Z] [DEBUG] Hits: tw/macos/Business/top-free 4 app(s) found
[2026-09-24T13:41:35.674Z] [INFO] RSS progress: 40/60 (40 ok, 0 error, 116 points)
[2026-09-24T13:41:36.527Z] [DEBUG] RSS ok: tw/macos/Productivity/top-free entries=99
[2026-09-24T13:41:46.533Z] [DEBUG] Hits: tw/macos/Productivity/top-free 3 app(s) found
[2026-09-24T13:41:47.395Z] [DEBUG] RSS ok: tw/macos/Utilities/top-free entries=100
[2026-09-24T13:41:57.401Z] [DEBUG] Hits: tw/macos/Utilities/top-free 1 app(s) found
[2026-09-24T13:41:58.182Z] [DEBUG] RSS ok: hk/macos/Business/top-free entries=100
[2026-09-24T13:42:08.188Z] [DEBUG] Hits: hk/macos/Business/top-free 1 app(s) found
[2026-09-24T13:42:08.975Z] [DEBUG] RSS ok: hk/macos/Productivity/top-free entries=99
[2026-09-24T13:42:18.981Z] [DEBUG] Hits: hk/macos/Productivity/top-free 4 app(s) found
[2026-09-24T13:42:19.799Z] [DEBUG] RSS ok: hk/macos/Utilities/top-free entries=100
[2026-09-24T13:42:29.804Z] [DEBUG] Hits: hk/macos/Utilities/top-free 1 app(s) found
[2026-09-24T13:42:30.654Z] [DEBUG] RSS ok: nz/macos/Business/top-free entries=99
[2026-09-24T13:42:40.660Z] [DEBUG] Hits: nz/macos/Business/top-free 2 app(s) found
[2026-09-24T13:42:41.419Z] [DEBUG] RSS ok: nz/macos/Productivity/top-free entries=99
[2026-09-24T13:42:51.426Z] [DEBUG] Hits: nz/macos/Productivity/top-free 3 app(s) found
[2026-09-24T13:42:52.204Z] [DEBUG] RSS ok: nz/macos/Utilities/top-free entries=100
[2026-09-24T13:43:02.210Z] [DEBUG] Hits: nz/macos/Utilities/top-free 1 app(s) found
[2026-09-24T13:43:03.058Z] [DEBUG] RSS ok: sg/macos/Business/top-free entries=100
[2026-09-24T13:43:13.064Z] [DEBUG] Hits: sg/macos/Business/top-free 2 app(s) found
[2026-09-24T13:43:13.942Z] [DEBUG] RSS ok: sg/macos/Productivity/top-free entries=99
[2026-09-24T13:43:23.948Z] [DEBUG] Hits: sg/macos/Productivity/top-free 3 app(s) found
[2026-09-24T13:43:23.948Z] [INFO] RSS progress: 50/60 (50 ok, 0 error, 137 points)
[2026-09-24T13:43:24.687Z] [DEBUG] RSS ok: sg/macos/Utilities/top-free entries=100
[2026-09-24T13:43:35.447Z] [DEBUG] RSS ok: in/macos/Business/top-free entries=100
[2026-09-24T13:43:45.453Z] [DEBUG] Hits: in/macos/Business/top-free 3 app(s) found
[2026-09-24T13:43:46.201Z] [DEBUG] RSS ok: in/macos/Productivity/top-free entries=99
[2026-09-24T13:43:56.207Z] [DEBUG] Hits: in/macos/Productivity/top-free 2 app(s) found
[2026-09-24T13:43:56.925Z] [DEBUG] RSS ok: in/macos/Utilities/top-free entries=100
[2026-09-24T13:44:07.775Z] [DEBUG] RSS ok: za/macos/Business/top-free entries=100
[2026-09-24T13:44:17.781Z] [DEBUG] Hits: za/macos/Business/top-free 3 app(s) found
[2026-09-24T13:44:18.721Z] [DEBUG] RSS ok: za/macos/Productivity/top-free entries=99
[2026-09-24T13:44:28.727Z] [DEBUG] Hits: za/macos/Productivity/top-free 4 app(s) found
[2026-09-24T13:44:29.537Z] [DEBUG] RSS ok: za/macos/Utilities/top-free entries=100
[2026-09-24T13:44:39.543Z] [DEBUG] Hits: za/macos/Utilities/top-free 2 app(s) found
[2026-09-24T13:44:40.458Z] [DEBUG] RSS ok: br/macos/Business/top-free entries=99
[2026-09-24T13:44:50.462Z] [DEBUG] Hits: br/macos/Business/top-free 2 app(s) found
[2026-09-24T13:44:51.350Z] [DEBUG] RSS ok: br/macos/Productivity/top-free entries=99
[2026-09-24T13:45:01.357Z] [DEBUG] Hits: br/macos/Productivity/top-free 4 app(s) found
[2026-09-24T13:45:02.187Z] [DEBUG] RSS ok: br/macos/Utilities/top-free entries=100
[2026-09-24T13:45:12.194Z] [INFO] RSS progress: 60/60 (60 ok, 0 error, 157 points)
[2026-09-24T13:45:12.194Z] [INFO] RSS fetch done: 60 ok, 0 error, 157 points
[2026-09-24T13:45:12.194Z] [INFO] Platform max returned: macos = 100
[2026-09-24T13:45:12.194Z] [INFO] RSS results: 60 ok, 0 error, 157 rank points
[2026-09-24T13:45:12.222Z] [INFO] Stored: 60 crawls, 157 points
[2026-09-24T13:45:12.223Z] [INFO] No previous round found — deltas will be null this round
[2026-09-24T13:45:12.226Z] [INFO] current.json written rows=23
[2026-09-24T13:45:12.226Z] [INFO] Current summary: on_chart=157, not_on_chart=303, depth_limited=0, crawl_error=0, total=460
[2026-09-24T13:45:12.226Z] [INFO] === Crawl complete === 651.6s
