[2026-09-26T00:17:15.093Z] [INFO] === Crawl start === ts=2026-09-26T00:00:00Z
[2026-09-26T00:17:15.097Z] [INFO] Config loaded apps=4, platforms=macos, categories=Business,Productivity,Utilities
[2026-09-26T00:17:15.097Z] [INFO] App IDs to track: 23 our=4, competitors=19
[2026-09-26T00:17:15.098Z] [INFO] Lookup needed (daily refresh), fetching 23 apps...
[2026-09-26T00:17:15.098Z] [INFO] Lookup: 23 unique IDs in 1 batch(es)
[2026-09-26T00:17:15.099Z] [DEBUG] Lookup batch 1/1: 23 IDs
[2026-09-26T00:17:15.787Z] [DEBUG] Lookup batch 1: 23 results
[2026-09-26T00:17:15.788Z] [INFO] Lookup result: 23/23 apps found
[2026-09-26T00:17:15.790Z] [INFO] Lookup done: 23/23 results
[2026-09-26T00:17:15.791Z] [INFO] RSS requests: 60 countries=20, platforms=macos, categories=Business,Productivity,Utilities
[2026-09-26T00:17:15.791Z] [INFO] RSS fetch start: 60 requests, concurrency=1
[2026-09-26T00:17:16.494Z] [DEBUG] RSS ok: us/macos/Business/top-free entries=100
[2026-09-26T00:17:26.498Z] [DEBUG] Hits: us/macos/Business/top-free 3 app(s) found
[2026-09-26T00:17:27.339Z] [DEBUG] RSS ok: us/macos/Productivity/top-free entries=99
[2026-09-26T00:17:37.345Z] [DEBUG] Hits: us/macos/Productivity/top-free 6 app(s) found
[2026-09-26T00:17:38.158Z] [DEBUG] RSS ok: us/macos/Utilities/top-free entries=100
[2026-09-26T00:17:48.164Z] [DEBUG] Hits: us/macos/Utilities/top-free 1 app(s) found
[2026-09-26T00:17:48.800Z] [DEBUG] RSS ok: gb/macos/Business/top-free entries=100
[2026-09-26T00:17:58.806Z] [DEBUG] Hits: gb/macos/Business/top-free 3 app(s) found
[2026-09-26T00:17:59.527Z] [DEBUG] RSS ok: gb/macos/Productivity/top-free entries=99
[2026-09-26T00:18:09.533Z] [DEBUG] Hits: gb/macos/Productivity/top-free 4 app(s) found
[2026-09-26T00:18:10.210Z] [DEBUG] RSS ok: gb/macos/Utilities/top-free entries=100
[2026-09-26T00:18:20.216Z] [DEBUG] Hits: gb/macos/Utilities/top-free 3 app(s) found
[2026-09-26T00:18:21.185Z] [DEBUG] RSS ok: ca/macos/Business/top-free entries=99
[2026-09-26T00:18:31.191Z] [DEBUG] Hits: ca/macos/Business/top-free 4 app(s) found
[2026-09-26T00:18:31.854Z] [DEBUG] RSS ok: ca/macos/Productivity/top-free entries=99
[2026-09-26T00:18:41.860Z] [DEBUG] Hits: ca/macos/Productivity/top-free 5 app(s) found
[2026-09-26T00:18:42.595Z] [DEBUG] RSS ok: ca/macos/Utilities/top-free entries=100
[2026-09-26T00:18:52.601Z] [DEBUG] Hits: ca/macos/Utilities/top-free 1 app(s) found
[2026-09-26T00:18:53.396Z] [DEBUG] RSS ok: fr/macos/Business/top-free entries=99
[2026-09-26T00:19:03.402Z] [DEBUG] Hits: fr/macos/Business/top-free 2 app(s) found
[2026-09-26T00:19:03.402Z] [INFO] RSS progress: 10/60 (10 ok, 0 error, 32 points)
[2026-09-26T00:19:04.124Z] [DEBUG] RSS ok: fr/macos/Productivity/top-free entries=99
[2026-09-26T00:19:14.130Z] [DEBUG] Hits: fr/macos/Productivity/top-free 5 app(s) found
[2026-09-26T00:19:14.902Z] [DEBUG] RSS ok: fr/macos/Utilities/top-free entries=100
[2026-09-26T00:19:25.664Z] [DEBUG] RSS ok: de/macos/Business/top-free entries=100
[2026-09-26T00:19:35.670Z] [DEBUG] Hits: de/macos/Business/top-free 1 app(s) found
[2026-09-26T00:19:36.640Z] [DEBUG] RSS ok: de/macos/Productivity/top-free entries=99
[2026-09-26T00:19:46.645Z] [DEBUG] Hits: de/macos/Productivity/top-free 4 app(s) found
[2026-09-26T00:19:47.538Z] [DEBUG] RSS ok: de/macos/Utilities/top-free entries=100
[2026-09-26T00:19:57.545Z] [DEBUG] Hits: de/macos/Utilities/top-free 3 app(s) found
[2026-09-26T00:19:58.297Z] [DEBUG] RSS ok: jp/macos/Business/top-free entries=99
[2026-09-26T00:20:08.303Z] [DEBUG] Hits: jp/macos/Business/top-free 2 app(s) found
[2026-09-26T00:20:09.226Z] [DEBUG] RSS ok: jp/macos/Productivity/top-free entries=99
[2026-09-26T00:20:19.233Z] [DEBUG] Hits: jp/macos/Productivity/top-free 3 app(s) found
[2026-09-26T00:20:19.948Z] [DEBUG] RSS ok: jp/macos/Utilities/top-free entries=100
[2026-09-26T00:20:29.954Z] [DEBUG] Hits: jp/macos/Utilities/top-free 4 app(s) found
[2026-09-26T00:20:30.755Z] [DEBUG] RSS ok: au/macos/Business/top-free entries=100
[2026-09-26T00:20:40.762Z] [DEBUG] Hits: au/macos/Business/top-free 4 app(s) found
[2026-09-26T00:20:42.365Z] [DEBUG] RSS ok: au/macos/Productivity/top-free entries=99
[2026-09-26T00:20:52.371Z] [DEBUG] Hits: au/macos/Productivity/top-free 4 app(s) found
[2026-09-26T00:20:52.371Z] [INFO] RSS progress: 20/60 (20 ok, 0 error, 62 points)
[2026-09-26T00:20:53.187Z] [DEBUG] RSS ok: au/macos/Utilities/top-free entries=100
[2026-09-26T00:21:03.193Z] [DEBUG] Hits: au/macos/Utilities/top-free 1 app(s) found
[2026-09-26T00:21:04.066Z] [DEBUG] RSS ok: es/macos/Business/top-free entries=100
[2026-09-26T00:21:14.072Z] [DEBUG] Hits: es/macos/Business/top-free 3 app(s) found
[2026-09-26T00:21:14.868Z] [DEBUG] RSS ok: es/macos/Productivity/top-free entries=99
[2026-09-26T00:21:24.870Z] [DEBUG] Hits: es/macos/Productivity/top-free 5 app(s) found
[2026-09-26T00:21:25.612Z] [DEBUG] RSS ok: es/macos/Utilities/top-free entries=100
[2026-09-26T00:21:35.618Z] [DEBUG] Hits: es/macos/Utilities/top-free 1 app(s) found
[2026-09-26T00:21:36.500Z] [DEBUG] RSS ok: it/macos/Business/top-free entries=100
[2026-09-26T00:21:46.506Z] [DEBUG] Hits: it/macos/Business/top-free 2 app(s) found
[2026-09-26T00:21:47.213Z] [DEBUG] RSS ok: it/macos/Productivity/top-free entries=99
[2026-09-26T00:21:57.219Z] [DEBUG] Hits: it/macos/Productivity/top-free 5 app(s) found
[2026-09-26T00:21:58.083Z] [DEBUG] RSS ok: it/macos/Utilities/top-free entries=100
[2026-09-26T00:22:08.087Z] [DEBUG] Hits: it/macos/Utilities/top-free 1 app(s) found
[2026-09-26T00:22:08.773Z] [DEBUG] RSS ok: pt/macos/Business/top-free entries=99
[2026-09-26T00:22:18.779Z] [DEBUG] Hits: pt/macos/Business/top-free 3 app(s) found
[2026-09-26T00:22:19.529Z] [DEBUG] RSS ok: pt/macos/Productivity/top-free entries=99
[2026-09-26T00:22:29.536Z] [DEBUG] Hits: pt/macos/Productivity/top-free 3 app(s) found
[2026-09-26T00:22:30.215Z] [DEBUG] RSS ok: pt/macos/Utilities/top-free entries=100
[2026-09-26T00:22:40.222Z] [INFO] RSS progress: 30/60 (30 ok, 0 error, 86 points)
[2026-09-26T00:22:41.079Z] [DEBUG] RSS ok: ch/macos/Business/top-free entries=100
[2026-09-26T00:22:51.085Z] [DEBUG] Hits: ch/macos/Business/top-free 1 app(s) found
[2026-09-26T00:22:51.839Z] [DEBUG] RSS ok: ch/macos/Productivity/top-free entries=99
[2026-09-26T00:23:01.845Z] [DEBUG] Hits: ch/macos/Productivity/top-free 4 app(s) found
[2026-09-26T00:23:02.703Z] [DEBUG] RSS ok: ch/macos/Utilities/top-free entries=100
[2026-09-26T00:23:12.710Z] [DEBUG] Hits: ch/macos/Utilities/top-free 2 app(s) found
[2026-09-26T00:23:13.432Z] [DEBUG] RSS ok: be/macos/Business/top-free entries=100
[2026-09-26T00:23:23.438Z] [DEBUG] Hits: be/macos/Business/top-free 3 app(s) found
[2026-09-26T00:23:24.218Z] [DEBUG] RSS ok: be/macos/Productivity/top-free entries=99
[2026-09-26T00:23:34.224Z] [DEBUG] Hits: be/macos/Productivity/top-free 5 app(s) found
[2026-09-26T00:23:36.291Z] [DEBUG] RSS ok: be/macos/Utilities/top-free entries=100
[2026-09-26T00:23:47.006Z] [DEBUG] RSS ok: nl/macos/Business/top-free entries=100
[2026-09-26T00:23:57.012Z] [DEBUG] Hits: nl/macos/Business/top-free 1 app(s) found
[2026-09-26T00:23:57.838Z] [DEBUG] RSS ok: nl/macos/Productivity/top-free entries=99
[2026-09-26T00:24:07.844Z] [DEBUG] Hits: nl/macos/Productivity/top-free 4 app(s) found
[2026-09-26T00:24:08.544Z] [DEBUG] RSS ok: nl/macos/Utilities/top-free entries=100
[2026-09-26T00:24:19.306Z] [DEBUG] RSS ok: tw/macos/Business/top-free entries=100
[2026-09-26T00:24:29.312Z] [DEBUG] Hits: tw/macos/Business/top-free 2 app(s) found
[2026-09-26T00:24:29.312Z] [INFO] RSS progress: 40/60 (40 ok, 0 error, 108 points)
[2026-09-26T00:24:30.402Z] [DEBUG] RSS ok: tw/macos/Productivity/top-free entries=99
[2026-09-26T00:24:40.408Z] [DEBUG] Hits: tw/macos/Productivity/top-free 4 app(s) found
[2026-09-26T00:24:41.078Z] [DEBUG] RSS ok: tw/macos/Utilities/top-free entries=100
[2026-09-26T00:24:51.899Z] [DEBUG] RSS ok: hk/macos/Business/top-free entries=100
[2026-09-26T00:25:01.904Z] [DEBUG] Hits: hk/macos/Business/top-free 1 app(s) found
[2026-09-26T00:25:02.605Z] [DEBUG] RSS ok: hk/macos/Productivity/top-free entries=99
[2026-09-26T00:25:12.611Z] [DEBUG] Hits: hk/macos/Productivity/top-free 4 app(s) found
[2026-09-26T00:25:13.540Z] [DEBUG] RSS ok: hk/macos/Utilities/top-free entries=100
[2026-09-26T00:25:24.386Z] [DEBUG] RSS ok: nz/macos/Business/top-free entries=100
[2026-09-26T00:25:34.392Z] [DEBUG] Hits: nz/macos/Business/top-free 2 app(s) found
[2026-09-26T00:25:35.176Z] [DEBUG] RSS ok: nz/macos/Productivity/top-free entries=99
[2026-09-26T00:25:45.182Z] [DEBUG] Hits: nz/macos/Productivity/top-free 4 app(s) found
[2026-09-26T00:25:46.222Z] [DEBUG] RSS ok: nz/macos/Utilities/top-free entries=100
[2026-09-26T00:25:56.228Z] [DEBUG] Hits: nz/macos/Utilities/top-free 1 app(s) found
[2026-09-26T00:25:57.067Z] [DEBUG] RSS ok: sg/macos/Business/top-free entries=100
[2026-09-26T00:26:07.073Z] [DEBUG] Hits: sg/macos/Business/top-free 2 app(s) found
[2026-09-26T00:26:07.691Z] [DEBUG] RSS ok: sg/macos/Productivity/top-free entries=99
[2026-09-26T00:26:17.697Z] [DEBUG] Hits: sg/macos/Productivity/top-free 3 app(s) found
[2026-09-26T00:26:17.697Z] [INFO] RSS progress: 50/60 (50 ok, 0 error, 129 points)
[2026-09-26T00:26:18.344Z] [DEBUG] RSS ok: sg/macos/Utilities/top-free entries=100
[2026-09-26T00:26:28.976Z] [DEBUG] RSS ok: in/macos/Business/top-free entries=100
[2026-09-26T00:26:38.982Z] [DEBUG] Hits: in/macos/Business/top-free 3 app(s) found
[2026-09-26T00:26:39.792Z] [DEBUG] RSS ok: in/macos/Productivity/top-free entries=99
[2026-09-26T00:26:49.798Z] [DEBUG] Hits: in/macos/Productivity/top-free 2 app(s) found
[2026-09-26T00:26:50.815Z] [DEBUG] RSS ok: in/macos/Utilities/top-free entries=100
[2026-09-26T00:27:01.776Z] [DEBUG] RSS ok: za/macos/Business/top-free entries=100
[2026-09-26T00:27:11.782Z] [DEBUG] Hits: za/macos/Business/top-free 2 app(s) found
[2026-09-26T00:27:12.444Z] [DEBUG] RSS ok: za/macos/Productivity/top-free entries=99
[2026-09-26T00:27:22.450Z] [DEBUG] Hits: za/macos/Productivity/top-free 4 app(s) found
[2026-09-26T00:27:23.244Z] [DEBUG] RSS ok: za/macos/Utilities/top-free entries=100
[2026-09-26T00:27:33.250Z] [DEBUG] Hits: za/macos/Utilities/top-free 1 app(s) found
[2026-09-26T00:27:34.155Z] [DEBUG] RSS ok: br/macos/Business/top-free entries=100
[2026-09-26T00:27:44.161Z] [DEBUG] Hits: br/macos/Business/top-free 2 app(s) found
[2026-09-26T00:27:44.925Z] [DEBUG] RSS ok: br/macos/Productivity/top-free entries=99
[2026-09-26T00:27:54.931Z] [DEBUG] Hits: br/macos/Productivity/top-free 4 app(s) found
[2026-09-26T00:27:55.738Z] [DEBUG] RSS ok: br/macos/Utilities/top-free entries=100
[2026-09-26T00:28:05.744Z] [INFO] RSS progress: 60/60 (60 ok, 0 error, 147 points)
[2026-09-26T00:28:05.744Z] [INFO] RSS fetch done: 60 ok, 0 error, 147 points
[2026-09-26T00:28:05.744Z] [INFO] Platform max returned: macos = 100
[2026-09-26T00:28:05.745Z] [INFO] RSS results: 60 ok, 0 error, 147 rank points
[2026-09-26T00:28:05.778Z] [INFO] Stored: 60 crawls, 147 points
[2026-09-26T00:28:05.794Z] [INFO] current.json written rows=23
[2026-09-26T00:28:05.795Z] [INFO] Current summary: on_chart=147, not_on_chart=313, depth_limited=0, crawl_error=0, total=460
[2026-09-26T00:28:05.795Z] [INFO] === Crawl complete === 650.7s
[2026-09-26T01:17:16.652Z] [INFO] === Crawl start === ts=2026-09-26T01:00:00Z
[2026-09-26T01:17:16.656Z] [INFO] Config loaded apps=4, platforms=macos, categories=Business,Productivity,Utilities
[2026-09-26T01:17:16.656Z] [INFO] App IDs to track: 23 our=4, competitors=19
[2026-09-26T01:17:16.657Z] [INFO] Lookup cached fetched_at=2026-09-26T00:17:15.788Z, 23 apps
[2026-09-26T01:17:16.658Z] [INFO] RSS requests: 60 countries=20, platforms=macos, categories=Business,Productivity,Utilities
[2026-09-26T01:17:16.658Z] [INFO] RSS fetch start: 60 requests, concurrency=1
[2026-09-26T01:17:17.721Z] [DEBUG] RSS ok: us/macos/Business/top-free entries=100
[2026-09-26T01:17:27.724Z] [DEBUG] Hits: us/macos/Business/top-free 3 app(s) found
[2026-09-26T01:17:28.460Z] [DEBUG] RSS ok: us/macos/Productivity/top-free entries=99
[2026-09-26T01:17:38.467Z] [DEBUG] Hits: us/macos/Productivity/top-free 6 app(s) found
[2026-09-26T01:17:41.179Z] [DEBUG] RSS ok: us/macos/Utilities/top-free entries=100
[2026-09-26T01:17:51.186Z] [DEBUG] Hits: us/macos/Utilities/top-free 1 app(s) found
[2026-09-26T01:17:52.037Z] [DEBUG] RSS ok: gb/macos/Business/top-free entries=100
[2026-09-26T01:18:02.043Z] [DEBUG] Hits: gb/macos/Business/top-free 3 app(s) found
[2026-09-26T01:18:02.947Z] [DEBUG] RSS ok: gb/macos/Productivity/top-free entries=99
[2026-09-26T01:18:12.953Z] [DEBUG] Hits: gb/macos/Productivity/top-free 4 app(s) found
[2026-09-26T01:18:13.700Z] [DEBUG] RSS ok: gb/macos/Utilities/top-free entries=100
[2026-09-26T01:18:23.706Z] [DEBUG] Hits: gb/macos/Utilities/top-free 3 app(s) found
[2026-09-26T01:18:24.504Z] [DEBUG] RSS ok: ca/macos/Business/top-free entries=99
[2026-09-26T01:18:34.510Z] [DEBUG] Hits: ca/macos/Business/top-free 4 app(s) found
[2026-09-26T01:18:35.663Z] [DEBUG] RSS ok: ca/macos/Productivity/top-free entries=99
[2026-09-26T01:18:45.669Z] [DEBUG] Hits: ca/macos/Productivity/top-free 5 app(s) found
[2026-09-26T01:18:46.622Z] [DEBUG] RSS ok: ca/macos/Utilities/top-free entries=100
[2026-09-26T01:18:56.629Z] [DEBUG] Hits: ca/macos/Utilities/top-free 1 app(s) found
[2026-09-26T01:18:57.579Z] [DEBUG] RSS ok: fr/macos/Business/top-free entries=99
[2026-09-26T01:19:07.585Z] [DEBUG] Hits: fr/macos/Business/top-free 2 app(s) found
[2026-09-26T01:19:07.586Z] [INFO] RSS progress: 10/60 (10 ok, 0 error, 32 points)
[2026-09-26T01:19:09.818Z] [DEBUG] RSS ok: fr/macos/Productivity/top-free entries=99
[2026-09-26T01:19:19.824Z] [DEBUG] Hits: fr/macos/Productivity/top-free 5 app(s) found
[2026-09-26T01:19:20.581Z] [DEBUG] RSS ok: fr/macos/Utilities/top-free entries=100
[2026-09-26T01:19:31.483Z] [DEBUG] RSS ok: de/macos/Business/top-free entries=100
[2026-09-26T01:19:41.489Z] [DEBUG] Hits: de/macos/Business/top-free 1 app(s) found
[2026-09-26T01:19:42.415Z] [DEBUG] RSS ok: de/macos/Productivity/top-free entries=99
[2026-09-26T01:19:52.419Z] [DEBUG] Hits: de/macos/Productivity/top-free 4 app(s) found
[2026-09-26T01:19:53.320Z] [DEBUG] RSS ok: de/macos/Utilities/top-free entries=100
[2026-09-26T01:20:03.325Z] [DEBUG] Hits: de/macos/Utilities/top-free 3 app(s) found
[2026-09-26T01:20:06.585Z] [DEBUG] RSS ok: jp/macos/Business/top-free entries=99
[2026-09-26T01:20:16.591Z] [DEBUG] Hits: jp/macos/Business/top-free 3 app(s) found
[2026-09-26T01:20:18.154Z] [DEBUG] RSS ok: jp/macos/Productivity/top-free entries=99
[2026-09-26T01:20:28.160Z] [DEBUG] Hits: jp/macos/Productivity/top-free 2 app(s) found
[2026-09-26T01:20:29.155Z] [DEBUG] RSS ok: jp/macos/Utilities/top-free entries=100
[2026-09-26T01:20:39.161Z] [DEBUG] Hits: jp/macos/Utilities/top-free 4 app(s) found
[2026-09-26T01:20:40.157Z] [DEBUG] RSS ok: au/macos/Business/top-free entries=100
[2026-09-26T01:20:50.162Z] [DEBUG] Hits: au/macos/Business/top-free 4 app(s) found
[2026-09-26T01:20:51.305Z] [DEBUG] RSS ok: au/macos/Productivity/top-free entries=99
[2026-09-26T01:21:01.311Z] [DEBUG] Hits: au/macos/Productivity/top-free 5 app(s) found
[2026-09-26T01:21:01.311Z] [INFO] RSS progress: 20/60 (20 ok, 0 error, 63 points)
[2026-09-26T01:21:02.334Z] [DEBUG] RSS ok: au/macos/Utilities/top-free entries=100
[2026-09-26T01:21:12.339Z] [DEBUG] Hits: au/macos/Utilities/top-free 1 app(s) found
[2026-09-26T01:21:13.600Z] [DEBUG] RSS ok: es/macos/Business/top-free entries=100
[2026-09-26T01:21:23.605Z] [DEBUG] Hits: es/macos/Business/top-free 3 app(s) found
[2026-09-26T01:21:24.442Z] [DEBUG] RSS ok: es/macos/Productivity/top-free entries=99
[2026-09-26T01:21:34.448Z] [DEBUG] Hits: es/macos/Productivity/top-free 5 app(s) found
[2026-09-26T01:21:35.140Z] [DEBUG] RSS ok: es/macos/Utilities/top-free entries=100
[2026-09-26T01:21:45.145Z] [DEBUG] Hits: es/macos/Utilities/top-free 1 app(s) found
[2026-09-26T01:21:46.008Z] [DEBUG] RSS ok: it/macos/Business/top-free entries=100
[2026-09-26T01:21:56.014Z] [DEBUG] Hits: it/macos/Business/top-free 2 app(s) found
[2026-09-26T01:21:56.915Z] [DEBUG] RSS ok: it/macos/Productivity/top-free entries=99
[2026-09-26T01:22:06.921Z] [DEBUG] Hits: it/macos/Productivity/top-free 5 app(s) found
[2026-09-26T01:22:08.015Z] [DEBUG] RSS ok: it/macos/Utilities/top-free entries=100
[2026-09-26T01:22:18.022Z] [DEBUG] Hits: it/macos/Utilities/top-free 1 app(s) found
[2026-09-26T01:22:18.777Z] [DEBUG] RSS ok: pt/macos/Business/top-free entries=99
[2026-09-26T01:22:28.783Z] [DEBUG] Hits: pt/macos/Business/top-free 4 app(s) found
[2026-09-26T01:22:29.908Z] [DEBUG] RSS ok: pt/macos/Productivity/top-free entries=99
[2026-09-26T01:22:39.914Z] [DEBUG] Hits: pt/macos/Productivity/top-free 3 app(s) found
[2026-09-26T01:22:40.981Z] [DEBUG] RSS ok: pt/macos/Utilities/top-free entries=100
[2026-09-26T01:22:50.987Z] [INFO] RSS progress: 30/60 (30 ok, 0 error, 88 points)
[2026-09-26T01:22:52.028Z] [DEBUG] RSS ok: ch/macos/Business/top-free entries=100
[2026-09-26T01:23:02.034Z] [DEBUG] Hits: ch/macos/Business/top-free 1 app(s) found
[2026-09-26T01:23:02.856Z] [DEBUG] RSS ok: ch/macos/Productivity/top-free entries=99
[2026-09-26T01:23:12.862Z] [DEBUG] Hits: ch/macos/Productivity/top-free 4 app(s) found
[2026-09-26T01:23:13.871Z] [DEBUG] RSS ok: ch/macos/Utilities/top-free entries=100
[2026-09-26T01:23:23.877Z] [DEBUG] Hits: ch/macos/Utilities/top-free 2 app(s) found
[2026-09-26T01:23:24.755Z] [DEBUG] RSS ok: be/macos/Business/top-free entries=100
[2026-09-26T01:23:34.762Z] [DEBUG] Hits: be/macos/Business/top-free 3 app(s) found
[2026-09-26T01:23:35.655Z] [DEBUG] RSS ok: be/macos/Productivity/top-free entries=99
[2026-09-26T01:23:45.656Z] [DEBUG] Hits: be/macos/Productivity/top-free 5 app(s) found
[2026-09-26T01:23:46.511Z] [DEBUG] RSS ok: be/macos/Utilities/top-free entries=100
[2026-09-26T01:23:57.422Z] [DEBUG] RSS ok: nl/macos/Business/top-free entries=99
[2026-09-26T01:24:07.429Z] [DEBUG] Hits: nl/macos/Business/top-free 1 app(s) found
[2026-09-26T01:24:08.429Z] [DEBUG] RSS ok: nl/macos/Productivity/top-free entries=99
[2026-09-26T01:24:18.436Z] [DEBUG] Hits: nl/macos/Productivity/top-free 4 app(s) found
[2026-09-26T01:24:19.278Z] [DEBUG] RSS ok: nl/macos/Utilities/top-free entries=100
[2026-09-26T01:24:30.226Z] [DEBUG] RSS ok: tw/macos/Business/top-free entries=100
[2026-09-26T01:24:40.232Z] [DEBUG] Hits: tw/macos/Business/top-free 2 app(s) found
[2026-09-26T01:24:40.233Z] [INFO] RSS progress: 40/60 (40 ok, 0 error, 110 points)
[2026-09-26T01:24:41.138Z] [DEBUG] RSS ok: tw/macos/Productivity/top-free entries=99
[2026-09-26T01:24:51.144Z] [DEBUG] Hits: tw/macos/Productivity/top-free 4 app(s) found
[2026-09-26T01:24:52.013Z] [DEBUG] RSS ok: tw/macos/Utilities/top-free entries=100
[2026-09-26T01:25:02.735Z] [DEBUG] RSS ok: hk/macos/Business/top-free entries=100
[2026-09-26T01:25:12.741Z] [DEBUG] Hits: hk/macos/Business/top-free 1 app(s) found
[2026-09-26T01:25:13.553Z] [DEBUG] RSS ok: hk/macos/Productivity/top-free entries=99
[2026-09-26T01:25:23.559Z] [DEBUG] Hits: hk/macos/Productivity/top-free 4 app(s) found
[2026-09-26T01:25:24.393Z] [DEBUG] RSS ok: hk/macos/Utilities/top-free entries=100
[2026-09-26T01:25:34.394Z] [DEBUG] Hits: hk/macos/Utilities/top-free 1 app(s) found
[2026-09-26T01:25:35.409Z] [DEBUG] RSS ok: nz/macos/Business/top-free entries=100
[2026-09-26T01:25:45.415Z] [DEBUG] Hits: nz/macos/Business/top-free 2 app(s) found
[2026-09-26T01:25:46.097Z] [DEBUG] RSS ok: nz/macos/Productivity/top-free entries=99
[2026-09-26T01:25:56.102Z] [DEBUG] Hits: nz/macos/Productivity/top-free 4 app(s) found
[2026-09-26T01:25:57.016Z] [DEBUG] RSS ok: nz/macos/Utilities/top-free entries=100
[2026-09-26T01:26:07.022Z] [DEBUG] Hits: nz/macos/Utilities/top-free 3 app(s) found
[2026-09-26T01:26:08.148Z] [DEBUG] RSS ok: sg/macos/Business/top-free entries=100
[2026-09-26T01:26:18.155Z] [DEBUG] Hits: sg/macos/Business/top-free 2 app(s) found
[2026-09-26T01:26:19.166Z] [DEBUG] RSS ok: sg/macos/Productivity/top-free entries=99
[2026-09-26T01:26:29.172Z] [DEBUG] Hits: sg/macos/Productivity/top-free 3 app(s) found
[2026-09-26T01:26:29.172Z] [INFO] RSS progress: 50/60 (50 ok, 0 error, 134 points)
[2026-09-26T01:26:30.546Z] [DEBUG] RSS ok: sg/macos/Utilities/top-free entries=100
[2026-09-26T01:26:41.596Z] [DEBUG] RSS ok: in/macos/Business/top-free entries=100
[2026-09-26T01:26:51.602Z] [DEBUG] Hits: in/macos/Business/top-free 3 app(s) found
[2026-09-26T01:26:52.412Z] [DEBUG] RSS ok: in/macos/Productivity/top-free entries=99
[2026-09-26T01:27:02.418Z] [DEBUG] Hits: in/macos/Productivity/top-free 2 app(s) found
[2026-09-26T01:27:03.274Z] [DEBUG] RSS ok: in/macos/Utilities/top-free entries=100
[2026-09-26T01:27:14.113Z] [DEBUG] RSS ok: za/macos/Business/top-free entries=100
[2026-09-26T01:27:24.119Z] [DEBUG] Hits: za/macos/Business/top-free 2 app(s) found
[2026-09-26T01:27:25.089Z] [DEBUG] RSS ok: za/macos/Productivity/top-free entries=99
[2026-09-26T01:27:35.095Z] [DEBUG] Hits: za/macos/Productivity/top-free 5 app(s) found
[2026-09-26T01:27:35.946Z] [DEBUG] RSS ok: za/macos/Utilities/top-free entries=100
[2026-09-26T01:27:45.952Z] [DEBUG] Hits: za/macos/Utilities/top-free 1 app(s) found
[2026-09-26T01:27:46.802Z] [DEBUG] RSS ok: br/macos/Business/top-free entries=100
[2026-09-26T01:27:56.808Z] [DEBUG] Hits: br/macos/Business/top-free 2 app(s) found
[2026-09-26T01:27:57.645Z] [DEBUG] RSS ok: br/macos/Productivity/top-free entries=99
[2026-09-26T01:28:07.651Z] [DEBUG] Hits: br/macos/Productivity/top-free 4 app(s) found
[2026-09-26T01:28:08.533Z] [DEBUG] RSS ok: br/macos/Utilities/top-free entries=100
[2026-09-26T01:28:18.540Z] [DEBUG] Hits: br/macos/Utilities/top-free 1 app(s) found
[2026-09-26T01:28:18.540Z] [INFO] RSS progress: 60/60 (60 ok, 0 error, 154 points)
[2026-09-26T01:28:18.540Z] [INFO] RSS fetch done: 60 ok, 0 error, 154 points
[2026-09-26T01:28:18.540Z] [INFO] Platform max returned: macos = 100
[2026-09-26T01:28:18.540Z] [INFO] RSS results: 60 ok, 0 error, 154 rank points
[2026-09-26T01:28:18.574Z] [INFO] Stored: 60 crawls, 154 points
[2026-09-26T01:28:18.595Z] [INFO] current.json written rows=23
[2026-09-26T01:28:18.595Z] [INFO] Current summary: on_chart=154, not_on_chart=306, depth_limited=0, crawl_error=0, total=460
[2026-09-26T01:28:18.596Z] [INFO] === Crawl complete === 661.9s
