[2026-09-28T00:17:15.502Z] [INFO] === Crawl start === ts=2026-09-28T00:00:00Z
[2026-09-28T00:17:15.506Z] [INFO] Config loaded apps=4, platforms=macos, categories=Business,Productivity,Utilities
[2026-09-28T00:17:15.506Z] [INFO] App IDs to track: 23 our=4, competitors=19
[2026-09-28T00:17:15.507Z] [INFO] Lookup needed (daily refresh), fetching 23 apps...
[2026-09-28T00:17:15.507Z] [INFO] Lookup: 23 unique IDs in 1 batch(es)
[2026-09-28T00:17:15.508Z] [DEBUG] Lookup batch 1/1: 23 IDs
[2026-09-28T00:17:16.207Z] [DEBUG] Lookup batch 1: 23 results
[2026-09-28T00:17:16.208Z] [INFO] Lookup result: 23/23 apps found
[2026-09-28T00:17:16.210Z] [INFO] Lookup done: 23/23 results
[2026-09-28T00:17:16.211Z] [INFO] RSS requests: 60 countries=20, platforms=macos, categories=Business,Productivity,Utilities
[2026-09-28T00:17:16.211Z] [INFO] RSS fetch start: 60 requests, concurrency=1
[2026-09-28T00:17:16.914Z] [DEBUG] RSS ok: us/macos/Business/top-free entries=100
[2026-09-28T00:17:26.917Z] [DEBUG] Hits: us/macos/Business/top-free 3 app(s) found
[2026-09-28T00:17:27.614Z] [DEBUG] RSS ok: us/macos/Productivity/top-free entries=99
[2026-09-28T00:17:37.621Z] [DEBUG] Hits: us/macos/Productivity/top-free 6 app(s) found
[2026-09-28T00:17:38.405Z] [DEBUG] RSS ok: us/macos/Utilities/top-free entries=100
[2026-09-28T00:17:48.411Z] [DEBUG] Hits: us/macos/Utilities/top-free 1 app(s) found
[2026-09-28T00:17:49.649Z] [DEBUG] RSS ok: gb/macos/Business/top-free entries=100
[2026-09-28T00:17:59.656Z] [DEBUG] Hits: gb/macos/Business/top-free 2 app(s) found
[2026-09-28T00:18:00.564Z] [DEBUG] RSS ok: gb/macos/Productivity/top-free entries=99
[2026-09-28T00:18:10.571Z] [DEBUG] Hits: gb/macos/Productivity/top-free 5 app(s) found
[2026-09-28T00:18:11.229Z] [DEBUG] RSS ok: gb/macos/Utilities/top-free entries=100
[2026-09-28T00:18:21.236Z] [DEBUG] Hits: gb/macos/Utilities/top-free 3 app(s) found
[2026-09-28T00:18:22.792Z] [DEBUG] RSS ok: ca/macos/Business/top-free entries=99
[2026-09-28T00:18:32.799Z] [DEBUG] Hits: ca/macos/Business/top-free 3 app(s) found
[2026-09-28T00:18:33.549Z] [DEBUG] RSS ok: ca/macos/Productivity/top-free entries=99
[2026-09-28T00:18:43.555Z] [DEBUG] Hits: ca/macos/Productivity/top-free 5 app(s) found
[2026-09-28T00:18:44.449Z] [DEBUG] RSS ok: ca/macos/Utilities/top-free entries=100
[2026-09-28T00:18:54.455Z] [DEBUG] Hits: ca/macos/Utilities/top-free 1 app(s) found
[2026-09-28T00:18:55.724Z] [DEBUG] RSS ok: fr/macos/Business/top-free entries=99
[2026-09-28T00:19:05.730Z] [DEBUG] Hits: fr/macos/Business/top-free 3 app(s) found
[2026-09-28T00:19:05.730Z] [INFO] RSS progress: 10/60 (10 ok, 0 error, 32 points)
[2026-09-28T00:19:06.580Z] [DEBUG] RSS ok: fr/macos/Productivity/top-free entries=99
[2026-09-28T00:19:16.586Z] [DEBUG] Hits: fr/macos/Productivity/top-free 4 app(s) found
[2026-09-28T00:19:17.395Z] [DEBUG] RSS ok: fr/macos/Utilities/top-free entries=100
[2026-09-28T00:19:27.402Z] [DEBUG] Hits: fr/macos/Utilities/top-free 2 app(s) found
[2026-09-28T00:19:28.128Z] [DEBUG] RSS ok: de/macos/Business/top-free entries=99
[2026-09-28T00:19:38.134Z] [DEBUG] Hits: de/macos/Business/top-free 2 app(s) found
[2026-09-28T00:19:38.988Z] [DEBUG] RSS ok: de/macos/Productivity/top-free entries=99
[2026-09-28T00:19:48.994Z] [DEBUG] Hits: de/macos/Productivity/top-free 4 app(s) found
[2026-09-28T00:19:49.715Z] [DEBUG] RSS ok: de/macos/Utilities/top-free entries=100
[2026-09-28T00:19:59.721Z] [DEBUG] Hits: de/macos/Utilities/top-free 3 app(s) found
[2026-09-28T00:20:00.753Z] [DEBUG] RSS ok: jp/macos/Business/top-free entries=100
[2026-09-28T00:20:10.759Z] [DEBUG] Hits: jp/macos/Business/top-free 2 app(s) found
[2026-09-28T00:20:11.587Z] [DEBUG] RSS ok: jp/macos/Productivity/top-free entries=99
[2026-09-28T00:20:21.593Z] [DEBUG] Hits: jp/macos/Productivity/top-free 3 app(s) found
[2026-09-28T00:20:22.340Z] [DEBUG] RSS ok: jp/macos/Utilities/top-free entries=100
[2026-09-28T00:20:32.346Z] [DEBUG] Hits: jp/macos/Utilities/top-free 4 app(s) found
[2026-09-28T00:20:33.206Z] [DEBUG] RSS ok: au/macos/Business/top-free entries=100
[2026-09-28T00:20:43.212Z] [DEBUG] Hits: au/macos/Business/top-free 2 app(s) found
[2026-09-28T00:20:43.956Z] [DEBUG] RSS ok: au/macos/Productivity/top-free entries=99
[2026-09-28T00:20:53.963Z] [DEBUG] Hits: au/macos/Productivity/top-free 5 app(s) found
[2026-09-28T00:20:53.963Z] [INFO] RSS progress: 20/60 (20 ok, 0 error, 63 points)
[2026-09-28T00:20:54.916Z] [DEBUG] RSS ok: au/macos/Utilities/top-free entries=100
[2026-09-28T00:21:04.922Z] [DEBUG] Hits: au/macos/Utilities/top-free 2 app(s) found
[2026-09-28T00:21:05.824Z] [DEBUG] RSS ok: es/macos/Business/top-free entries=98
[2026-09-28T00:21:15.831Z] [DEBUG] Hits: es/macos/Business/top-free 3 app(s) found
[2026-09-28T00:21:16.726Z] [DEBUG] RSS ok: es/macos/Productivity/top-free entries=99
[2026-09-28T00:21:26.728Z] [DEBUG] Hits: es/macos/Productivity/top-free 5 app(s) found
[2026-09-28T00:21:27.610Z] [DEBUG] RSS ok: es/macos/Utilities/top-free entries=100
[2026-09-28T00:21:37.616Z] [DEBUG] Hits: es/macos/Utilities/top-free 1 app(s) found
[2026-09-28T00:21:38.423Z] [DEBUG] RSS ok: it/macos/Business/top-free entries=99
[2026-09-28T00:21:48.428Z] [DEBUG] Hits: it/macos/Business/top-free 3 app(s) found
[2026-09-28T00:21:49.279Z] [DEBUG] RSS ok: it/macos/Productivity/top-free entries=99
[2026-09-28T00:21:59.283Z] [DEBUG] Hits: it/macos/Productivity/top-free 5 app(s) found
[2026-09-28T00:21:59.910Z] [DEBUG] RSS ok: it/macos/Utilities/top-free entries=100
[2026-09-28T00:22:09.917Z] [DEBUG] Hits: it/macos/Utilities/top-free 2 app(s) found
[2026-09-28T00:22:10.905Z] [DEBUG] RSS ok: pt/macos/Business/top-free entries=99
[2026-09-28T00:22:20.911Z] [DEBUG] Hits: pt/macos/Business/top-free 4 app(s) found
[2026-09-28T00:22:21.669Z] [DEBUG] RSS ok: pt/macos/Productivity/top-free entries=99
[2026-09-28T00:22:31.676Z] [DEBUG] Hits: pt/macos/Productivity/top-free 3 app(s) found
[2026-09-28T00:22:32.550Z] [DEBUG] RSS ok: pt/macos/Utilities/top-free entries=100
[2026-09-28T00:22:42.556Z] [INFO] RSS progress: 30/60 (30 ok, 0 error, 91 points)
[2026-09-28T00:22:43.402Z] [DEBUG] RSS ok: ch/macos/Business/top-free entries=100
[2026-09-28T00:22:53.406Z] [DEBUG] Hits: ch/macos/Business/top-free 2 app(s) found
[2026-09-28T00:22:54.274Z] [DEBUG] RSS ok: ch/macos/Productivity/top-free entries=99
[2026-09-28T00:23:04.275Z] [DEBUG] Hits: ch/macos/Productivity/top-free 4 app(s) found
[2026-09-28T00:23:05.302Z] [DEBUG] RSS ok: ch/macos/Utilities/top-free entries=100
[2026-09-28T00:23:15.308Z] [DEBUG] Hits: ch/macos/Utilities/top-free 1 app(s) found
[2026-09-28T00:23:16.122Z] [DEBUG] RSS ok: be/macos/Business/top-free entries=100
[2026-09-28T00:23:26.125Z] [DEBUG] Hits: be/macos/Business/top-free 2 app(s) found
[2026-09-28T00:23:26.864Z] [DEBUG] RSS ok: be/macos/Productivity/top-free entries=99
[2026-09-28T00:23:36.871Z] [DEBUG] Hits: be/macos/Productivity/top-free 4 app(s) found
[2026-09-28T00:23:37.816Z] [DEBUG] RSS ok: be/macos/Utilities/top-free entries=100
[2026-09-28T00:23:47.822Z] [DEBUG] Hits: be/macos/Utilities/top-free 1 app(s) found
[2026-09-28T00:23:48.672Z] [DEBUG] RSS ok: nl/macos/Business/top-free entries=99
[2026-09-28T00:23:58.678Z] [DEBUG] Hits: nl/macos/Business/top-free 2 app(s) found
[2026-09-28T00:23:59.428Z] [DEBUG] RSS ok: nl/macos/Productivity/top-free entries=99
[2026-09-28T00:24:09.434Z] [DEBUG] Hits: nl/macos/Productivity/top-free 4 app(s) found
[2026-09-28T00:24:10.243Z] [DEBUG] RSS ok: nl/macos/Utilities/top-free entries=100
[2026-09-28T00:24:20.250Z] [DEBUG] Hits: nl/macos/Utilities/top-free 1 app(s) found
[2026-09-28T00:24:21.016Z] [DEBUG] RSS ok: tw/macos/Business/top-free entries=99
[2026-09-28T00:24:31.023Z] [DEBUG] Hits: tw/macos/Business/top-free 3 app(s) found
[2026-09-28T00:24:31.023Z] [INFO] RSS progress: 40/60 (40 ok, 0 error, 115 points)
[2026-09-28T00:24:31.841Z] [DEBUG] RSS ok: tw/macos/Productivity/top-free entries=99
[2026-09-28T00:24:41.843Z] [DEBUG] Hits: tw/macos/Productivity/top-free 3 app(s) found
[2026-09-28T00:24:42.547Z] [DEBUG] RSS ok: tw/macos/Utilities/top-free entries=100
[2026-09-28T00:24:53.320Z] [DEBUG] RSS ok: hk/macos/Business/top-free entries=99
[2026-09-28T00:25:03.326Z] [DEBUG] Hits: hk/macos/Business/top-free 1 app(s) found
[2026-09-28T00:25:04.059Z] [DEBUG] RSS ok: hk/macos/Productivity/top-free entries=99
[2026-09-28T00:25:14.064Z] [DEBUG] Hits: hk/macos/Productivity/top-free 4 app(s) found
[2026-09-28T00:25:14.764Z] [DEBUG] RSS ok: hk/macos/Utilities/top-free entries=100
[2026-09-28T00:25:24.770Z] [DEBUG] Hits: hk/macos/Utilities/top-free 1 app(s) found
[2026-09-28T00:25:25.736Z] [DEBUG] RSS ok: nz/macos/Business/top-free entries=100
[2026-09-28T00:25:35.742Z] [DEBUG] Hits: nz/macos/Business/top-free 1 app(s) found
[2026-09-28T00:25:36.480Z] [DEBUG] RSS ok: nz/macos/Productivity/top-free entries=99
[2026-09-28T00:25:46.486Z] [DEBUG] Hits: nz/macos/Productivity/top-free 3 app(s) found
[2026-09-28T00:25:47.355Z] [DEBUG] RSS ok: nz/macos/Utilities/top-free entries=100
[2026-09-28T00:25:58.071Z] [DEBUG] RSS ok: sg/macos/Business/top-free entries=100
[2026-09-28T00:26:08.077Z] [DEBUG] Hits: sg/macos/Business/top-free 2 app(s) found
[2026-09-28T00:26:09.171Z] [DEBUG] RSS ok: sg/macos/Productivity/top-free entries=99
[2026-09-28T00:26:19.176Z] [DEBUG] Hits: sg/macos/Productivity/top-free 4 app(s) found
[2026-09-28T00:26:19.177Z] [INFO] RSS progress: 50/60 (50 ok, 0 error, 134 points)
[2026-09-28T00:26:19.912Z] [DEBUG] RSS ok: sg/macos/Utilities/top-free entries=100
[2026-09-28T00:26:30.681Z] [DEBUG] RSS ok: in/macos/Business/top-free entries=100
[2026-09-28T00:26:40.688Z] [DEBUG] Hits: in/macos/Business/top-free 3 app(s) found
[2026-09-28T00:26:41.560Z] [DEBUG] RSS ok: in/macos/Productivity/top-free entries=99
[2026-09-28T00:26:51.567Z] [DEBUG] Hits: in/macos/Productivity/top-free 2 app(s) found
[2026-09-28T00:26:52.354Z] [DEBUG] RSS ok: in/macos/Utilities/top-free entries=100
[2026-09-28T00:27:02.356Z] [DEBUG] Hits: in/macos/Utilities/top-free 1 app(s) found
[2026-09-28T00:27:03.229Z] [DEBUG] RSS ok: za/macos/Business/top-free entries=100
[2026-09-28T00:27:13.234Z] [DEBUG] Hits: za/macos/Business/top-free 2 app(s) found
[2026-09-28T00:27:14.134Z] [DEBUG] RSS ok: za/macos/Productivity/top-free entries=99
[2026-09-28T00:27:24.141Z] [DEBUG] Hits: za/macos/Productivity/top-free 4 app(s) found
[2026-09-28T00:27:24.856Z] [DEBUG] RSS ok: za/macos/Utilities/top-free entries=100
[2026-09-28T00:27:34.862Z] [DEBUG] Hits: za/macos/Utilities/top-free 1 app(s) found
[2026-09-28T00:27:35.646Z] [DEBUG] RSS ok: br/macos/Business/top-free entries=100
[2026-09-28T00:27:45.651Z] [DEBUG] Hits: br/macos/Business/top-free 2 app(s) found
[2026-09-28T00:27:46.516Z] [DEBUG] RSS ok: br/macos/Productivity/top-free entries=99
[2026-09-28T00:27:56.522Z] [DEBUG] Hits: br/macos/Productivity/top-free 4 app(s) found
[2026-09-28T00:27:57.485Z] [DEBUG] RSS ok: br/macos/Utilities/top-free entries=100
[2026-09-28T00:28:07.491Z] [DEBUG] Hits: br/macos/Utilities/top-free 1 app(s) found
[2026-09-28T00:28:07.492Z] [INFO] RSS fetch done: 60 ok, 0 error, 154 points
[2026-09-28T00:28:07.492Z] [INFO] RSS progress: 60/60 (60 ok, 0 error, 154 points)
[2026-09-28T00:28:07.492Z] [INFO] Platform max returned: macos = 100
[2026-09-28T00:28:07.492Z] [INFO] RSS results: 60 ok, 0 error, 154 rank points
[2026-09-28T00:28:07.529Z] [INFO] Stored: 60 crawls, 154 points
[2026-09-28T00:28:07.548Z] [INFO] current.json written rows=23
[2026-09-28T00:28:07.548Z] [INFO] Current summary: on_chart=154, not_on_chart=306, depth_limited=0, crawl_error=0, total=460
[2026-09-28T00:28:07.548Z] [INFO] === Crawl complete === 652.0s
