[2026-10-10T00:17:17.340Z] [INFO] === Crawl start === ts=2026-10-10T00:00:00Z
[2026-10-10T00:17:17.344Z] [INFO] Config loaded apps=4, platforms=macos, categories=Business,Productivity,Utilities
[2026-10-10T00:17:17.344Z] [INFO] App IDs to track: 23 our=4, competitors=19
[2026-10-10T00:17:17.345Z] [INFO] Lookup needed (new IDs detected), fetching 23 apps...
[2026-10-10T00:17:17.345Z] [INFO] Lookup: 23 unique IDs in 1 batch(es)
[2026-10-10T00:17:17.346Z] [DEBUG] Lookup batch 1/1: 23 IDs
[2026-10-10T00:17:17.689Z] [DEBUG] Lookup batch 1: 22 results
[2026-10-10T00:17:17.689Z] [INFO] Lookup result: 22/23 apps found
[2026-10-10T00:17:17.691Z] [INFO] Lookup done: 22/23 results
[2026-10-10T00:17:17.692Z] [WARN] Lookup: ID 6480280445 not found in App Store
[2026-10-10T00:17:17.692Z] [INFO] RSS requests: 60 countries=20, platforms=macos, categories=Business,Productivity,Utilities
[2026-10-10T00:17:17.692Z] [INFO] RSS fetch start: 60 requests, concurrency=1
[2026-10-10T00:17:18.477Z] [DEBUG] RSS ok: us/macos/Business/top-free entries=100
[2026-10-10T00:17:28.480Z] [DEBUG] Hits: us/macos/Business/top-free 3 app(s) found
[2026-10-10T00:17:29.238Z] [DEBUG] RSS ok: us/macos/Productivity/top-free entries=93
[2026-10-10T00:17:39.244Z] [DEBUG] Hits: us/macos/Productivity/top-free 3 app(s) found
[2026-10-10T00:17:39.911Z] [DEBUG] RSS ok: us/macos/Utilities/top-free entries=100
[2026-10-10T00:17:49.917Z] [DEBUG] Hits: us/macos/Utilities/top-free 1 app(s) found
[2026-10-10T00:17:50.642Z] [DEBUG] RSS ok: gb/macos/Business/top-free entries=100
[2026-10-10T00:18:00.649Z] [DEBUG] Hits: gb/macos/Business/top-free 3 app(s) found
[2026-10-10T00:18:01.470Z] [DEBUG] RSS ok: gb/macos/Productivity/top-free entries=95
[2026-10-10T00:18:11.477Z] [DEBUG] Hits: gb/macos/Productivity/top-free 1 app(s) found
[2026-10-10T00:18:12.553Z] [DEBUG] RSS ok: gb/macos/Utilities/top-free entries=100
[2026-10-10T00:18:22.559Z] [DEBUG] Hits: gb/macos/Utilities/top-free 2 app(s) found
[2026-10-10T00:18:23.469Z] [DEBUG] RSS ok: ca/macos/Business/top-free entries=100
[2026-10-10T00:18:33.476Z] [DEBUG] Hits: ca/macos/Business/top-free 3 app(s) found
[2026-10-10T00:18:34.188Z] [DEBUG] RSS ok: ca/macos/Productivity/top-free entries=93
[2026-10-10T00:18:44.194Z] [DEBUG] Hits: ca/macos/Productivity/top-free 2 app(s) found
[2026-10-10T00:18:44.984Z] [DEBUG] RSS ok: ca/macos/Utilities/top-free entries=100
[2026-10-10T00:18:54.991Z] [DEBUG] Hits: ca/macos/Utilities/top-free 1 app(s) found
[2026-10-10T00:18:55.881Z] [DEBUG] RSS ok: fr/macos/Business/top-free entries=99
[2026-10-10T00:19:05.888Z] [INFO] RSS progress: 10/60 (10 ok, 0 error, 22 points)
[2026-10-10T00:19:05.888Z] [DEBUG] Hits: fr/macos/Business/top-free 3 app(s) found
[2026-10-10T00:19:06.711Z] [DEBUG] RSS ok: fr/macos/Productivity/top-free entries=95
[2026-10-10T00:19:16.716Z] [DEBUG] Hits: fr/macos/Productivity/top-free 2 app(s) found
[2026-10-10T00:19:17.747Z] [DEBUG] RSS ok: fr/macos/Utilities/top-free entries=100
[2026-10-10T00:19:27.753Z] [DEBUG] Hits: fr/macos/Utilities/top-free 1 app(s) found
[2026-10-10T00:19:28.548Z] [DEBUG] RSS ok: de/macos/Business/top-free entries=99
[2026-10-10T00:19:38.553Z] [DEBUG] Hits: de/macos/Business/top-free 3 app(s) found
[2026-10-10T00:19:39.754Z] [DEBUG] RSS ok: de/macos/Productivity/top-free entries=94
[2026-10-10T00:19:49.761Z] [DEBUG] Hits: de/macos/Productivity/top-free 2 app(s) found
[2026-10-10T00:19:50.688Z] [DEBUG] RSS ok: de/macos/Utilities/top-free entries=100
[2026-10-10T00:20:00.694Z] [DEBUG] Hits: de/macos/Utilities/top-free 3 app(s) found
[2026-10-10T00:20:01.740Z] [DEBUG] RSS ok: jp/macos/Business/top-free entries=100
[2026-10-10T00:20:11.746Z] [DEBUG] Hits: jp/macos/Business/top-free 2 app(s) found
[2026-10-10T00:20:12.648Z] [DEBUG] RSS ok: jp/macos/Productivity/top-free entries=94
[2026-10-10T00:20:22.648Z] [DEBUG] Hits: jp/macos/Productivity/top-free 1 app(s) found
[2026-10-10T00:20:23.491Z] [DEBUG] RSS ok: jp/macos/Utilities/top-free entries=100
[2026-10-10T00:20:33.497Z] [DEBUG] Hits: jp/macos/Utilities/top-free 5 app(s) found
[2026-10-10T00:20:34.395Z] [DEBUG] RSS ok: au/macos/Business/top-free entries=100
[2026-10-10T00:20:44.401Z] [DEBUG] Hits: au/macos/Business/top-free 3 app(s) found
[2026-10-10T00:20:45.125Z] [DEBUG] RSS ok: au/macos/Productivity/top-free entries=95
[2026-10-10T00:20:55.130Z] [DEBUG] Hits: au/macos/Productivity/top-free 2 app(s) found
[2026-10-10T00:20:55.131Z] [INFO] RSS progress: 20/60 (20 ok, 0 error, 46 points)
[2026-10-10T00:20:55.936Z] [DEBUG] RSS ok: au/macos/Utilities/top-free entries=100
[2026-10-10T00:21:05.943Z] [DEBUG] Hits: au/macos/Utilities/top-free 2 app(s) found
[2026-10-10T00:21:06.762Z] [DEBUG] RSS ok: es/macos/Business/top-free entries=99
[2026-10-10T00:21:16.769Z] [DEBUG] Hits: es/macos/Business/top-free 3 app(s) found
[2026-10-10T00:21:17.596Z] [DEBUG] RSS ok: es/macos/Productivity/top-free entries=94
[2026-10-10T00:21:27.602Z] [DEBUG] Hits: es/macos/Productivity/top-free 2 app(s) found
[2026-10-10T00:21:28.464Z] [DEBUG] RSS ok: es/macos/Utilities/top-free entries=100
[2026-10-10T00:21:38.467Z] [DEBUG] Hits: es/macos/Utilities/top-free 1 app(s) found
[2026-10-10T00:21:39.294Z] [DEBUG] RSS ok: it/macos/Business/top-free entries=99
[2026-10-10T00:21:49.300Z] [DEBUG] Hits: it/macos/Business/top-free 3 app(s) found
[2026-10-10T00:21:50.286Z] [DEBUG] RSS ok: it/macos/Productivity/top-free entries=94
[2026-10-10T00:22:00.292Z] [DEBUG] Hits: it/macos/Productivity/top-free 2 app(s) found
[2026-10-10T00:22:01.151Z] [DEBUG] RSS ok: it/macos/Utilities/top-free entries=100
[2026-10-10T00:22:11.158Z] [DEBUG] Hits: it/macos/Utilities/top-free 1 app(s) found
[2026-10-10T00:22:11.865Z] [DEBUG] RSS ok: pt/macos/Business/top-free entries=99
[2026-10-10T00:22:21.871Z] [DEBUG] Hits: pt/macos/Business/top-free 4 app(s) found
[2026-10-10T00:22:22.583Z] [DEBUG] RSS ok: pt/macos/Productivity/top-free entries=96
[2026-10-10T00:22:32.589Z] [DEBUG] Hits: pt/macos/Productivity/top-free 2 app(s) found
[2026-10-10T00:22:33.535Z] [DEBUG] RSS ok: pt/macos/Utilities/top-free entries=100
[2026-10-10T00:22:43.536Z] [DEBUG] Hits: pt/macos/Utilities/top-free 2 app(s) found
[2026-10-10T00:22:43.536Z] [INFO] RSS progress: 30/60 (30 ok, 0 error, 68 points)
[2026-10-10T00:22:44.392Z] [DEBUG] RSS ok: ch/macos/Business/top-free entries=100
[2026-10-10T00:22:54.398Z] [DEBUG] Hits: ch/macos/Business/top-free 2 app(s) found
[2026-10-10T00:22:55.280Z] [DEBUG] RSS ok: ch/macos/Productivity/top-free entries=95
[2026-10-10T00:23:05.287Z] [DEBUG] Hits: ch/macos/Productivity/top-free 2 app(s) found
[2026-10-10T00:23:06.408Z] [DEBUG] RSS ok: ch/macos/Utilities/top-free entries=100
[2026-10-10T00:23:16.415Z] [DEBUG] Hits: ch/macos/Utilities/top-free 3 app(s) found
[2026-10-10T00:23:17.742Z] [DEBUG] RSS ok: be/macos/Business/top-free entries=99
[2026-10-10T00:23:27.749Z] [DEBUG] Hits: be/macos/Business/top-free 2 app(s) found
[2026-10-10T00:23:28.494Z] [DEBUG] RSS ok: be/macos/Productivity/top-free entries=94
[2026-10-10T00:23:39.296Z] [DEBUG] RSS ok: be/macos/Utilities/top-free entries=100
[2026-10-10T00:23:49.302Z] [DEBUG] Hits: be/macos/Utilities/top-free 3 app(s) found
[2026-10-10T00:23:50.067Z] [DEBUG] RSS ok: nl/macos/Business/top-free entries=99
[2026-10-10T00:24:00.073Z] [DEBUG] Hits: nl/macos/Business/top-free 2 app(s) found
[2026-10-10T00:24:00.858Z] [DEBUG] RSS ok: nl/macos/Productivity/top-free entries=95
[2026-10-10T00:24:10.863Z] [DEBUG] Hits: nl/macos/Productivity/top-free 2 app(s) found
[2026-10-10T00:24:11.815Z] [DEBUG] RSS ok: nl/macos/Utilities/top-free entries=100
[2026-10-10T00:24:21.820Z] [DEBUG] Hits: nl/macos/Utilities/top-free 2 app(s) found
[2026-10-10T00:24:22.492Z] [DEBUG] RSS ok: tw/macos/Business/top-free entries=99
[2026-10-10T00:24:32.497Z] [DEBUG] Hits: tw/macos/Business/top-free 3 app(s) found
[2026-10-10T00:24:32.497Z] [INFO] RSS progress: 40/60 (40 ok, 0 error, 89 points)
[2026-10-10T00:24:33.113Z] [DEBUG] RSS ok: tw/macos/Productivity/top-free entries=95
[2026-10-10T00:24:43.119Z] [DEBUG] Hits: tw/macos/Productivity/top-free 1 app(s) found
[2026-10-10T00:24:43.931Z] [DEBUG] RSS ok: tw/macos/Utilities/top-free entries=100
[2026-10-10T00:24:53.938Z] [DEBUG] Hits: tw/macos/Utilities/top-free 1 app(s) found
[2026-10-10T00:24:54.681Z] [DEBUG] RSS ok: hk/macos/Business/top-free entries=100
[2026-10-10T00:25:04.688Z] [DEBUG] Hits: hk/macos/Business/top-free 2 app(s) found
[2026-10-10T00:25:05.585Z] [DEBUG] RSS ok: hk/macos/Productivity/top-free entries=97
[2026-10-10T00:25:15.590Z] [DEBUG] Hits: hk/macos/Productivity/top-free 2 app(s) found
[2026-10-10T00:25:16.289Z] [DEBUG] RSS ok: hk/macos/Utilities/top-free entries=100
[2026-10-10T00:25:26.295Z] [DEBUG] Hits: hk/macos/Utilities/top-free 1 app(s) found
[2026-10-10T00:25:27.652Z] [DEBUG] RSS ok: nz/macos/Business/top-free entries=100
[2026-10-10T00:25:37.658Z] [DEBUG] Hits: nz/macos/Business/top-free 2 app(s) found
[2026-10-10T00:25:38.260Z] [DEBUG] RSS ok: nz/macos/Productivity/top-free entries=96
[2026-10-10T00:25:48.265Z] [DEBUG] Hits: nz/macos/Productivity/top-free 1 app(s) found
[2026-10-10T00:25:49.110Z] [DEBUG] RSS ok: nz/macos/Utilities/top-free entries=100
[2026-10-10T00:25:59.116Z] [DEBUG] Hits: nz/macos/Utilities/top-free 1 app(s) found
[2026-10-10T00:25:59.900Z] [DEBUG] RSS ok: sg/macos/Business/top-free entries=100
[2026-10-10T00:26:09.906Z] [DEBUG] Hits: sg/macos/Business/top-free 2 app(s) found
[2026-10-10T00:26:10.727Z] [DEBUG] RSS ok: sg/macos/Productivity/top-free entries=95
[2026-10-10T00:26:20.733Z] [DEBUG] Hits: sg/macos/Productivity/top-free 2 app(s) found
[2026-10-10T00:26:20.733Z] [INFO] RSS progress: 50/60 (50 ok, 0 error, 104 points)
[2026-10-10T00:26:21.434Z] [DEBUG] RSS ok: sg/macos/Utilities/top-free entries=100
[2026-10-10T00:26:31.440Z] [DEBUG] Hits: sg/macos/Utilities/top-free 3 app(s) found
[2026-10-10T00:26:32.323Z] [DEBUG] RSS ok: in/macos/Business/top-free entries=100
[2026-10-10T00:26:42.329Z] [DEBUG] Hits: in/macos/Business/top-free 3 app(s) found
[2026-10-10T00:26:43.059Z] [DEBUG] RSS ok: in/macos/Productivity/top-free entries=96
[2026-10-10T00:26:53.064Z] [DEBUG] Hits: in/macos/Productivity/top-free 2 app(s) found
[2026-10-10T00:26:54.123Z] [DEBUG] RSS ok: in/macos/Utilities/top-free entries=100
[2026-10-10T00:27:04.827Z] [DEBUG] RSS ok: za/macos/Business/top-free entries=100
[2026-10-10T00:27:14.834Z] [DEBUG] Hits: za/macos/Business/top-free 3 app(s) found
[2026-10-10T00:27:15.864Z] [DEBUG] RSS ok: za/macos/Productivity/top-free entries=95
[2026-10-10T00:27:25.870Z] [DEBUG] Hits: za/macos/Productivity/top-free 1 app(s) found
[2026-10-10T00:27:26.668Z] [DEBUG] RSS ok: za/macos/Utilities/top-free entries=100
[2026-10-10T00:27:36.673Z] [DEBUG] Hits: za/macos/Utilities/top-free 1 app(s) found
[2026-10-10T00:27:37.613Z] [DEBUG] RSS ok: br/macos/Business/top-free entries=100
[2026-10-10T00:27:47.620Z] [DEBUG] Hits: br/macos/Business/top-free 3 app(s) found
[2026-10-10T00:27:48.317Z] [DEBUG] RSS ok: br/macos/Productivity/top-free entries=95
[2026-10-10T00:27:58.324Z] [DEBUG] Hits: br/macos/Productivity/top-free 1 app(s) found
[2026-10-10T00:27:59.165Z] [DEBUG] RSS ok: br/macos/Utilities/top-free entries=100
[2026-10-10T00:28:09.170Z] [DEBUG] Hits: br/macos/Utilities/top-free 1 app(s) found
[2026-10-10T00:28:09.170Z] [INFO] RSS progress: 60/60 (60 ok, 0 error, 122 points)
[2026-10-10T00:28:09.171Z] [INFO] RSS fetch done: 60 ok, 0 error, 122 points
[2026-10-10T00:28:09.171Z] [INFO] Platform max returned: macos = 100
[2026-10-10T00:28:09.171Z] [INFO] RSS results: 60 ok, 0 error, 122 rank points
[2026-10-10T00:28:09.201Z] [INFO] Stored: 60 crawls, 122 points
[2026-10-10T00:28:09.218Z] [INFO] current.json written rows=25
[2026-10-10T00:28:09.219Z] [INFO] Current summary: on_chart=122, not_on_chart=251, depth_limited=127, crawl_error=0, total=500
[2026-10-10T00:28:09.219Z] [INFO] === Crawl complete === 651.9s
