[2026-09-27T00:17:17.482Z] [INFO] === Crawl start === ts=2026-09-27T00:00:00Z
[2026-09-27T00:17:17.485Z] [INFO] Config loaded apps=4, platforms=macos, categories=Business,Productivity,Utilities
[2026-09-27T00:17:17.485Z] [INFO] App IDs to track: 23 our=4, competitors=19
[2026-09-27T00:17:17.486Z] [INFO] Lookup needed (daily refresh), fetching 23 apps...
[2026-09-27T00:17:17.486Z] [INFO] Lookup: 23 unique IDs in 1 batch(es)
[2026-09-27T00:17:17.486Z] [DEBUG] Lookup batch 1/1: 23 IDs
[2026-09-27T00:17:18.153Z] [DEBUG] Lookup batch 1: 23 results
[2026-09-27T00:17:18.154Z] [INFO] Lookup result: 23/23 apps found
[2026-09-27T00:17:18.156Z] [INFO] Lookup done: 23/23 results
[2026-09-27T00:17:18.156Z] [INFO] RSS requests: 60 countries=20, platforms=macos, categories=Business,Productivity,Utilities
[2026-09-27T00:17:18.156Z] [INFO] RSS fetch start: 60 requests, concurrency=1
[2026-09-27T00:17:18.819Z] [DEBUG] RSS ok: us/macos/Business/top-free entries=100
[2026-09-27T00:17:28.823Z] [DEBUG] Hits: us/macos/Business/top-free 3 app(s) found
[2026-09-27T00:17:29.873Z] [DEBUG] RSS ok: us/macos/Productivity/top-free entries=99
[2026-09-27T00:17:39.876Z] [DEBUG] Hits: us/macos/Productivity/top-free 6 app(s) found
[2026-09-27T00:17:40.721Z] [DEBUG] RSS ok: us/macos/Utilities/top-free entries=100
[2026-09-27T00:17:50.728Z] [DEBUG] Hits: us/macos/Utilities/top-free 1 app(s) found
[2026-09-27T00:17:51.595Z] [DEBUG] RSS ok: gb/macos/Business/top-free entries=100
[2026-09-27T00:18:01.600Z] [DEBUG] Hits: gb/macos/Business/top-free 3 app(s) found
[2026-09-27T00:18:02.571Z] [DEBUG] RSS ok: gb/macos/Productivity/top-free entries=99
[2026-09-27T00:18:12.578Z] [DEBUG] Hits: gb/macos/Productivity/top-free 5 app(s) found
[2026-09-27T00:18:13.409Z] [DEBUG] RSS ok: gb/macos/Utilities/top-free entries=100
[2026-09-27T00:18:23.416Z] [DEBUG] Hits: gb/macos/Utilities/top-free 3 app(s) found
[2026-09-27T00:18:24.345Z] [DEBUG] RSS ok: ca/macos/Business/top-free entries=100
[2026-09-27T00:18:34.348Z] [DEBUG] Hits: ca/macos/Business/top-free 3 app(s) found
[2026-09-27T00:18:35.597Z] [DEBUG] RSS ok: ca/macos/Productivity/top-free entries=99
[2026-09-27T00:18:45.602Z] [DEBUG] Hits: ca/macos/Productivity/top-free 5 app(s) found
[2026-09-27T00:18:46.404Z] [DEBUG] RSS ok: ca/macos/Utilities/top-free entries=100
[2026-09-27T00:18:57.319Z] [DEBUG] RSS ok: fr/macos/Business/top-free entries=99
[2026-09-27T00:19:07.325Z] [DEBUG] Hits: fr/macos/Business/top-free 3 app(s) found
[2026-09-27T00:19:07.325Z] [INFO] RSS progress: 10/60 (10 ok, 0 error, 32 points)
[2026-09-27T00:19:08.135Z] [DEBUG] RSS ok: fr/macos/Productivity/top-free entries=99
[2026-09-27T00:19:18.141Z] [DEBUG] Hits: fr/macos/Productivity/top-free 4 app(s) found
[2026-09-27T00:19:19.003Z] [DEBUG] RSS ok: fr/macos/Utilities/top-free entries=100
[2026-09-27T00:19:29.008Z] [DEBUG] Hits: fr/macos/Utilities/top-free 1 app(s) found
[2026-09-27T00:19:29.700Z] [DEBUG] RSS ok: de/macos/Business/top-free entries=99
[2026-09-27T00:19:39.707Z] [DEBUG] Hits: de/macos/Business/top-free 2 app(s) found
[2026-09-27T00:19:40.477Z] [DEBUG] RSS ok: de/macos/Productivity/top-free entries=99
[2026-09-27T00:19:50.483Z] [DEBUG] Hits: de/macos/Productivity/top-free 4 app(s) found
[2026-09-27T00:19:51.291Z] [DEBUG] RSS ok: de/macos/Utilities/top-free entries=100
[2026-09-27T00:20:01.298Z] [DEBUG] Hits: de/macos/Utilities/top-free 2 app(s) found
[2026-09-27T00:20:02.463Z] [DEBUG] RSS ok: jp/macos/Business/top-free entries=100
[2026-09-27T00:20:12.470Z] [DEBUG] Hits: jp/macos/Business/top-free 2 app(s) found
[2026-09-27T00:20:13.235Z] [DEBUG] RSS ok: jp/macos/Productivity/top-free entries=99
[2026-09-27T00:20:23.242Z] [DEBUG] Hits: jp/macos/Productivity/top-free 2 app(s) found
[2026-09-27T00:20:24.079Z] [DEBUG] RSS ok: jp/macos/Utilities/top-free entries=100
[2026-09-27T00:20:34.086Z] [DEBUG] Hits: jp/macos/Utilities/top-free 4 app(s) found
[2026-09-27T00:20:34.755Z] [DEBUG] RSS ok: au/macos/Business/top-free entries=100
[2026-09-27T00:20:44.762Z] [DEBUG] Hits: au/macos/Business/top-free 2 app(s) found
[2026-09-27T00:20:45.737Z] [DEBUG] RSS ok: au/macos/Productivity/top-free entries=99
[2026-09-27T00:20:55.741Z] [DEBUG] Hits: au/macos/Productivity/top-free 5 app(s) found
[2026-09-27T00:20:55.742Z] [INFO] RSS progress: 20/60 (20 ok, 0 error, 60 points)
[2026-09-27T00:20:56.694Z] [DEBUG] RSS ok: au/macos/Utilities/top-free entries=100
[2026-09-27T00:21:06.701Z] [DEBUG] Hits: au/macos/Utilities/top-free 1 app(s) found
[2026-09-27T00:21:07.523Z] [DEBUG] RSS ok: es/macos/Business/top-free entries=99
[2026-09-27T00:21:17.530Z] [DEBUG] Hits: es/macos/Business/top-free 4 app(s) found
[2026-09-27T00:21:18.257Z] [DEBUG] RSS ok: es/macos/Productivity/top-free entries=99
[2026-09-27T00:21:28.262Z] [DEBUG] Hits: es/macos/Productivity/top-free 5 app(s) found
[2026-09-27T00:21:29.101Z] [DEBUG] RSS ok: es/macos/Utilities/top-free entries=100
[2026-09-27T00:21:39.108Z] [DEBUG] Hits: es/macos/Utilities/top-free 1 app(s) found
[2026-09-27T00:21:40.050Z] [DEBUG] RSS ok: it/macos/Business/top-free entries=100
[2026-09-27T00:21:50.056Z] [DEBUG] Hits: it/macos/Business/top-free 3 app(s) found
[2026-09-27T00:21:51.004Z] [DEBUG] RSS ok: it/macos/Productivity/top-free entries=99
[2026-09-27T00:22:01.010Z] [DEBUG] Hits: it/macos/Productivity/top-free 5 app(s) found
[2026-09-27T00:22:01.830Z] [DEBUG] RSS ok: it/macos/Utilities/top-free entries=100
[2026-09-27T00:22:11.836Z] [DEBUG] Hits: it/macos/Utilities/top-free 1 app(s) found
[2026-09-27T00:22:12.596Z] [DEBUG] RSS ok: pt/macos/Business/top-free entries=99
[2026-09-27T00:22:22.603Z] [DEBUG] Hits: pt/macos/Business/top-free 4 app(s) found
[2026-09-27T00:22:23.398Z] [DEBUG] RSS ok: pt/macos/Productivity/top-free entries=99
[2026-09-27T00:22:33.399Z] [DEBUG] Hits: pt/macos/Productivity/top-free 3 app(s) found
[2026-09-27T00:22:34.331Z] [DEBUG] RSS ok: pt/macos/Utilities/top-free entries=100
[2026-09-27T00:22:44.333Z] [DEBUG] Hits: pt/macos/Utilities/top-free 1 app(s) found
[2026-09-27T00:22:44.333Z] [INFO] RSS progress: 30/60 (30 ok, 0 error, 88 points)
[2026-09-27T00:22:45.661Z] [DEBUG] RSS ok: ch/macos/Business/top-free entries=100
[2026-09-27T00:22:55.667Z] [DEBUG] Hits: ch/macos/Business/top-free 1 app(s) found
[2026-09-27T00:22:56.516Z] [DEBUG] RSS ok: ch/macos/Productivity/top-free entries=99
[2026-09-27T00:23:06.523Z] [DEBUG] Hits: ch/macos/Productivity/top-free 4 app(s) found
[2026-09-27T00:23:07.375Z] [DEBUG] RSS ok: ch/macos/Utilities/top-free entries=100
[2026-09-27T00:23:17.378Z] [DEBUG] Hits: ch/macos/Utilities/top-free 1 app(s) found
[2026-09-27T00:23:18.087Z] [DEBUG] RSS ok: be/macos/Business/top-free entries=100
[2026-09-27T00:23:28.095Z] [DEBUG] Hits: be/macos/Business/top-free 3 app(s) found
[2026-09-27T00:23:28.931Z] [DEBUG] RSS ok: be/macos/Productivity/top-free entries=99
[2026-09-27T00:23:38.936Z] [DEBUG] Hits: be/macos/Productivity/top-free 3 app(s) found
[2026-09-27T00:23:39.665Z] [DEBUG] RSS ok: be/macos/Utilities/top-free entries=100
[2026-09-27T00:23:49.670Z] [DEBUG] Hits: be/macos/Utilities/top-free 1 app(s) found
[2026-09-27T00:23:50.382Z] [DEBUG] RSS ok: nl/macos/Business/top-free entries=100
[2026-09-27T00:24:00.383Z] [DEBUG] Hits: nl/macos/Business/top-free 1 app(s) found
[2026-09-27T00:24:01.276Z] [DEBUG] RSS ok: nl/macos/Productivity/top-free entries=99
[2026-09-27T00:24:11.282Z] [DEBUG] Hits: nl/macos/Productivity/top-free 4 app(s) found
[2026-09-27T00:24:11.929Z] [DEBUG] RSS ok: nl/macos/Utilities/top-free entries=100
[2026-09-27T00:24:21.936Z] [DEBUG] Hits: nl/macos/Utilities/top-free 2 app(s) found
[2026-09-27T00:24:22.769Z] [DEBUG] RSS ok: tw/macos/Business/top-free entries=100
[2026-09-27T00:24:32.775Z] [DEBUG] Hits: tw/macos/Business/top-free 3 app(s) found
[2026-09-27T00:24:32.776Z] [INFO] RSS progress: 40/60 (40 ok, 0 error, 111 points)
[2026-09-27T00:24:33.510Z] [DEBUG] RSS ok: tw/macos/Productivity/top-free entries=99
[2026-09-27T00:24:43.516Z] [DEBUG] Hits: tw/macos/Productivity/top-free 4 app(s) found
[2026-09-27T00:24:44.266Z] [DEBUG] RSS ok: tw/macos/Utilities/top-free entries=100
[2026-09-27T00:24:55.154Z] [DEBUG] RSS ok: hk/macos/Business/top-free entries=100
[2026-09-27T00:25:05.160Z] [DEBUG] Hits: hk/macos/Business/top-free 1 app(s) found
[2026-09-27T00:25:06.002Z] [DEBUG] RSS ok: hk/macos/Productivity/top-free entries=99
[2026-09-27T00:25:16.007Z] [DEBUG] Hits: hk/macos/Productivity/top-free 4 app(s) found
[2026-09-27T00:25:16.915Z] [DEBUG] RSS ok: hk/macos/Utilities/top-free entries=100
[2026-09-27T00:25:27.767Z] [DEBUG] RSS ok: nz/macos/Business/top-free entries=100
[2026-09-27T00:25:37.773Z] [DEBUG] Hits: nz/macos/Business/top-free 2 app(s) found
[2026-09-27T00:25:38.623Z] [DEBUG] RSS ok: nz/macos/Productivity/top-free entries=99
[2026-09-27T00:25:48.629Z] [DEBUG] Hits: nz/macos/Productivity/top-free 4 app(s) found
[2026-09-27T00:25:49.514Z] [DEBUG] RSS ok: nz/macos/Utilities/top-free entries=100
[2026-09-27T00:26:00.264Z] [DEBUG] RSS ok: sg/macos/Business/top-free entries=100
[2026-09-27T00:26:10.269Z] [DEBUG] Hits: sg/macos/Business/top-free 2 app(s) found
[2026-09-27T00:26:11.091Z] [DEBUG] RSS ok: sg/macos/Productivity/top-free entries=99
[2026-09-27T00:26:21.097Z] [DEBUG] Hits: sg/macos/Productivity/top-free 2 app(s) found
[2026-09-27T00:26:21.097Z] [INFO] RSS progress: 50/60 (50 ok, 0 error, 130 points)
[2026-09-27T00:26:21.846Z] [DEBUG] RSS ok: sg/macos/Utilities/top-free entries=100
[2026-09-27T00:26:31.852Z] [DEBUG] Hits: sg/macos/Utilities/top-free 1 app(s) found
[2026-09-27T00:26:32.649Z] [DEBUG] RSS ok: in/macos/Business/top-free entries=100
[2026-09-27T00:26:42.654Z] [DEBUG] Hits: in/macos/Business/top-free 4 app(s) found
[2026-09-27T00:26:43.416Z] [DEBUG] RSS ok: in/macos/Productivity/top-free entries=99
[2026-09-27T00:26:53.421Z] [DEBUG] Hits: in/macos/Productivity/top-free 2 app(s) found
[2026-09-27T00:26:54.240Z] [DEBUG] RSS ok: in/macos/Utilities/top-free entries=100
[2026-09-27T00:27:04.246Z] [DEBUG] Hits: in/macos/Utilities/top-free 1 app(s) found
[2026-09-27T00:27:04.978Z] [DEBUG] RSS ok: za/macos/Business/top-free entries=100
[2026-09-27T00:27:14.984Z] [DEBUG] Hits: za/macos/Business/top-free 2 app(s) found
[2026-09-27T00:27:15.912Z] [DEBUG] RSS ok: za/macos/Productivity/top-free entries=99
[2026-09-27T00:27:25.918Z] [DEBUG] Hits: za/macos/Productivity/top-free 4 app(s) found
[2026-09-27T00:27:26.856Z] [DEBUG] RSS ok: za/macos/Utilities/top-free entries=100
[2026-09-27T00:27:36.863Z] [DEBUG] Hits: za/macos/Utilities/top-free 2 app(s) found
[2026-09-27T00:27:37.731Z] [DEBUG] RSS ok: br/macos/Business/top-free entries=100
[2026-09-27T00:27:47.737Z] [DEBUG] Hits: br/macos/Business/top-free 2 app(s) found
[2026-09-27T00:27:48.651Z] [DEBUG] RSS ok: br/macos/Productivity/top-free entries=99
[2026-09-27T00:27:58.658Z] [DEBUG] Hits: br/macos/Productivity/top-free 4 app(s) found
[2026-09-27T00:27:59.467Z] [DEBUG] RSS ok: br/macos/Utilities/top-free entries=100
[2026-09-27T00:28:09.474Z] [INFO] RSS progress: 60/60 (60 ok, 0 error, 152 points)
[2026-09-27T00:28:09.474Z] [INFO] RSS fetch done: 60 ok, 0 error, 152 points
[2026-09-27T00:28:09.474Z] [INFO] Platform max returned: macos = 100
[2026-09-27T00:28:09.474Z] [INFO] RSS results: 60 ok, 0 error, 152 rank points
[2026-09-27T00:28:09.495Z] [INFO] Stored: 60 crawls, 152 points
[2026-09-27T00:28:09.510Z] [INFO] current.json written rows=23
[2026-09-27T00:28:09.510Z] [INFO] Current summary: on_chart=152, not_on_chart=308, depth_limited=0, crawl_error=0, total=460
[2026-09-27T00:28:09.510Z] [INFO] === Crawl complete === 652.0s
[2026-09-27T01:17:18.558Z] [INFO] === Crawl start === ts=2026-09-27T01:00:00Z
[2026-09-27T01:17:18.561Z] [INFO] Config loaded apps=4, platforms=macos, categories=Business,Productivity,Utilities
[2026-09-27T01:17:18.561Z] [INFO] App IDs to track: 23 our=4, competitors=19
[2026-09-27T01:17:18.562Z] [INFO] Lookup cached fetched_at=2026-09-27T00:17:18.154Z, 23 apps
[2026-09-27T01:17:18.563Z] [INFO] RSS requests: 60 countries=20, platforms=macos, categories=Business,Productivity,Utilities
[2026-09-27T01:17:18.563Z] [INFO] RSS fetch start: 60 requests, concurrency=1
[2026-09-27T01:17:19.537Z] [DEBUG] RSS ok: us/macos/Business/top-free entries=100
[2026-09-27T01:17:29.538Z] [DEBUG] Hits: us/macos/Business/top-free 3 app(s) found
[2026-09-27T01:17:30.271Z] [DEBUG] RSS ok: us/macos/Productivity/top-free entries=99
[2026-09-27T01:17:40.277Z] [DEBUG] Hits: us/macos/Productivity/top-free 6 app(s) found
[2026-09-27T01:17:40.965Z] [DEBUG] RSS ok: us/macos/Utilities/top-free entries=100
[2026-09-27T01:17:50.971Z] [DEBUG] Hits: us/macos/Utilities/top-free 1 app(s) found
[2026-09-27T01:17:51.706Z] [DEBUG] RSS ok: gb/macos/Business/top-free entries=100
[2026-09-27T01:18:01.713Z] [DEBUG] Hits: gb/macos/Business/top-free 3 app(s) found
[2026-09-27T01:18:02.484Z] [DEBUG] RSS ok: gb/macos/Productivity/top-free entries=99
[2026-09-27T01:18:12.490Z] [DEBUG] Hits: gb/macos/Productivity/top-free 5 app(s) found
[2026-09-27T01:18:13.302Z] [DEBUG] RSS ok: gb/macos/Utilities/top-free entries=100
[2026-09-27T01:18:23.308Z] [DEBUG] Hits: gb/macos/Utilities/top-free 3 app(s) found
[2026-09-27T01:18:24.162Z] [DEBUG] RSS ok: ca/macos/Business/top-free entries=100
[2026-09-27T01:18:34.169Z] [DEBUG] Hits: ca/macos/Business/top-free 3 app(s) found
[2026-09-27T01:18:35.043Z] [DEBUG] RSS ok: ca/macos/Productivity/top-free entries=99
[2026-09-27T01:18:45.050Z] [DEBUG] Hits: ca/macos/Productivity/top-free 5 app(s) found
[2026-09-27T01:18:45.780Z] [DEBUG] RSS ok: ca/macos/Utilities/top-free entries=100
[2026-09-27T01:18:56.703Z] [DEBUG] RSS ok: fr/macos/Business/top-free entries=99
[2026-09-27T01:19:06.709Z] [INFO] RSS progress: 10/60 (10 ok, 0 error, 32 points)
[2026-09-27T01:19:06.709Z] [DEBUG] Hits: fr/macos/Business/top-free 3 app(s) found
[2026-09-27T01:19:07.607Z] [DEBUG] RSS ok: fr/macos/Productivity/top-free entries=99
[2026-09-27T01:19:17.614Z] [DEBUG] Hits: fr/macos/Productivity/top-free 4 app(s) found
[2026-09-27T01:19:18.464Z] [DEBUG] RSS ok: fr/macos/Utilities/top-free entries=100
[2026-09-27T01:19:28.470Z] [DEBUG] Hits: fr/macos/Utilities/top-free 1 app(s) found
[2026-09-27T01:19:29.382Z] [DEBUG] RSS ok: de/macos/Business/top-free entries=99
[2026-09-27T01:19:39.388Z] [DEBUG] Hits: de/macos/Business/top-free 2 app(s) found
[2026-09-27T01:19:40.218Z] [DEBUG] RSS ok: de/macos/Productivity/top-free entries=99
[2026-09-27T01:19:50.223Z] [DEBUG] Hits: de/macos/Productivity/top-free 4 app(s) found
[2026-09-27T01:19:50.972Z] [DEBUG] RSS ok: de/macos/Utilities/top-free entries=100
[2026-09-27T01:20:00.977Z] [DEBUG] Hits: de/macos/Utilities/top-free 2 app(s) found
[2026-09-27T01:20:02.200Z] [DEBUG] RSS ok: jp/macos/Business/top-free entries=100
[2026-09-27T01:20:12.205Z] [DEBUG] Hits: jp/macos/Business/top-free 2 app(s) found
[2026-09-27T01:20:13.053Z] [DEBUG] RSS ok: jp/macos/Productivity/top-free entries=99
[2026-09-27T01:20:23.060Z] [DEBUG] Hits: jp/macos/Productivity/top-free 2 app(s) found
[2026-09-27T01:20:24.016Z] [DEBUG] RSS ok: jp/macos/Utilities/top-free entries=100
[2026-09-27T01:20:34.021Z] [DEBUG] Hits: jp/macos/Utilities/top-free 4 app(s) found
[2026-09-27T01:20:34.751Z] [DEBUG] RSS ok: au/macos/Business/top-free entries=100
[2026-09-27T01:20:44.757Z] [DEBUG] Hits: au/macos/Business/top-free 2 app(s) found
[2026-09-27T01:20:45.513Z] [DEBUG] RSS ok: au/macos/Productivity/top-free entries=99
[2026-09-27T01:20:55.520Z] [DEBUG] Hits: au/macos/Productivity/top-free 5 app(s) found
[2026-09-27T01:20:55.520Z] [INFO] RSS progress: 20/60 (20 ok, 0 error, 60 points)
[2026-09-27T01:20:56.300Z] [DEBUG] RSS ok: au/macos/Utilities/top-free entries=100
[2026-09-27T01:21:06.306Z] [DEBUG] Hits: au/macos/Utilities/top-free 1 app(s) found
[2026-09-27T01:21:07.115Z] [DEBUG] RSS ok: es/macos/Business/top-free entries=99
[2026-09-27T01:21:17.120Z] [DEBUG] Hits: es/macos/Business/top-free 4 app(s) found
[2026-09-27T01:21:17.846Z] [DEBUG] RSS ok: es/macos/Productivity/top-free entries=99
[2026-09-27T01:21:27.850Z] [DEBUG] Hits: es/macos/Productivity/top-free 5 app(s) found
[2026-09-27T01:21:28.666Z] [DEBUG] RSS ok: es/macos/Utilities/top-free entries=100
[2026-09-27T01:21:38.673Z] [DEBUG] Hits: es/macos/Utilities/top-free 1 app(s) found
[2026-09-27T01:21:39.632Z] [DEBUG] RSS ok: it/macos/Business/top-free entries=100
[2026-09-27T01:21:49.638Z] [DEBUG] Hits: it/macos/Business/top-free 3 app(s) found
[2026-09-27T01:21:50.542Z] [DEBUG] RSS ok: it/macos/Productivity/top-free entries=99
[2026-09-27T01:22:00.547Z] [DEBUG] Hits: it/macos/Productivity/top-free 5 app(s) found
[2026-09-27T01:22:01.309Z] [DEBUG] RSS ok: it/macos/Utilities/top-free entries=100
[2026-09-27T01:22:11.315Z] [DEBUG] Hits: it/macos/Utilities/top-free 1 app(s) found
[2026-09-27T01:22:12.230Z] [DEBUG] RSS ok: pt/macos/Business/top-free entries=99
[2026-09-27T01:22:22.236Z] [DEBUG] Hits: pt/macos/Business/top-free 4 app(s) found
[2026-09-27T01:22:23.132Z] [DEBUG] RSS ok: pt/macos/Productivity/top-free entries=99
[2026-09-27T01:22:33.138Z] [DEBUG] Hits: pt/macos/Productivity/top-free 3 app(s) found
[2026-09-27T01:22:34.034Z] [DEBUG] RSS ok: pt/macos/Utilities/top-free entries=100
[2026-09-27T01:22:44.040Z] [DEBUG] Hits: pt/macos/Utilities/top-free 2 app(s) found
[2026-09-27T01:22:44.040Z] [INFO] RSS progress: 30/60 (30 ok, 0 error, 89 points)
[2026-09-27T01:22:44.818Z] [DEBUG] RSS ok: ch/macos/Business/top-free entries=100
[2026-09-27T01:22:54.824Z] [DEBUG] Hits: ch/macos/Business/top-free 1 app(s) found
[2026-09-27T01:22:55.705Z] [DEBUG] RSS ok: ch/macos/Productivity/top-free entries=99
[2026-09-27T01:23:05.711Z] [DEBUG] Hits: ch/macos/Productivity/top-free 4 app(s) found
[2026-09-27T01:23:06.470Z] [DEBUG] RSS ok: ch/macos/Utilities/top-free entries=100
[2026-09-27T01:23:16.477Z] [DEBUG] Hits: ch/macos/Utilities/top-free 1 app(s) found
[2026-09-27T01:23:17.152Z] [DEBUG] RSS ok: be/macos/Business/top-free entries=100
[2026-09-27T01:23:27.159Z] [DEBUG] Hits: be/macos/Business/top-free 3 app(s) found
[2026-09-27T01:23:27.951Z] [DEBUG] RSS ok: be/macos/Productivity/top-free entries=99
[2026-09-27T01:23:37.956Z] [DEBUG] Hits: be/macos/Productivity/top-free 3 app(s) found
[2026-09-27T01:23:38.858Z] [DEBUG] RSS ok: be/macos/Utilities/top-free entries=100
[2026-09-27T01:23:48.864Z] [DEBUG] Hits: be/macos/Utilities/top-free 1 app(s) found
[2026-09-27T01:23:49.651Z] [DEBUG] RSS ok: nl/macos/Business/top-free entries=100
[2026-09-27T01:23:59.658Z] [DEBUG] Hits: nl/macos/Business/top-free 2 app(s) found
[2026-09-27T01:24:00.461Z] [DEBUG] RSS ok: nl/macos/Productivity/top-free entries=99
[2026-09-27T01:24:10.466Z] [DEBUG] Hits: nl/macos/Productivity/top-free 4 app(s) found
[2026-09-27T01:24:11.237Z] [DEBUG] RSS ok: nl/macos/Utilities/top-free entries=100
[2026-09-27T01:24:21.242Z] [DEBUG] Hits: nl/macos/Utilities/top-free 2 app(s) found
[2026-09-27T01:24:22.025Z] [DEBUG] RSS ok: tw/macos/Business/top-free entries=100
[2026-09-27T01:24:32.032Z] [DEBUG] Hits: tw/macos/Business/top-free 3 app(s) found
[2026-09-27T01:24:32.032Z] [INFO] RSS progress: 40/60 (40 ok, 0 error, 113 points)
[2026-09-27T01:24:32.985Z] [DEBUG] RSS ok: tw/macos/Productivity/top-free entries=99
[2026-09-27T01:24:42.987Z] [DEBUG] Hits: tw/macos/Productivity/top-free 4 app(s) found
[2026-09-27T01:24:43.853Z] [DEBUG] RSS ok: tw/macos/Utilities/top-free entries=100
[2026-09-27T01:24:54.595Z] [DEBUG] RSS ok: hk/macos/Business/top-free entries=100
[2026-09-27T01:25:04.602Z] [DEBUG] Hits: hk/macos/Business/top-free 1 app(s) found
[2026-09-27T01:25:05.362Z] [DEBUG] RSS ok: hk/macos/Productivity/top-free entries=99
[2026-09-27T01:25:15.367Z] [DEBUG] Hits: hk/macos/Productivity/top-free 4 app(s) found
[2026-09-27T01:25:16.171Z] [DEBUG] RSS ok: hk/macos/Utilities/top-free entries=100
[2026-09-27T01:25:26.806Z] [DEBUG] RSS ok: nz/macos/Business/top-free entries=100
[2026-09-27T01:25:36.812Z] [DEBUG] Hits: nz/macos/Business/top-free 2 app(s) found
[2026-09-27T01:25:37.536Z] [DEBUG] RSS ok: nz/macos/Productivity/top-free entries=99
[2026-09-27T01:25:47.537Z] [DEBUG] Hits: nz/macos/Productivity/top-free 4 app(s) found
[2026-09-27T01:25:48.320Z] [DEBUG] RSS ok: nz/macos/Utilities/top-free entries=100
[2026-09-27T01:25:59.121Z] [DEBUG] RSS ok: sg/macos/Business/top-free entries=100
[2026-09-27T01:26:09.126Z] [DEBUG] Hits: sg/macos/Business/top-free 2 app(s) found
[2026-09-27T01:26:09.894Z] [DEBUG] RSS ok: sg/macos/Productivity/top-free entries=99
[2026-09-27T01:26:19.899Z] [DEBUG] Hits: sg/macos/Productivity/top-free 2 app(s) found
[2026-09-27T01:26:19.899Z] [INFO] RSS progress: 50/60 (50 ok, 0 error, 132 points)
[2026-09-27T01:26:20.678Z] [DEBUG] RSS ok: sg/macos/Utilities/top-free entries=100
[2026-09-27T01:26:30.685Z] [DEBUG] Hits: sg/macos/Utilities/top-free 1 app(s) found
[2026-09-27T01:26:31.432Z] [DEBUG] RSS ok: in/macos/Business/top-free entries=100
[2026-09-27T01:26:41.438Z] [DEBUG] Hits: in/macos/Business/top-free 4 app(s) found
[2026-09-27T01:26:42.142Z] [DEBUG] RSS ok: in/macos/Productivity/top-free entries=99
[2026-09-27T01:26:52.147Z] [DEBUG] Hits: in/macos/Productivity/top-free 2 app(s) found
[2026-09-27T01:26:52.859Z] [DEBUG] RSS ok: in/macos/Utilities/top-free entries=100
[2026-09-27T01:27:02.866Z] [DEBUG] Hits: in/macos/Utilities/top-free 1 app(s) found
[2026-09-27T01:27:03.753Z] [DEBUG] RSS ok: za/macos/Business/top-free entries=100
[2026-09-27T01:27:13.759Z] [DEBUG] Hits: za/macos/Business/top-free 2 app(s) found
[2026-09-27T01:27:14.476Z] [DEBUG] RSS ok: za/macos/Productivity/top-free entries=99
[2026-09-27T01:27:24.483Z] [DEBUG] Hits: za/macos/Productivity/top-free 3 app(s) found
[2026-09-27T01:27:25.309Z] [DEBUG] RSS ok: za/macos/Utilities/top-free entries=100
[2026-09-27T01:27:35.314Z] [DEBUG] Hits: za/macos/Utilities/top-free 2 app(s) found
[2026-09-27T01:27:36.167Z] [DEBUG] RSS ok: br/macos/Business/top-free entries=100
[2026-09-27T01:27:46.170Z] [DEBUG] Hits: br/macos/Business/top-free 2 app(s) found
[2026-09-27T01:27:47.040Z] [DEBUG] RSS ok: br/macos/Productivity/top-free entries=99
[2026-09-27T01:27:57.046Z] [DEBUG] Hits: br/macos/Productivity/top-free 4 app(s) found
[2026-09-27T01:27:57.940Z] [DEBUG] RSS ok: br/macos/Utilities/top-free entries=100
[2026-09-27T01:28:07.946Z] [INFO] RSS progress: 60/60 (60 ok, 0 error, 153 points)
[2026-09-27T01:28:07.947Z] [INFO] RSS fetch done: 60 ok, 0 error, 153 points
[2026-09-27T01:28:07.947Z] [INFO] Platform max returned: macos = 100
[2026-09-27T01:28:07.947Z] [INFO] RSS results: 60 ok, 0 error, 153 rank points
[2026-09-27T01:28:07.968Z] [INFO] Stored: 60 crawls, 153 points
[2026-09-27T01:28:07.983Z] [INFO] current.json written rows=23
[2026-09-27T01:28:07.983Z] [INFO] Current summary: on_chart=153, not_on_chart=307, depth_limited=0, crawl_error=0, total=460
[2026-09-27T01:28:07.983Z] [INFO] === Crawl complete === 649.4s
