[2026-10-05T00:17:17.525Z] [INFO] === Crawl start === ts=2026-10-05T00:00:00Z
[2026-10-05T00:17:17.528Z] [INFO] Config loaded apps=4, platforms=macos, categories=Business,Productivity,Utilities
[2026-10-05T00:17:17.529Z] [INFO] App IDs to track: 23 our=4, competitors=19
[2026-10-05T00:17:17.530Z] [INFO] Lookup needed (daily refresh), fetching 23 apps...
[2026-10-05T00:17:17.530Z] [INFO] Lookup: 23 unique IDs in 1 batch(es)
[2026-10-05T00:17:17.530Z] [DEBUG] Lookup batch 1/1: 23 IDs
[2026-10-05T00:17:19.264Z] [DEBUG] Lookup batch 1: 23 results
[2026-10-05T00:17:19.265Z] [INFO] Lookup result: 23/23 apps found
[2026-10-05T00:17:19.268Z] [INFO] Lookup done: 23/23 results
[2026-10-05T00:17:19.268Z] [INFO] RSS requests: 60 countries=20, platforms=macos, categories=Business,Productivity,Utilities
[2026-10-05T00:17:19.269Z] [INFO] RSS fetch start: 60 requests, concurrency=1
[2026-10-05T00:17:20.275Z] [DEBUG] RSS ok: us/macos/Business/top-free entries=100
[2026-10-05T00:17:30.280Z] [DEBUG] Hits: us/macos/Business/top-free 3 app(s) found
[2026-10-05T00:17:31.471Z] [DEBUG] RSS ok: us/macos/Productivity/top-free entries=99
[2026-10-05T00:17:41.477Z] [DEBUG] Hits: us/macos/Productivity/top-free 6 app(s) found
[2026-10-05T00:17:42.685Z] [DEBUG] RSS ok: us/macos/Utilities/top-free entries=100
[2026-10-05T00:17:52.691Z] [DEBUG] Hits: us/macos/Utilities/top-free 1 app(s) found
[2026-10-05T00:17:53.739Z] [DEBUG] RSS ok: gb/macos/Business/top-free entries=100
[2026-10-05T00:18:03.742Z] [DEBUG] Hits: gb/macos/Business/top-free 3 app(s) found
[2026-10-05T00:18:04.591Z] [DEBUG] RSS ok: gb/macos/Productivity/top-free entries=99
[2026-10-05T00:18:14.598Z] [DEBUG] Hits: gb/macos/Productivity/top-free 4 app(s) found
[2026-10-05T00:18:15.791Z] [DEBUG] RSS ok: gb/macos/Utilities/top-free entries=100
[2026-10-05T00:18:25.790Z] [DEBUG] Hits: gb/macos/Utilities/top-free 3 app(s) found
[2026-10-05T00:18:27.823Z] [DEBUG] RSS ok: ca/macos/Business/top-free entries=100
[2026-10-05T00:18:37.829Z] [DEBUG] Hits: ca/macos/Business/top-free 3 app(s) found
[2026-10-05T00:18:38.772Z] [DEBUG] RSS ok: ca/macos/Productivity/top-free entries=99
[2026-10-05T00:18:48.777Z] [DEBUG] Hits: ca/macos/Productivity/top-free 4 app(s) found
[2026-10-05T00:18:50.025Z] [DEBUG] RSS ok: ca/macos/Utilities/top-free entries=100
[2026-10-05T00:19:00.030Z] [DEBUG] Hits: ca/macos/Utilities/top-free 1 app(s) found
[2026-10-05T00:19:01.441Z] [DEBUG] RSS ok: fr/macos/Business/top-free entries=99
[2026-10-05T00:19:11.448Z] [DEBUG] Hits: fr/macos/Business/top-free 3 app(s) found
[2026-10-05T00:19:11.448Z] [INFO] RSS progress: 10/60 (10 ok, 0 error, 31 points)
[2026-10-05T00:19:12.761Z] [DEBUG] RSS ok: fr/macos/Productivity/top-free entries=99
[2026-10-05T00:19:22.768Z] [DEBUG] Hits: fr/macos/Productivity/top-free 5 app(s) found
[2026-10-05T00:19:23.643Z] [DEBUG] RSS ok: fr/macos/Utilities/top-free entries=100
[2026-10-05T00:19:33.650Z] [DEBUG] Hits: fr/macos/Utilities/top-free 1 app(s) found
[2026-10-05T00:19:34.583Z] [DEBUG] RSS ok: de/macos/Business/top-free entries=99
[2026-10-05T00:19:44.588Z] [DEBUG] Hits: de/macos/Business/top-free 3 app(s) found
[2026-10-05T00:19:45.479Z] [DEBUG] RSS ok: de/macos/Productivity/top-free entries=99
[2026-10-05T00:19:55.485Z] [DEBUG] Hits: de/macos/Productivity/top-free 4 app(s) found
[2026-10-05T00:19:56.540Z] [DEBUG] RSS ok: de/macos/Utilities/top-free entries=100
[2026-10-05T00:20:06.545Z] [DEBUG] Hits: de/macos/Utilities/top-free 3 app(s) found
[2026-10-05T00:20:07.270Z] [DEBUG] RSS ok: jp/macos/Business/top-free entries=100
[2026-10-05T00:20:17.275Z] [DEBUG] Hits: jp/macos/Business/top-free 2 app(s) found
[2026-10-05T00:20:18.525Z] [DEBUG] RSS ok: jp/macos/Productivity/top-free entries=99
[2026-10-05T00:20:28.531Z] [DEBUG] Hits: jp/macos/Productivity/top-free 4 app(s) found
[2026-10-05T00:20:29.276Z] [DEBUG] RSS ok: jp/macos/Utilities/top-free entries=100
[2026-10-05T00:20:39.283Z] [DEBUG] Hits: jp/macos/Utilities/top-free 4 app(s) found
[2026-10-05T00:20:40.549Z] [DEBUG] RSS ok: au/macos/Business/top-free entries=100
[2026-10-05T00:20:50.555Z] [DEBUG] Hits: au/macos/Business/top-free 2 app(s) found
[2026-10-05T00:20:51.652Z] [DEBUG] RSS ok: au/macos/Productivity/top-free entries=99
[2026-10-05T00:21:01.658Z] [DEBUG] Hits: au/macos/Productivity/top-free 4 app(s) found
[2026-10-05T00:21:01.658Z] [INFO] RSS progress: 20/60 (20 ok, 0 error, 63 points)
[2026-10-05T00:21:02.788Z] [DEBUG] RSS ok: au/macos/Utilities/top-free entries=100
[2026-10-05T00:21:12.795Z] [DEBUG] Hits: au/macos/Utilities/top-free 2 app(s) found
[2026-10-05T00:21:13.818Z] [DEBUG] RSS ok: es/macos/Business/top-free entries=99
[2026-10-05T00:21:23.824Z] [DEBUG] Hits: es/macos/Business/top-free 4 app(s) found
[2026-10-05T00:21:25.332Z] [DEBUG] RSS ok: es/macos/Productivity/top-free entries=99
[2026-10-05T00:21:35.338Z] [DEBUG] Hits: es/macos/Productivity/top-free 5 app(s) found
[2026-10-05T00:21:36.076Z] [DEBUG] RSS ok: es/macos/Utilities/top-free entries=100
[2026-10-05T00:21:46.081Z] [DEBUG] Hits: es/macos/Utilities/top-free 1 app(s) found
[2026-10-05T00:21:47.603Z] [DEBUG] RSS ok: it/macos/Business/top-free entries=100
[2026-10-05T00:21:57.611Z] [DEBUG] Hits: it/macos/Business/top-free 3 app(s) found
[2026-10-05T00:21:58.868Z] [DEBUG] RSS ok: it/macos/Productivity/top-free entries=99
[2026-10-05T00:22:08.874Z] [DEBUG] Hits: it/macos/Productivity/top-free 5 app(s) found
[2026-10-05T00:22:09.696Z] [DEBUG] RSS ok: it/macos/Utilities/top-free entries=100
[2026-10-05T00:22:19.702Z] [DEBUG] Hits: it/macos/Utilities/top-free 1 app(s) found
[2026-10-05T00:22:20.456Z] [DEBUG] RSS ok: pt/macos/Business/top-free entries=99
[2026-10-05T00:22:30.463Z] [DEBUG] Hits: pt/macos/Business/top-free 3 app(s) found
[2026-10-05T00:22:31.415Z] [DEBUG] RSS ok: pt/macos/Productivity/top-free entries=99
[2026-10-05T00:22:41.421Z] [DEBUG] Hits: pt/macos/Productivity/top-free 2 app(s) found
[2026-10-05T00:22:42.350Z] [DEBUG] RSS ok: pt/macos/Utilities/top-free entries=100
[2026-10-05T00:22:52.355Z] [DEBUG] Hits: pt/macos/Utilities/top-free 1 app(s) found
[2026-10-05T00:22:52.355Z] [INFO] RSS progress: 30/60 (30 ok, 0 error, 90 points)
[2026-10-05T00:22:53.746Z] [DEBUG] RSS ok: ch/macos/Business/top-free entries=100
[2026-10-05T00:23:03.751Z] [DEBUG] Hits: ch/macos/Business/top-free 2 app(s) found
[2026-10-05T00:23:04.800Z] [DEBUG] RSS ok: ch/macos/Productivity/top-free entries=99
[2026-10-05T00:23:14.806Z] [DEBUG] Hits: ch/macos/Productivity/top-free 4 app(s) found
[2026-10-05T00:23:16.753Z] [DEBUG] RSS ok: ch/macos/Utilities/top-free entries=100
[2026-10-05T00:23:26.760Z] [DEBUG] Hits: ch/macos/Utilities/top-free 3 app(s) found
[2026-10-05T00:23:27.569Z] [DEBUG] RSS ok: be/macos/Business/top-free entries=100
[2026-10-05T00:23:37.576Z] [DEBUG] Hits: be/macos/Business/top-free 2 app(s) found
[2026-10-05T00:23:39.200Z] [DEBUG] RSS ok: be/macos/Productivity/top-free entries=99
[2026-10-05T00:23:49.205Z] [DEBUG] Hits: be/macos/Productivity/top-free 4 app(s) found
[2026-10-05T00:23:50.090Z] [DEBUG] RSS ok: be/macos/Utilities/top-free entries=100
[2026-10-05T00:24:00.095Z] [DEBUG] Hits: be/macos/Utilities/top-free 3 app(s) found
[2026-10-05T00:24:01.064Z] [DEBUG] RSS ok: nl/macos/Business/top-free entries=100
[2026-10-05T00:24:11.779Z] [DEBUG] RSS ok: nl/macos/Productivity/top-free entries=99
[2026-10-05T00:24:21.786Z] [DEBUG] Hits: nl/macos/Productivity/top-free 4 app(s) found
[2026-10-05T00:24:22.611Z] [DEBUG] RSS ok: nl/macos/Utilities/top-free entries=100
[2026-10-05T00:24:32.617Z] [DEBUG] Hits: nl/macos/Utilities/top-free 1 app(s) found
[2026-10-05T00:24:33.412Z] [DEBUG] RSS ok: tw/macos/Business/top-free entries=100
[2026-10-05T00:24:43.414Z] [DEBUG] Hits: tw/macos/Business/top-free 2 app(s) found
[2026-10-05T00:24:43.415Z] [INFO] RSS progress: 40/60 (40 ok, 0 error, 115 points)
[2026-10-05T00:24:44.908Z] [DEBUG] RSS ok: tw/macos/Productivity/top-free entries=99
[2026-10-05T00:24:54.914Z] [DEBUG] Hits: tw/macos/Productivity/top-free 2 app(s) found
[2026-10-05T00:24:55.807Z] [DEBUG] RSS ok: tw/macos/Utilities/top-free entries=100
[2026-10-05T00:25:05.814Z] [DEBUG] Hits: tw/macos/Utilities/top-free 1 app(s) found
[2026-10-05T00:25:06.840Z] [DEBUG] RSS ok: hk/macos/Business/top-free entries=100
[2026-10-05T00:25:16.847Z] [DEBUG] Hits: hk/macos/Business/top-free 2 app(s) found
[2026-10-05T00:25:17.648Z] [DEBUG] RSS ok: hk/macos/Productivity/top-free entries=99
[2026-10-05T00:25:27.655Z] [DEBUG] Hits: hk/macos/Productivity/top-free 4 app(s) found
[2026-10-05T00:25:29.694Z] [DEBUG] RSS ok: hk/macos/Utilities/top-free entries=100
[2026-10-05T00:25:39.700Z] [DEBUG] Hits: hk/macos/Utilities/top-free 1 app(s) found
[2026-10-05T00:25:41.484Z] [DEBUG] RSS ok: nz/macos/Business/top-free entries=100
[2026-10-05T00:25:51.490Z] [DEBUG] Hits: nz/macos/Business/top-free 2 app(s) found
[2026-10-05T00:25:52.665Z] [DEBUG] RSS ok: nz/macos/Productivity/top-free entries=99
[2026-10-05T00:26:02.672Z] [DEBUG] Hits: nz/macos/Productivity/top-free 3 app(s) found
[2026-10-05T00:26:03.851Z] [DEBUG] RSS ok: nz/macos/Utilities/top-free entries=100
[2026-10-05T00:26:13.858Z] [DEBUG] Hits: nz/macos/Utilities/top-free 1 app(s) found
[2026-10-05T00:26:14.731Z] [DEBUG] RSS ok: sg/macos/Business/top-free entries=100
[2026-10-05T00:26:24.734Z] [DEBUG] Hits: sg/macos/Business/top-free 2 app(s) found
[2026-10-05T00:26:25.614Z] [DEBUG] RSS ok: sg/macos/Productivity/top-free entries=99
[2026-10-05T00:26:35.619Z] [DEBUG] Hits: sg/macos/Productivity/top-free 3 app(s) found
[2026-10-05T00:26:35.619Z] [INFO] RSS progress: 50/60 (50 ok, 0 error, 136 points)
[2026-10-05T00:26:36.472Z] [DEBUG] RSS ok: sg/macos/Utilities/top-free entries=100
[2026-10-05T00:26:46.477Z] [DEBUG] Hits: sg/macos/Utilities/top-free 1 app(s) found
[2026-10-05T00:26:47.651Z] [DEBUG] RSS ok: in/macos/Business/top-free entries=99
[2026-10-05T00:26:57.658Z] [DEBUG] Hits: in/macos/Business/top-free 2 app(s) found
[2026-10-05T00:26:58.494Z] [DEBUG] RSS ok: in/macos/Productivity/top-free entries=99
[2026-10-05T00:27:08.501Z] [DEBUG] Hits: in/macos/Productivity/top-free 2 app(s) found
[2026-10-05T00:27:09.319Z] [DEBUG] RSS ok: in/macos/Utilities/top-free entries=100
[2026-10-05T00:27:20.868Z] [DEBUG] RSS ok: za/macos/Business/top-free entries=100
[2026-10-05T00:27:30.874Z] [DEBUG] Hits: za/macos/Business/top-free 2 app(s) found
[2026-10-05T00:27:31.620Z] [DEBUG] RSS ok: za/macos/Productivity/top-free entries=99
[2026-10-05T00:27:41.626Z] [DEBUG] Hits: za/macos/Productivity/top-free 3 app(s) found
[2026-10-05T00:27:42.900Z] [DEBUG] RSS ok: za/macos/Utilities/top-free entries=100
[2026-10-05T00:27:52.907Z] [DEBUG] Hits: za/macos/Utilities/top-free 3 app(s) found
[2026-10-05T00:27:53.754Z] [DEBUG] RSS ok: br/macos/Business/top-free entries=97
[2026-10-05T00:28:03.756Z] [DEBUG] Hits: br/macos/Business/top-free 3 app(s) found
[2026-10-05T00:28:08.262Z] [DEBUG] RSS ok: br/macos/Productivity/top-free entries=99
[2026-10-05T00:28:18.269Z] [DEBUG] Hits: br/macos/Productivity/top-free 4 app(s) found
[2026-10-05T00:28:19.425Z] [DEBUG] RSS ok: br/macos/Utilities/top-free entries=100
[2026-10-05T00:28:29.432Z] [DEBUG] Hits: br/macos/Utilities/top-free 1 app(s) found
[2026-10-05T00:28:29.432Z] [INFO] RSS progress: 60/60 (60 ok, 0 error, 157 points)
[2026-10-05T00:28:29.432Z] [INFO] RSS fetch done: 60 ok, 0 error, 157 points
[2026-10-05T00:28:29.432Z] [INFO] Platform max returned: macos = 100
[2026-10-05T00:28:29.432Z] [INFO] RSS results: 60 ok, 0 error, 157 rank points
[2026-10-05T00:28:29.462Z] [INFO] Stored: 60 crawls, 157 points
[2026-10-05T00:28:29.481Z] [INFO] current.json written rows=23
[2026-10-05T00:28:29.482Z] [INFO] Current summary: on_chart=157, not_on_chart=298, depth_limited=5, crawl_error=0, total=460
[2026-10-05T00:28:29.482Z] [INFO] === Crawl complete === 672.0s
