[2026-10-01T00:17:24.537Z] [INFO] === Crawl start === ts=2026-10-01T00:00:00Z
[2026-10-01T00:17:24.540Z] [INFO] Config loaded apps=4, platforms=macos, categories=Business,Productivity,Utilities
[2026-10-01T00:17:24.540Z] [INFO] App IDs to track: 23 our=4, competitors=19
[2026-10-01T00:17:24.541Z] [INFO] Lookup needed (daily refresh), fetching 23 apps...
[2026-10-01T00:17:24.541Z] [INFO] Lookup: 23 unique IDs in 1 batch(es)
[2026-10-01T00:17:24.541Z] [DEBUG] Lookup batch 1/1: 23 IDs
[2026-10-01T00:17:25.898Z] [DEBUG] Lookup batch 1: 23 results
[2026-10-01T00:17:25.898Z] [INFO] Lookup result: 23/23 apps found
[2026-10-01T00:17:25.900Z] [INFO] Lookup done: 23/23 results
[2026-10-01T00:17:25.900Z] [INFO] RSS requests: 60 countries=20, platforms=macos, categories=Business,Productivity,Utilities
[2026-10-01T00:17:25.901Z] [INFO] RSS fetch start: 60 requests, concurrency=1
[2026-10-01T00:17:26.596Z] [DEBUG] RSS ok: us/macos/Business/top-free entries=100
[2026-10-01T00:17:36.599Z] [DEBUG] Hits: us/macos/Business/top-free 3 app(s) found
[2026-10-01T00:17:37.274Z] [DEBUG] RSS ok: us/macos/Productivity/top-free entries=99
[2026-10-01T00:17:47.281Z] [DEBUG] Hits: us/macos/Productivity/top-free 6 app(s) found
[2026-10-01T00:17:48.080Z] [DEBUG] RSS ok: us/macos/Utilities/top-free entries=100
[2026-10-01T00:17:58.087Z] [DEBUG] Hits: us/macos/Utilities/top-free 1 app(s) found
[2026-10-01T00:17:58.803Z] [DEBUG] RSS ok: gb/macos/Business/top-free entries=100
[2026-10-01T00:18:08.809Z] [DEBUG] Hits: gb/macos/Business/top-free 2 app(s) found
[2026-10-01T00:18:10.056Z] [DEBUG] RSS ok: gb/macos/Productivity/top-free entries=99
[2026-10-01T00:18:20.062Z] [DEBUG] Hits: gb/macos/Productivity/top-free 4 app(s) found
[2026-10-01T00:18:21.023Z] [DEBUG] RSS ok: gb/macos/Utilities/top-free entries=100
[2026-10-01T00:18:31.030Z] [DEBUG] Hits: gb/macos/Utilities/top-free 3 app(s) found
[2026-10-01T00:18:31.940Z] [DEBUG] RSS ok: ca/macos/Business/top-free entries=100
[2026-10-01T00:18:41.947Z] [DEBUG] Hits: ca/macos/Business/top-free 3 app(s) found
[2026-10-01T00:18:42.820Z] [DEBUG] RSS ok: ca/macos/Productivity/top-free entries=99
[2026-10-01T00:18:52.826Z] [DEBUG] Hits: ca/macos/Productivity/top-free 4 app(s) found
[2026-10-01T00:18:53.690Z] [DEBUG] RSS ok: ca/macos/Utilities/top-free entries=100
[2026-10-01T00:19:03.696Z] [DEBUG] Hits: ca/macos/Utilities/top-free 1 app(s) found
[2026-10-01T00:19:04.488Z] [DEBUG] RSS ok: fr/macos/Business/top-free entries=99
[2026-10-01T00:19:14.494Z] [DEBUG] Hits: fr/macos/Business/top-free 4 app(s) found
[2026-10-01T00:19:14.494Z] [INFO] RSS progress: 10/60 (10 ok, 0 error, 31 points)
[2026-10-01T00:19:15.489Z] [DEBUG] RSS ok: fr/macos/Productivity/top-free entries=99
[2026-10-01T00:19:25.496Z] [DEBUG] Hits: fr/macos/Productivity/top-free 4 app(s) found
[2026-10-01T00:19:26.343Z] [DEBUG] RSS ok: fr/macos/Utilities/top-free entries=100
[2026-10-01T00:19:36.348Z] [DEBUG] Hits: fr/macos/Utilities/top-free 1 app(s) found
[2026-10-01T00:19:37.287Z] [DEBUG] RSS ok: de/macos/Business/top-free entries=100
[2026-10-01T00:19:47.289Z] [DEBUG] Hits: de/macos/Business/top-free 1 app(s) found
[2026-10-01T00:19:48.206Z] [DEBUG] RSS ok: de/macos/Productivity/top-free entries=99
[2026-10-01T00:19:58.213Z] [DEBUG] Hits: de/macos/Productivity/top-free 4 app(s) found
[2026-10-01T00:19:58.963Z] [DEBUG] RSS ok: de/macos/Utilities/top-free entries=100
[2026-10-01T00:20:08.969Z] [DEBUG] Hits: de/macos/Utilities/top-free 2 app(s) found
[2026-10-01T00:20:09.976Z] [DEBUG] RSS ok: jp/macos/Business/top-free entries=100
[2026-10-01T00:20:19.982Z] [DEBUG] Hits: jp/macos/Business/top-free 3 app(s) found
[2026-10-01T00:20:20.966Z] [DEBUG] RSS ok: jp/macos/Productivity/top-free entries=99
[2026-10-01T00:20:30.972Z] [DEBUG] Hits: jp/macos/Productivity/top-free 4 app(s) found
[2026-10-01T00:20:31.744Z] [DEBUG] RSS ok: jp/macos/Utilities/top-free entries=100
[2026-10-01T00:20:41.751Z] [DEBUG] Hits: jp/macos/Utilities/top-free 5 app(s) found
[2026-10-01T00:20:42.646Z] [DEBUG] RSS ok: au/macos/Business/top-free entries=100
[2026-10-01T00:20:52.653Z] [DEBUG] Hits: au/macos/Business/top-free 3 app(s) found
[2026-10-01T00:20:53.611Z] [DEBUG] RSS ok: au/macos/Productivity/top-free entries=99
[2026-10-01T00:21:03.618Z] [DEBUG] Hits: au/macos/Productivity/top-free 5 app(s) found
[2026-10-01T00:21:03.618Z] [INFO] RSS progress: 20/60 (20 ok, 0 error, 63 points)
[2026-10-01T00:21:04.532Z] [DEBUG] RSS ok: au/macos/Utilities/top-free entries=100
[2026-10-01T00:21:14.538Z] [DEBUG] Hits: au/macos/Utilities/top-free 2 app(s) found
[2026-10-01T00:21:15.455Z] [DEBUG] RSS ok: es/macos/Business/top-free entries=100
[2026-10-01T00:21:25.461Z] [DEBUG] Hits: es/macos/Business/top-free 3 app(s) found
[2026-10-01T00:21:26.331Z] [DEBUG] RSS ok: es/macos/Productivity/top-free entries=99
[2026-10-01T00:21:36.338Z] [DEBUG] Hits: es/macos/Productivity/top-free 5 app(s) found
[2026-10-01T00:21:37.108Z] [DEBUG] RSS ok: es/macos/Utilities/top-free entries=100
[2026-10-01T00:21:48.117Z] [DEBUG] RSS ok: it/macos/Business/top-free entries=100
[2026-10-01T00:21:58.123Z] [DEBUG] Hits: it/macos/Business/top-free 3 app(s) found
[2026-10-01T00:21:59.108Z] [DEBUG] RSS ok: it/macos/Productivity/top-free entries=99
[2026-10-01T00:22:09.115Z] [DEBUG] Hits: it/macos/Productivity/top-free 5 app(s) found
[2026-10-01T00:22:10.150Z] [DEBUG] RSS ok: it/macos/Utilities/top-free entries=100
[2026-10-01T00:22:20.156Z] [DEBUG] Hits: it/macos/Utilities/top-free 2 app(s) found
[2026-10-01T00:22:20.957Z] [DEBUG] RSS ok: pt/macos/Business/top-free entries=100
[2026-10-01T00:22:30.963Z] [DEBUG] Hits: pt/macos/Business/top-free 3 app(s) found
[2026-10-01T00:22:31.810Z] [DEBUG] RSS ok: pt/macos/Productivity/top-free entries=99
[2026-10-01T00:22:41.816Z] [DEBUG] Hits: pt/macos/Productivity/top-free 2 app(s) found
[2026-10-01T00:22:42.770Z] [DEBUG] RSS ok: pt/macos/Utilities/top-free entries=100
[2026-10-01T00:22:52.776Z] [DEBUG] Hits: pt/macos/Utilities/top-free 1 app(s) found
[2026-10-01T00:22:52.776Z] [INFO] RSS progress: 30/60 (30 ok, 0 error, 89 points)
[2026-10-01T00:22:53.728Z] [DEBUG] RSS ok: ch/macos/Business/top-free entries=100
[2026-10-01T00:23:03.735Z] [DEBUG] Hits: ch/macos/Business/top-free 1 app(s) found
[2026-10-01T00:23:04.711Z] [DEBUG] RSS ok: ch/macos/Productivity/top-free entries=99
[2026-10-01T00:23:14.718Z] [DEBUG] Hits: ch/macos/Productivity/top-free 4 app(s) found
[2026-10-01T00:23:16.042Z] [DEBUG] RSS ok: ch/macos/Utilities/top-free entries=100
[2026-10-01T00:23:26.048Z] [DEBUG] Hits: ch/macos/Utilities/top-free 2 app(s) found
[2026-10-01T00:23:26.930Z] [DEBUG] RSS ok: be/macos/Business/top-free entries=99
[2026-10-01T00:23:36.937Z] [DEBUG] Hits: be/macos/Business/top-free 2 app(s) found
[2026-10-01T00:23:37.895Z] [DEBUG] RSS ok: be/macos/Productivity/top-free entries=99
[2026-10-01T00:23:47.899Z] [DEBUG] Hits: be/macos/Productivity/top-free 4 app(s) found
[2026-10-01T00:23:48.803Z] [DEBUG] RSS ok: be/macos/Utilities/top-free entries=100
[2026-10-01T00:23:58.809Z] [DEBUG] Hits: be/macos/Utilities/top-free 1 app(s) found
[2026-10-01T00:23:59.729Z] [DEBUG] RSS ok: nl/macos/Business/top-free entries=100
[2026-10-01T00:24:09.735Z] [DEBUG] Hits: nl/macos/Business/top-free 1 app(s) found
[2026-10-01T00:24:10.602Z] [DEBUG] RSS ok: nl/macos/Productivity/top-free entries=99
[2026-10-01T00:24:20.608Z] [DEBUG] Hits: nl/macos/Productivity/top-free 4 app(s) found
[2026-10-01T00:24:21.824Z] [DEBUG] RSS ok: nl/macos/Utilities/top-free entries=100
[2026-10-01T00:24:31.830Z] [DEBUG] Hits: nl/macos/Utilities/top-free 1 app(s) found
[2026-10-01T00:24:32.771Z] [DEBUG] RSS ok: tw/macos/Business/top-free entries=100
[2026-10-01T00:24:42.778Z] [DEBUG] Hits: tw/macos/Business/top-free 2 app(s) found
[2026-10-01T00:24:42.778Z] [INFO] RSS progress: 40/60 (40 ok, 0 error, 111 points)
[2026-10-01T00:24:43.609Z] [DEBUG] RSS ok: tw/macos/Productivity/top-free entries=99
[2026-10-01T00:24:53.616Z] [DEBUG] Hits: tw/macos/Productivity/top-free 1 app(s) found
[2026-10-01T00:24:54.585Z] [DEBUG] RSS ok: tw/macos/Utilities/top-free entries=100
[2026-10-01T00:25:04.592Z] [DEBUG] Hits: tw/macos/Utilities/top-free 2 app(s) found
[2026-10-01T00:25:05.371Z] [DEBUG] RSS ok: hk/macos/Business/top-free entries=100
[2026-10-01T00:25:15.377Z] [DEBUG] Hits: hk/macos/Business/top-free 1 app(s) found
[2026-10-01T00:25:16.158Z] [DEBUG] RSS ok: hk/macos/Productivity/top-free entries=99
[2026-10-01T00:25:26.164Z] [DEBUG] Hits: hk/macos/Productivity/top-free 3 app(s) found
[2026-10-01T00:25:26.946Z] [DEBUG] RSS ok: hk/macos/Utilities/top-free entries=100
[2026-10-01T00:25:37.793Z] [DEBUG] RSS ok: nz/macos/Business/top-free entries=99
[2026-10-01T00:25:47.795Z] [DEBUG] Hits: nz/macos/Business/top-free 1 app(s) found
[2026-10-01T00:25:48.708Z] [DEBUG] RSS ok: nz/macos/Productivity/top-free entries=99
[2026-10-01T00:25:58.715Z] [DEBUG] Hits: nz/macos/Productivity/top-free 4 app(s) found
[2026-10-01T00:25:59.520Z] [DEBUG] RSS ok: nz/macos/Utilities/top-free entries=100
[2026-10-01T00:26:10.332Z] [DEBUG] RSS ok: sg/macos/Business/top-free entries=100
[2026-10-01T00:26:20.339Z] [DEBUG] Hits: sg/macos/Business/top-free 1 app(s) found
[2026-10-01T00:26:21.164Z] [DEBUG] RSS ok: sg/macos/Productivity/top-free entries=99
[2026-10-01T00:26:31.171Z] [DEBUG] Hits: sg/macos/Productivity/top-free 3 app(s) found
[2026-10-01T00:26:31.171Z] [INFO] RSS progress: 50/60 (50 ok, 0 error, 127 points)
[2026-10-01T00:26:32.011Z] [DEBUG] RSS ok: sg/macos/Utilities/top-free entries=100
[2026-10-01T00:26:42.017Z] [DEBUG] Hits: sg/macos/Utilities/top-free 1 app(s) found
[2026-10-01T00:26:43.801Z] [DEBUG] RSS ok: in/macos/Business/top-free entries=100
[2026-10-01T00:26:53.807Z] [DEBUG] Hits: in/macos/Business/top-free 3 app(s) found
[2026-10-01T00:26:54.670Z] [DEBUG] RSS ok: in/macos/Productivity/top-free entries=99
[2026-10-01T00:27:04.677Z] [DEBUG] Hits: in/macos/Productivity/top-free 2 app(s) found
[2026-10-01T00:27:05.509Z] [DEBUG] RSS ok: in/macos/Utilities/top-free entries=100
[2026-10-01T00:27:15.515Z] [DEBUG] Hits: in/macos/Utilities/top-free 1 app(s) found
[2026-10-01T00:27:16.409Z] [DEBUG] RSS ok: za/macos/Business/top-free entries=99
[2026-10-01T00:27:26.415Z] [DEBUG] Hits: za/macos/Business/top-free 2 app(s) found
[2026-10-01T00:27:27.417Z] [DEBUG] RSS ok: za/macos/Productivity/top-free entries=99
[2026-10-01T00:27:37.424Z] [DEBUG] Hits: za/macos/Productivity/top-free 3 app(s) found
[2026-10-01T00:27:38.294Z] [DEBUG] RSS ok: za/macos/Utilities/top-free entries=100
[2026-10-01T00:27:48.300Z] [DEBUG] Hits: za/macos/Utilities/top-free 3 app(s) found
[2026-10-01T00:27:49.303Z] [DEBUG] RSS ok: br/macos/Business/top-free entries=100
[2026-10-01T00:27:59.310Z] [DEBUG] Hits: br/macos/Business/top-free 2 app(s) found
[2026-10-01T00:28:00.267Z] [DEBUG] RSS ok: br/macos/Productivity/top-free entries=99
[2026-10-01T00:28:10.273Z] [DEBUG] Hits: br/macos/Productivity/top-free 3 app(s) found
[2026-10-01T00:28:11.213Z] [DEBUG] RSS ok: br/macos/Utilities/top-free entries=100
[2026-10-01T00:28:21.219Z] [INFO] RSS progress: 60/60 (60 ok, 0 error, 147 points)
[2026-10-01T00:28:21.219Z] [INFO] RSS fetch done: 60 ok, 0 error, 147 points
[2026-10-01T00:28:21.219Z] [INFO] Platform max returned: macos = 100
[2026-10-01T00:28:21.220Z] [INFO] RSS results: 60 ok, 0 error, 147 rank points
[2026-10-01T00:28:21.304Z] [INFO] Stored: 60 crawls, 147 points
[2026-10-01T00:28:21.315Z] [INFO] current.json written rows=23
[2026-10-01T00:28:21.315Z] [INFO] Current summary: on_chart=147, not_on_chart=313, depth_limited=0, crawl_error=0, total=460
[2026-10-01T00:28:21.315Z] [INFO] === Crawl complete === 656.8s
[2026-10-01T01:17:19.638Z] [INFO] === Crawl start === ts=2026-10-01T01:00:00Z
[2026-10-01T01:17:19.642Z] [INFO] Config loaded apps=4, platforms=macos, categories=Business,Productivity,Utilities
[2026-10-01T01:17:19.642Z] [INFO] App IDs to track: 23 our=4, competitors=19
[2026-10-01T01:17:19.643Z] [INFO] Lookup cached fetched_at=2026-10-01T00:17:25.899Z, 23 apps
[2026-10-01T01:17:19.644Z] [INFO] RSS requests: 60 countries=20, platforms=macos, categories=Business,Productivity,Utilities
[2026-10-01T01:17:19.644Z] [INFO] RSS fetch start: 60 requests, concurrency=1
[2026-10-01T01:17:20.613Z] [DEBUG] RSS ok: us/macos/Business/top-free entries=100
[2026-10-01T01:17:30.616Z] [DEBUG] Hits: us/macos/Business/top-free 3 app(s) found
[2026-10-01T01:17:31.433Z] [DEBUG] RSS ok: us/macos/Productivity/top-free entries=99
[2026-10-01T01:17:41.436Z] [DEBUG] Hits: us/macos/Productivity/top-free 6 app(s) found
[2026-10-01T01:17:42.354Z] [DEBUG] RSS ok: us/macos/Utilities/top-free entries=100
[2026-10-01T01:17:52.361Z] [DEBUG] Hits: us/macos/Utilities/top-free 1 app(s) found
[2026-10-01T01:17:53.287Z] [DEBUG] RSS ok: gb/macos/Business/top-free entries=100
[2026-10-01T01:18:03.291Z] [DEBUG] Hits: gb/macos/Business/top-free 2 app(s) found
[2026-10-01T01:18:04.019Z] [DEBUG] RSS ok: gb/macos/Productivity/top-free entries=99
[2026-10-01T01:18:14.026Z] [DEBUG] Hits: gb/macos/Productivity/top-free 4 app(s) found
[2026-10-01T01:18:15.214Z] [DEBUG] RSS ok: gb/macos/Utilities/top-free entries=100
[2026-10-01T01:18:25.220Z] [DEBUG] Hits: gb/macos/Utilities/top-free 3 app(s) found
[2026-10-01T01:18:25.980Z] [DEBUG] RSS ok: ca/macos/Business/top-free entries=100
[2026-10-01T01:18:35.986Z] [DEBUG] Hits: ca/macos/Business/top-free 3 app(s) found
[2026-10-01T01:18:36.807Z] [DEBUG] RSS ok: ca/macos/Productivity/top-free entries=99
[2026-10-01T01:18:46.813Z] [DEBUG] Hits: ca/macos/Productivity/top-free 4 app(s) found
[2026-10-01T01:18:48.107Z] [DEBUG] RSS ok: ca/macos/Utilities/top-free entries=100
[2026-10-01T01:18:58.112Z] [DEBUG] Hits: ca/macos/Utilities/top-free 1 app(s) found
[2026-10-01T01:18:58.936Z] [DEBUG] RSS ok: fr/macos/Business/top-free entries=99
[2026-10-01T01:19:08.943Z] [DEBUG] Hits: fr/macos/Business/top-free 4 app(s) found
[2026-10-01T01:19:08.943Z] [INFO] RSS progress: 10/60 (10 ok, 0 error, 31 points)
[2026-10-01T01:19:11.130Z] [DEBUG] RSS ok: fr/macos/Productivity/top-free entries=99
[2026-10-01T01:19:21.136Z] [DEBUG] Hits: fr/macos/Productivity/top-free 4 app(s) found
[2026-10-01T01:19:23.663Z] [DEBUG] RSS ok: fr/macos/Utilities/top-free entries=100
[2026-10-01T01:19:34.484Z] [DEBUG] RSS ok: de/macos/Business/top-free entries=100
[2026-10-01T01:19:44.489Z] [DEBUG] Hits: de/macos/Business/top-free 1 app(s) found
[2026-10-01T01:19:45.173Z] [DEBUG] RSS ok: de/macos/Productivity/top-free entries=99
[2026-10-01T01:19:55.180Z] [DEBUG] Hits: de/macos/Productivity/top-free 4 app(s) found
[2026-10-01T01:19:56.182Z] [DEBUG] RSS ok: de/macos/Utilities/top-free entries=100
[2026-10-01T01:20:06.188Z] [DEBUG] Hits: de/macos/Utilities/top-free 2 app(s) found
[2026-10-01T01:20:07.366Z] [DEBUG] RSS ok: jp/macos/Business/top-free entries=99
[2026-10-01T01:20:17.373Z] [DEBUG] Hits: jp/macos/Business/top-free 3 app(s) found
[2026-10-01T01:20:18.549Z] [DEBUG] RSS ok: jp/macos/Productivity/top-free entries=99
[2026-10-01T01:20:28.556Z] [DEBUG] Hits: jp/macos/Productivity/top-free 4 app(s) found
[2026-10-01T01:20:29.217Z] [DEBUG] RSS ok: jp/macos/Utilities/top-free entries=100
[2026-10-01T01:20:39.222Z] [DEBUG] Hits: jp/macos/Utilities/top-free 5 app(s) found
[2026-10-01T01:20:40.210Z] [DEBUG] RSS ok: au/macos/Business/top-free entries=100
[2026-10-01T01:20:50.215Z] [DEBUG] Hits: au/macos/Business/top-free 3 app(s) found
[2026-10-01T01:20:50.847Z] [DEBUG] RSS ok: au/macos/Productivity/top-free entries=99
[2026-10-01T01:21:00.854Z] [DEBUG] Hits: au/macos/Productivity/top-free 5 app(s) found
[2026-10-01T01:21:00.854Z] [INFO] RSS progress: 20/60 (20 ok, 0 error, 62 points)
[2026-10-01T01:21:02.194Z] [DEBUG] RSS ok: au/macos/Utilities/top-free entries=100
[2026-10-01T01:21:12.201Z] [DEBUG] Hits: au/macos/Utilities/top-free 2 app(s) found
[2026-10-01T01:21:13.202Z] [DEBUG] RSS ok: es/macos/Business/top-free entries=99
[2026-10-01T01:21:23.207Z] [DEBUG] Hits: es/macos/Business/top-free 3 app(s) found
[2026-10-01T01:21:24.283Z] [DEBUG] RSS ok: es/macos/Productivity/top-free entries=99
[2026-10-01T01:21:34.290Z] [DEBUG] Hits: es/macos/Productivity/top-free 5 app(s) found
[2026-10-01T01:21:35.201Z] [DEBUG] RSS ok: es/macos/Utilities/top-free entries=100
[2026-10-01T01:21:45.841Z] [DEBUG] RSS ok: it/macos/Business/top-free entries=100
[2026-10-01T01:21:55.848Z] [DEBUG] Hits: it/macos/Business/top-free 3 app(s) found
[2026-10-01T01:21:56.654Z] [DEBUG] RSS ok: it/macos/Productivity/top-free entries=99
[2026-10-01T01:22:06.655Z] [DEBUG] Hits: it/macos/Productivity/top-free 5 app(s) found
[2026-10-01T01:22:07.639Z] [DEBUG] RSS ok: it/macos/Utilities/top-free entries=100
[2026-10-01T01:22:17.642Z] [DEBUG] Hits: it/macos/Utilities/top-free 2 app(s) found
[2026-10-01T01:22:18.430Z] [DEBUG] RSS ok: pt/macos/Business/top-free entries=100
[2026-10-01T01:22:28.436Z] [DEBUG] Hits: pt/macos/Business/top-free 2 app(s) found
[2026-10-01T01:22:29.383Z] [DEBUG] RSS ok: pt/macos/Productivity/top-free entries=99
[2026-10-01T01:22:39.390Z] [DEBUG] Hits: pt/macos/Productivity/top-free 3 app(s) found
[2026-10-01T01:22:40.212Z] [DEBUG] RSS ok: pt/macos/Utilities/top-free entries=100
[2026-10-01T01:22:50.218Z] [DEBUG] Hits: pt/macos/Utilities/top-free 1 app(s) found
[2026-10-01T01:22:50.218Z] [INFO] RSS progress: 30/60 (30 ok, 0 error, 88 points)
[2026-10-01T01:22:51.156Z] [DEBUG] RSS ok: ch/macos/Business/top-free entries=100
[2026-10-01T01:23:01.163Z] [DEBUG] Hits: ch/macos/Business/top-free 1 app(s) found
[2026-10-01T01:23:02.035Z] [DEBUG] RSS ok: ch/macos/Productivity/top-free entries=99
[2026-10-01T01:23:12.041Z] [DEBUG] Hits: ch/macos/Productivity/top-free 4 app(s) found
[2026-10-01T01:23:13.084Z] [DEBUG] RSS ok: ch/macos/Utilities/top-free entries=100
[2026-10-01T01:23:23.090Z] [DEBUG] Hits: ch/macos/Utilities/top-free 2 app(s) found
[2026-10-01T01:23:24.066Z] [DEBUG] RSS ok: be/macos/Business/top-free entries=99
[2026-10-01T01:23:34.073Z] [DEBUG] Hits: be/macos/Business/top-free 2 app(s) found
[2026-10-01T01:23:34.973Z] [DEBUG] RSS ok: be/macos/Productivity/top-free entries=99
[2026-10-01T01:23:44.979Z] [DEBUG] Hits: be/macos/Productivity/top-free 4 app(s) found
[2026-10-01T01:23:45.947Z] [DEBUG] RSS ok: be/macos/Utilities/top-free entries=100
[2026-10-01T01:23:55.953Z] [DEBUG] Hits: be/macos/Utilities/top-free 1 app(s) found
[2026-10-01T01:23:56.663Z] [DEBUG] RSS ok: nl/macos/Business/top-free entries=100
[2026-10-01T01:24:06.670Z] [DEBUG] Hits: nl/macos/Business/top-free 1 app(s) found
[2026-10-01T01:24:07.609Z] [DEBUG] RSS ok: nl/macos/Productivity/top-free entries=99
[2026-10-01T01:24:17.614Z] [DEBUG] Hits: nl/macos/Productivity/top-free 4 app(s) found
[2026-10-01T01:24:18.403Z] [DEBUG] RSS ok: nl/macos/Utilities/top-free entries=100
[2026-10-01T01:24:28.410Z] [DEBUG] Hits: nl/macos/Utilities/top-free 1 app(s) found
[2026-10-01T01:24:29.183Z] [DEBUG] RSS ok: tw/macos/Business/top-free entries=100
[2026-10-01T01:24:39.189Z] [INFO] RSS progress: 40/60 (40 ok, 0 error, 110 points)
[2026-10-01T01:24:39.189Z] [DEBUG] Hits: tw/macos/Business/top-free 2 app(s) found
[2026-10-01T01:24:40.239Z] [DEBUG] RSS ok: tw/macos/Productivity/top-free entries=99
[2026-10-01T01:24:50.245Z] [DEBUG] Hits: tw/macos/Productivity/top-free 1 app(s) found
[2026-10-01T01:24:52.724Z] [DEBUG] RSS ok: tw/macos/Utilities/top-free entries=100
[2026-10-01T01:25:02.730Z] [DEBUG] Hits: tw/macos/Utilities/top-free 2 app(s) found
[2026-10-01T01:25:03.575Z] [DEBUG] RSS ok: hk/macos/Business/top-free entries=100
[2026-10-01T01:25:13.580Z] [DEBUG] Hits: hk/macos/Business/top-free 2 app(s) found
[2026-10-01T01:25:14.451Z] [DEBUG] RSS ok: hk/macos/Productivity/top-free entries=99
[2026-10-01T01:25:24.457Z] [DEBUG] Hits: hk/macos/Productivity/top-free 3 app(s) found
[2026-10-01T01:25:25.144Z] [DEBUG] RSS ok: hk/macos/Utilities/top-free entries=100
[2026-10-01T01:25:35.151Z] [DEBUG] Hits: hk/macos/Utilities/top-free 1 app(s) found
[2026-10-01T01:25:36.116Z] [DEBUG] RSS ok: nz/macos/Business/top-free entries=99
[2026-10-01T01:25:46.123Z] [DEBUG] Hits: nz/macos/Business/top-free 2 app(s) found
[2026-10-01T01:25:47.103Z] [DEBUG] RSS ok: nz/macos/Productivity/top-free entries=99
[2026-10-01T01:25:57.110Z] [DEBUG] Hits: nz/macos/Productivity/top-free 4 app(s) found
[2026-10-01T01:25:57.812Z] [DEBUG] RSS ok: nz/macos/Utilities/top-free entries=100
[2026-10-01T01:26:08.743Z] [DEBUG] RSS ok: sg/macos/Business/top-free entries=100
[2026-10-01T01:26:18.748Z] [DEBUG] Hits: sg/macos/Business/top-free 1 app(s) found
[2026-10-01T01:26:19.745Z] [DEBUG] RSS ok: sg/macos/Productivity/top-free entries=99
[2026-10-01T01:26:29.750Z] [DEBUG] Hits: sg/macos/Productivity/top-free 3 app(s) found
[2026-10-01T01:26:29.750Z] [INFO] RSS progress: 50/60 (50 ok, 0 error, 129 points)
[2026-10-01T01:26:30.607Z] [DEBUG] RSS ok: sg/macos/Utilities/top-free entries=100
[2026-10-01T01:26:40.613Z] [DEBUG] Hits: sg/macos/Utilities/top-free 1 app(s) found
[2026-10-01T01:26:41.395Z] [DEBUG] RSS ok: in/macos/Business/top-free entries=100
[2026-10-01T01:26:51.399Z] [DEBUG] Hits: in/macos/Business/top-free 3 app(s) found
[2026-10-01T01:26:52.545Z] [DEBUG] RSS ok: in/macos/Productivity/top-free entries=99
[2026-10-01T01:27:02.551Z] [DEBUG] Hits: in/macos/Productivity/top-free 2 app(s) found
[2026-10-01T01:27:03.551Z] [DEBUG] RSS ok: in/macos/Utilities/top-free entries=100
[2026-10-01T01:27:13.558Z] [DEBUG] Hits: in/macos/Utilities/top-free 1 app(s) found
[2026-10-01T01:27:14.514Z] [DEBUG] RSS ok: za/macos/Business/top-free entries=99
[2026-10-01T01:27:24.516Z] [DEBUG] Hits: za/macos/Business/top-free 2 app(s) found
[2026-10-01T01:27:25.704Z] [DEBUG] RSS ok: za/macos/Productivity/top-free entries=99
[2026-10-01T01:27:35.710Z] [DEBUG] Hits: za/macos/Productivity/top-free 3 app(s) found
[2026-10-01T01:27:36.645Z] [DEBUG] RSS ok: za/macos/Utilities/top-free entries=100
[2026-10-01T01:27:46.651Z] [DEBUG] Hits: za/macos/Utilities/top-free 3 app(s) found
[2026-10-01T01:27:47.655Z] [DEBUG] RSS ok: br/macos/Business/top-free entries=100
[2026-10-01T01:27:57.662Z] [DEBUG] Hits: br/macos/Business/top-free 2 app(s) found
[2026-10-01T01:27:58.503Z] [DEBUG] RSS ok: br/macos/Productivity/top-free entries=99
[2026-10-01T01:28:08.509Z] [DEBUG] Hits: br/macos/Productivity/top-free 3 app(s) found
[2026-10-01T01:28:09.851Z] [DEBUG] RSS ok: br/macos/Utilities/top-free entries=100
[2026-10-01T01:28:19.856Z] [INFO] RSS progress: 60/60 (60 ok, 0 error, 149 points)
[2026-10-01T01:28:19.856Z] [INFO] RSS fetch done: 60 ok, 0 error, 149 points
[2026-10-01T01:28:19.857Z] [INFO] RSS results: 60 ok, 0 error, 149 rank points
[2026-10-01T01:28:19.856Z] [INFO] Platform max returned: macos = 100
[2026-10-01T01:28:19.891Z] [INFO] Stored: 60 crawls, 149 points
[2026-10-01T01:28:19.909Z] [INFO] current.json written rows=23
[2026-10-01T01:28:19.910Z] [INFO] Current summary: on_chart=149, not_on_chart=311, depth_limited=0, crawl_error=0, total=460
[2026-10-01T01:28:19.910Z] [INFO] === Crawl complete === 660.3s
