[2026-10-09T00:17:20.809Z] [INFO] === Crawl start === ts=2026-10-09T00:00:00Z
[2026-10-09T00:17:20.813Z] [INFO] Config loaded apps=4, platforms=macos, categories=Business,Productivity,Utilities
[2026-10-09T00:17:20.813Z] [INFO] App IDs to track: 23 our=4, competitors=19
[2026-10-09T00:17:20.814Z] [INFO] Lookup needed (daily refresh), fetching 23 apps...
[2026-10-09T00:17:20.815Z] [INFO] Lookup: 23 unique IDs in 1 batch(es)
[2026-10-09T00:17:20.815Z] [DEBUG] Lookup batch 1/1: 23 IDs
[2026-10-09T00:17:21.842Z] [DEBUG] Lookup batch 1: 22 results
[2026-10-09T00:17:21.842Z] [INFO] Lookup result: 22/23 apps found
[2026-10-09T00:17:21.844Z] [INFO] Lookup done: 22/23 results
[2026-10-09T00:17:21.845Z] [WARN] Lookup: ID 6480280445 not found in App Store
[2026-10-09T00:17:21.845Z] [INFO] RSS requests: 60 countries=20, platforms=macos, categories=Business,Productivity,Utilities
[2026-10-09T00:17:21.845Z] [INFO] RSS fetch start: 60 requests, concurrency=1
[2026-10-09T00:17:22.446Z] [DEBUG] RSS ok: us/macos/Business/top-free entries=100
[2026-10-09T00:17:32.449Z] [DEBUG] Hits: us/macos/Business/top-free 3 app(s) found
[2026-10-09T00:17:33.208Z] [DEBUG] RSS ok: us/macos/Productivity/top-free entries=96
[2026-10-09T00:17:43.215Z] [DEBUG] Hits: us/macos/Productivity/top-free 5 app(s) found
[2026-10-09T00:17:43.940Z] [DEBUG] RSS ok: us/macos/Utilities/top-free entries=100
[2026-10-09T00:17:53.942Z] [DEBUG] Hits: us/macos/Utilities/top-free 1 app(s) found
[2026-10-09T00:17:54.988Z] [DEBUG] RSS ok: gb/macos/Business/top-free entries=100
[2026-10-09T00:18:04.995Z] [DEBUG] Hits: gb/macos/Business/top-free 3 app(s) found
[2026-10-09T00:18:05.594Z] [DEBUG] RSS ok: gb/macos/Productivity/top-free entries=97
[2026-10-09T00:18:15.601Z] [DEBUG] Hits: gb/macos/Productivity/top-free 3 app(s) found
[2026-10-09T00:18:16.312Z] [DEBUG] RSS ok: gb/macos/Utilities/top-free entries=100
[2026-10-09T00:18:26.316Z] [DEBUG] Hits: gb/macos/Utilities/top-free 2 app(s) found
[2026-10-09T00:18:26.913Z] [DEBUG] RSS ok: ca/macos/Business/top-free entries=99
[2026-10-09T00:18:36.919Z] [DEBUG] Hits: ca/macos/Business/top-free 3 app(s) found
[2026-10-09T00:18:37.526Z] [DEBUG] RSS ok: ca/macos/Productivity/top-free entries=97
[2026-10-09T00:18:47.532Z] [DEBUG] Hits: ca/macos/Productivity/top-free 4 app(s) found
[2026-10-09T00:18:48.542Z] [DEBUG] RSS ok: ca/macos/Utilities/top-free entries=100
[2026-10-09T00:18:58.548Z] [DEBUG] Hits: ca/macos/Utilities/top-free 1 app(s) found
[2026-10-09T00:18:59.216Z] [DEBUG] RSS ok: fr/macos/Business/top-free entries=99
[2026-10-09T00:19:09.223Z] [DEBUG] Hits: fr/macos/Business/top-free 3 app(s) found
[2026-10-09T00:19:09.223Z] [INFO] RSS progress: 10/60 (10 ok, 0 error, 28 points)
[2026-10-09T00:19:09.998Z] [DEBUG] RSS ok: fr/macos/Productivity/top-free entries=98
[2026-10-09T00:19:20.004Z] [DEBUG] Hits: fr/macos/Productivity/top-free 4 app(s) found
[2026-10-09T00:19:20.870Z] [DEBUG] RSS ok: fr/macos/Utilities/top-free entries=100
[2026-10-09T00:19:30.877Z] [DEBUG] Hits: fr/macos/Utilities/top-free 1 app(s) found
[2026-10-09T00:19:31.772Z] [DEBUG] RSS ok: de/macos/Business/top-free entries=99
[2026-10-09T00:19:41.778Z] [DEBUG] Hits: de/macos/Business/top-free 2 app(s) found
[2026-10-09T00:19:42.610Z] [DEBUG] RSS ok: de/macos/Productivity/top-free entries=97
[2026-10-09T00:19:52.616Z] [DEBUG] Hits: de/macos/Productivity/top-free 3 app(s) found
[2026-10-09T00:19:53.646Z] [DEBUG] RSS ok: de/macos/Utilities/top-free entries=100
[2026-10-09T00:20:03.653Z] [DEBUG] Hits: de/macos/Utilities/top-free 2 app(s) found
[2026-10-09T00:20:04.298Z] [DEBUG] RSS ok: jp/macos/Business/top-free entries=100
[2026-10-09T00:20:14.305Z] [DEBUG] Hits: jp/macos/Business/top-free 2 app(s) found
[2026-10-09T00:20:15.340Z] [DEBUG] RSS ok: jp/macos/Productivity/top-free entries=96
[2026-10-09T00:20:25.342Z] [DEBUG] Hits: jp/macos/Productivity/top-free 1 app(s) found
[2026-10-09T00:20:25.981Z] [DEBUG] RSS ok: jp/macos/Utilities/top-free entries=100
[2026-10-09T00:20:35.988Z] [DEBUG] Hits: jp/macos/Utilities/top-free 4 app(s) found
[2026-10-09T00:20:36.802Z] [DEBUG] RSS ok: au/macos/Business/top-free entries=100
[2026-10-09T00:20:46.808Z] [DEBUG] Hits: au/macos/Business/top-free 3 app(s) found
[2026-10-09T00:20:47.454Z] [DEBUG] RSS ok: au/macos/Productivity/top-free entries=96
[2026-10-09T00:20:57.460Z] [DEBUG] Hits: au/macos/Productivity/top-free 3 app(s) found
[2026-10-09T00:20:57.461Z] [INFO] RSS progress: 20/60 (20 ok, 0 error, 53 points)
[2026-10-09T00:20:58.075Z] [DEBUG] RSS ok: au/macos/Utilities/top-free entries=100
[2026-10-09T00:21:08.081Z] [DEBUG] Hits: au/macos/Utilities/top-free 1 app(s) found
[2026-10-09T00:21:08.801Z] [DEBUG] RSS ok: es/macos/Business/top-free entries=100
[2026-10-09T00:21:18.807Z] [DEBUG] Hits: es/macos/Business/top-free 3 app(s) found
[2026-10-09T00:21:19.522Z] [DEBUG] RSS ok: es/macos/Productivity/top-free entries=98
[2026-10-09T00:21:29.526Z] [DEBUG] Hits: es/macos/Productivity/top-free 4 app(s) found
[2026-10-09T00:21:30.387Z] [DEBUG] RSS ok: es/macos/Utilities/top-free entries=100
[2026-10-09T00:21:40.392Z] [DEBUG] Hits: es/macos/Utilities/top-free 1 app(s) found
[2026-10-09T00:21:41.102Z] [DEBUG] RSS ok: it/macos/Business/top-free entries=99
[2026-10-09T00:21:51.109Z] [DEBUG] Hits: it/macos/Business/top-free 3 app(s) found
[2026-10-09T00:21:51.843Z] [DEBUG] RSS ok: it/macos/Productivity/top-free entries=98
[2026-10-09T00:22:01.850Z] [DEBUG] Hits: it/macos/Productivity/top-free 4 app(s) found
[2026-10-09T00:22:02.591Z] [DEBUG] RSS ok: it/macos/Utilities/top-free entries=100
[2026-10-09T00:22:12.597Z] [DEBUG] Hits: it/macos/Utilities/top-free 1 app(s) found
[2026-10-09T00:22:13.636Z] [DEBUG] RSS ok: pt/macos/Business/top-free entries=98
[2026-10-09T00:22:23.642Z] [DEBUG] Hits: pt/macos/Business/top-free 4 app(s) found
[2026-10-09T00:22:24.422Z] [DEBUG] RSS ok: pt/macos/Productivity/top-free entries=98
[2026-10-09T00:22:34.429Z] [DEBUG] Hits: pt/macos/Productivity/top-free 3 app(s) found
[2026-10-09T00:22:35.177Z] [DEBUG] RSS ok: pt/macos/Utilities/top-free entries=99
[2026-10-09T00:22:45.184Z] [DEBUG] Hits: pt/macos/Utilities/top-free 3 app(s) found
[2026-10-09T00:22:45.184Z] [INFO] RSS progress: 30/60 (30 ok, 0 error, 80 points)
[2026-10-09T00:22:46.044Z] [DEBUG] RSS ok: ch/macos/Business/top-free entries=100
[2026-10-09T00:22:56.051Z] [DEBUG] Hits: ch/macos/Business/top-free 1 app(s) found
[2026-10-09T00:22:56.772Z] [DEBUG] RSS ok: ch/macos/Productivity/top-free entries=99
[2026-10-09T00:23:06.778Z] [DEBUG] Hits: ch/macos/Productivity/top-free 3 app(s) found
[2026-10-09T00:23:07.523Z] [DEBUG] RSS ok: ch/macos/Utilities/top-free entries=100
[2026-10-09T00:23:17.530Z] [DEBUG] Hits: ch/macos/Utilities/top-free 4 app(s) found
[2026-10-09T00:23:18.387Z] [DEBUG] RSS ok: be/macos/Business/top-free entries=100
[2026-10-09T00:23:28.392Z] [DEBUG] Hits: be/macos/Business/top-free 1 app(s) found
[2026-10-09T00:23:29.157Z] [DEBUG] RSS ok: be/macos/Productivity/top-free entries=98
[2026-10-09T00:23:39.164Z] [DEBUG] Hits: be/macos/Productivity/top-free 4 app(s) found
[2026-10-09T00:23:40.046Z] [DEBUG] RSS ok: be/macos/Utilities/top-free entries=100
[2026-10-09T00:23:50.904Z] [DEBUG] RSS ok: nl/macos/Business/top-free entries=100
[2026-10-09T00:24:00.910Z] [DEBUG] Hits: nl/macos/Business/top-free 2 app(s) found
[2026-10-09T00:24:01.622Z] [DEBUG] RSS ok: nl/macos/Productivity/top-free entries=97
[2026-10-09T00:24:11.628Z] [DEBUG] Hits: nl/macos/Productivity/top-free 4 app(s) found
[2026-10-09T00:24:12.471Z] [DEBUG] RSS ok: nl/macos/Utilities/top-free entries=100
[2026-10-09T00:24:22.478Z] [DEBUG] Hits: nl/macos/Utilities/top-free 2 app(s) found
[2026-10-09T00:24:23.073Z] [DEBUG] RSS ok: tw/macos/Business/top-free entries=99
[2026-10-09T00:24:33.079Z] [DEBUG] Hits: tw/macos/Business/top-free 3 app(s) found
[2026-10-09T00:24:33.079Z] [INFO] RSS progress: 40/60 (40 ok, 0 error, 104 points)
[2026-10-09T00:24:33.770Z] [DEBUG] RSS ok: tw/macos/Productivity/top-free entries=97
[2026-10-09T00:24:43.777Z] [DEBUG] Hits: tw/macos/Productivity/top-free 2 app(s) found
[2026-10-09T00:24:44.604Z] [DEBUG] RSS ok: tw/macos/Utilities/top-free entries=100
[2026-10-09T00:24:54.611Z] [DEBUG] Hits: tw/macos/Utilities/top-free 1 app(s) found
[2026-10-09T00:24:55.568Z] [DEBUG] RSS ok: hk/macos/Business/top-free entries=100
[2026-10-09T00:25:05.575Z] [DEBUG] Hits: hk/macos/Business/top-free 2 app(s) found
[2026-10-09T00:25:06.294Z] [DEBUG] RSS ok: hk/macos/Productivity/top-free entries=98
[2026-10-09T00:25:16.300Z] [DEBUG] Hits: hk/macos/Productivity/top-free 4 app(s) found
[2026-10-09T00:25:17.165Z] [DEBUG] RSS ok: hk/macos/Utilities/top-free entries=100
[2026-10-09T00:25:27.172Z] [DEBUG] Hits: hk/macos/Utilities/top-free 1 app(s) found
[2026-10-09T00:25:27.980Z] [DEBUG] RSS ok: nz/macos/Business/top-free entries=100
[2026-10-09T00:25:37.985Z] [DEBUG] Hits: nz/macos/Business/top-free 2 app(s) found
[2026-10-09T00:25:38.838Z] [DEBUG] RSS ok: nz/macos/Productivity/top-free entries=96
[2026-10-09T00:25:48.845Z] [DEBUG] Hits: nz/macos/Productivity/top-free 3 app(s) found
[2026-10-09T00:25:49.489Z] [DEBUG] RSS ok: nz/macos/Utilities/top-free entries=100
[2026-10-09T00:25:59.496Z] [DEBUG] Hits: nz/macos/Utilities/top-free 3 app(s) found
[2026-10-09T00:26:00.489Z] [DEBUG] RSS ok: sg/macos/Business/top-free entries=100
[2026-10-09T00:26:10.496Z] [DEBUG] Hits: sg/macos/Business/top-free 1 app(s) found
[2026-10-09T00:26:11.450Z] [DEBUG] RSS ok: sg/macos/Productivity/top-free entries=98
[2026-10-09T00:26:21.456Z] [DEBUG] Hits: sg/macos/Productivity/top-free 4 app(s) found
[2026-10-09T00:26:21.456Z] [INFO] RSS progress: 50/60 (50 ok, 0 error, 127 points)
[2026-10-09T00:26:22.446Z] [DEBUG] RSS ok: sg/macos/Utilities/top-free entries=100
[2026-10-09T00:26:32.446Z] [DEBUG] Hits: sg/macos/Utilities/top-free 3 app(s) found
[2026-10-09T00:26:33.435Z] [DEBUG] RSS ok: in/macos/Business/top-free entries=100
[2026-10-09T00:26:43.441Z] [DEBUG] Hits: in/macos/Business/top-free 2 app(s) found
[2026-10-09T00:26:44.241Z] [DEBUG] RSS ok: in/macos/Productivity/top-free entries=99
[2026-10-09T00:26:54.248Z] [DEBUG] Hits: in/macos/Productivity/top-free 3 app(s) found
[2026-10-09T00:26:55.043Z] [DEBUG] RSS ok: in/macos/Utilities/top-free entries=100
[2026-10-09T00:27:05.049Z] [DEBUG] Hits: in/macos/Utilities/top-free 1 app(s) found
[2026-10-09T00:27:06.142Z] [DEBUG] RSS ok: za/macos/Business/top-free entries=100
[2026-10-09T00:27:16.149Z] [DEBUG] Hits: za/macos/Business/top-free 1 app(s) found
[2026-10-09T00:27:17.146Z] [DEBUG] RSS ok: za/macos/Productivity/top-free entries=99
[2026-10-09T00:27:27.153Z] [DEBUG] Hits: za/macos/Productivity/top-free 2 app(s) found
[2026-10-09T00:27:27.895Z] [DEBUG] RSS ok: za/macos/Utilities/top-free entries=100
[2026-10-09T00:27:37.902Z] [DEBUG] Hits: za/macos/Utilities/top-free 1 app(s) found
[2026-10-09T00:27:38.797Z] [DEBUG] RSS ok: br/macos/Business/top-free entries=100
[2026-10-09T00:27:48.798Z] [DEBUG] Hits: br/macos/Business/top-free 2 app(s) found
[2026-10-09T00:27:49.611Z] [DEBUG] RSS ok: br/macos/Productivity/top-free entries=96
[2026-10-09T00:27:59.617Z] [DEBUG] Hits: br/macos/Productivity/top-free 3 app(s) found
[2026-10-09T00:28:00.637Z] [DEBUG] RSS ok: br/macos/Utilities/top-free entries=100
[2026-10-09T00:28:10.643Z] [INFO] RSS progress: 60/60 (60 ok, 0 error, 145 points)
[2026-10-09T00:28:10.643Z] [INFO] Platform max returned: macos = 100
[2026-10-09T00:28:10.643Z] [INFO] RSS fetch done: 60 ok, 0 error, 145 points
[2026-10-09T00:28:10.643Z] [INFO] RSS results: 60 ok, 0 error, 145 rank points
[2026-10-09T00:28:10.680Z] [INFO] Stored: 60 crawls, 145 points
[2026-10-09T00:28:10.694Z] [INFO] current.json written rows=25
[2026-10-09T00:28:10.695Z] [INFO] Current summary: on_chart=145, not_on_chart=306, depth_limited=49, crawl_error=0, total=500
[2026-10-09T00:28:10.695Z] [INFO] === Crawl complete === 649.9s
