[2026-10-07T00:17:17.529Z] [INFO] === Crawl start === ts=2026-10-07T00:00:00Z
[2026-10-07T00:17:17.532Z] [INFO] Config loaded apps=4, platforms=macos, categories=Business,Productivity,Utilities
[2026-10-07T00:17:17.532Z] [INFO] App IDs to track: 23 our=4, competitors=19
[2026-10-07T00:17:17.533Z] [INFO] Lookup needed (daily refresh), fetching 23 apps...
[2026-10-07T00:17:17.533Z] [INFO] Lookup: 23 unique IDs in 1 batch(es)
[2026-10-07T00:17:17.533Z] [DEBUG] Lookup batch 1/1: 23 IDs
[2026-10-07T00:17:18.270Z] [DEBUG] Lookup batch 1: 23 results
[2026-10-07T00:17:18.271Z] [INFO] Lookup result: 23/23 apps found
[2026-10-07T00:17:18.273Z] [INFO] Lookup done: 23/23 results
[2026-10-07T00:17:18.273Z] [INFO] RSS requests: 60 countries=20, platforms=macos, categories=Business,Productivity,Utilities
[2026-10-07T00:17:18.273Z] [INFO] RSS fetch start: 60 requests, concurrency=1
[2026-10-07T00:17:19.017Z] [DEBUG] RSS ok: us/macos/Business/top-free entries=100
[2026-10-07T00:17:29.021Z] [DEBUG] Hits: us/macos/Business/top-free 3 app(s) found
[2026-10-07T00:17:29.802Z] [DEBUG] RSS ok: us/macos/Productivity/top-free entries=99
[2026-10-07T00:17:39.808Z] [DEBUG] Hits: us/macos/Productivity/top-free 6 app(s) found
[2026-10-07T00:17:40.830Z] [DEBUG] RSS ok: us/macos/Utilities/top-free entries=100
[2026-10-07T00:17:50.837Z] [DEBUG] Hits: us/macos/Utilities/top-free 1 app(s) found
[2026-10-07T00:17:52.029Z] [DEBUG] RSS ok: gb/macos/Business/top-free entries=100
[2026-10-07T00:18:02.035Z] [DEBUG] Hits: gb/macos/Business/top-free 2 app(s) found
[2026-10-07T00:18:02.931Z] [DEBUG] RSS ok: gb/macos/Productivity/top-free entries=99
[2026-10-07T00:18:12.938Z] [DEBUG] Hits: gb/macos/Productivity/top-free 5 app(s) found
[2026-10-07T00:18:13.951Z] [DEBUG] RSS ok: gb/macos/Utilities/top-free entries=100
[2026-10-07T00:18:23.956Z] [DEBUG] Hits: gb/macos/Utilities/top-free 3 app(s) found
[2026-10-07T00:18:24.919Z] [DEBUG] RSS ok: ca/macos/Business/top-free entries=100
[2026-10-07T00:18:34.925Z] [DEBUG] Hits: ca/macos/Business/top-free 3 app(s) found
[2026-10-07T00:18:35.713Z] [DEBUG] RSS ok: ca/macos/Productivity/top-free entries=99
[2026-10-07T00:18:45.720Z] [DEBUG] Hits: ca/macos/Productivity/top-free 5 app(s) found
[2026-10-07T00:18:46.642Z] [DEBUG] RSS ok: ca/macos/Utilities/top-free entries=100
[2026-10-07T00:18:56.649Z] [DEBUG] Hits: ca/macos/Utilities/top-free 1 app(s) found
[2026-10-07T00:18:57.644Z] [DEBUG] RSS ok: fr/macos/Business/top-free entries=99
[2026-10-07T00:19:07.651Z] [DEBUG] Hits: fr/macos/Business/top-free 3 app(s) found
[2026-10-07T00:19:07.652Z] [INFO] RSS progress: 10/60 (10 ok, 0 error, 32 points)
[2026-10-07T00:19:08.770Z] [DEBUG] RSS ok: fr/macos/Productivity/top-free entries=99
[2026-10-07T00:19:18.777Z] [DEBUG] Hits: fr/macos/Productivity/top-free 4 app(s) found
[2026-10-07T00:19:19.757Z] [DEBUG] RSS ok: fr/macos/Utilities/top-free entries=100
[2026-10-07T00:19:29.763Z] [DEBUG] Hits: fr/macos/Utilities/top-free 1 app(s) found
[2026-10-07T00:19:30.603Z] [DEBUG] RSS ok: de/macos/Business/top-free entries=99
[2026-10-07T00:19:40.610Z] [DEBUG] Hits: de/macos/Business/top-free 1 app(s) found
[2026-10-07T00:19:41.428Z] [DEBUG] RSS ok: de/macos/Productivity/top-free entries=99
[2026-10-07T00:19:51.434Z] [DEBUG] Hits: de/macos/Productivity/top-free 4 app(s) found
[2026-10-07T00:19:52.282Z] [DEBUG] RSS ok: de/macos/Utilities/top-free entries=100
[2026-10-07T00:20:02.289Z] [DEBUG] Hits: de/macos/Utilities/top-free 1 app(s) found
[2026-10-07T00:20:03.260Z] [DEBUG] RSS ok: jp/macos/Business/top-free entries=100
[2026-10-07T00:20:13.267Z] [DEBUG] Hits: jp/macos/Business/top-free 2 app(s) found
[2026-10-07T00:20:14.122Z] [DEBUG] RSS ok: jp/macos/Productivity/top-free entries=99
[2026-10-07T00:20:24.129Z] [DEBUG] Hits: jp/macos/Productivity/top-free 3 app(s) found
[2026-10-07T00:20:25.356Z] [DEBUG] RSS ok: jp/macos/Utilities/top-free entries=100
[2026-10-07T00:20:35.362Z] [DEBUG] Hits: jp/macos/Utilities/top-free 4 app(s) found
[2026-10-07T00:20:36.326Z] [DEBUG] RSS ok: au/macos/Business/top-free entries=100
[2026-10-07T00:20:46.332Z] [DEBUG] Hits: au/macos/Business/top-free 2 app(s) found
[2026-10-07T00:20:47.231Z] [DEBUG] RSS ok: au/macos/Productivity/top-free entries=99
[2026-10-07T00:20:57.237Z] [DEBUG] Hits: au/macos/Productivity/top-free 5 app(s) found
[2026-10-07T00:20:57.237Z] [INFO] RSS progress: 20/60 (20 ok, 0 error, 59 points)
[2026-10-07T00:20:58.157Z] [DEBUG] RSS ok: au/macos/Utilities/top-free entries=100
[2026-10-07T00:21:08.164Z] [DEBUG] Hits: au/macos/Utilities/top-free 2 app(s) found
[2026-10-07T00:21:09.201Z] [DEBUG] RSS ok: es/macos/Business/top-free entries=99
[2026-10-07T00:21:19.208Z] [DEBUG] Hits: es/macos/Business/top-free 3 app(s) found
[2026-10-07T00:21:20.183Z] [DEBUG] RSS ok: es/macos/Productivity/top-free entries=99
[2026-10-07T00:21:30.190Z] [DEBUG] Hits: es/macos/Productivity/top-free 5 app(s) found
[2026-10-07T00:21:30.957Z] [DEBUG] RSS ok: es/macos/Utilities/top-free entries=100
[2026-10-07T00:21:40.964Z] [DEBUG] Hits: es/macos/Utilities/top-free 2 app(s) found
[2026-10-07T00:21:41.906Z] [DEBUG] RSS ok: it/macos/Business/top-free entries=99
[2026-10-07T00:21:51.912Z] [DEBUG] Hits: it/macos/Business/top-free 3 app(s) found
[2026-10-07T00:21:52.930Z] [DEBUG] RSS ok: it/macos/Productivity/top-free entries=99
[2026-10-07T00:22:02.937Z] [DEBUG] Hits: it/macos/Productivity/top-free 5 app(s) found
[2026-10-07T00:22:04.058Z] [DEBUG] RSS ok: it/macos/Utilities/top-free entries=100
[2026-10-07T00:22:14.065Z] [DEBUG] Hits: it/macos/Utilities/top-free 1 app(s) found
[2026-10-07T00:22:15.374Z] [DEBUG] RSS ok: pt/macos/Business/top-free entries=100
[2026-10-07T00:22:25.380Z] [DEBUG] Hits: pt/macos/Business/top-free 3 app(s) found
[2026-10-07T00:22:26.331Z] [DEBUG] RSS ok: pt/macos/Productivity/top-free entries=99
[2026-10-07T00:22:36.337Z] [DEBUG] Hits: pt/macos/Productivity/top-free 3 app(s) found
[2026-10-07T00:22:37.208Z] [DEBUG] RSS ok: pt/macos/Utilities/top-free entries=100
[2026-10-07T00:22:47.215Z] [INFO] RSS progress: 30/60 (30 ok, 0 error, 86 points)
[2026-10-07T00:22:47.946Z] [DEBUG] RSS ok: ch/macos/Business/top-free entries=100
[2026-10-07T00:22:57.953Z] [DEBUG] Hits: ch/macos/Business/top-free 3 app(s) found
[2026-10-07T00:22:58.965Z] [DEBUG] RSS ok: ch/macos/Productivity/top-free entries=99
[2026-10-07T00:23:08.971Z] [DEBUG] Hits: ch/macos/Productivity/top-free 5 app(s) found
[2026-10-07T00:23:10.135Z] [DEBUG] RSS ok: ch/macos/Utilities/top-free entries=100
[2026-10-07T00:23:20.140Z] [DEBUG] Hits: ch/macos/Utilities/top-free 1 app(s) found
[2026-10-07T00:23:21.524Z] [DEBUG] RSS ok: be/macos/Business/top-free entries=100
[2026-10-07T00:23:31.531Z] [DEBUG] Hits: be/macos/Business/top-free 3 app(s) found
[2026-10-07T00:23:33.845Z] [DEBUG] RSS ok: be/macos/Productivity/top-free entries=99
[2026-10-07T00:23:43.852Z] [DEBUG] Hits: be/macos/Productivity/top-free 6 app(s) found
[2026-10-07T00:23:44.776Z] [DEBUG] RSS ok: be/macos/Utilities/top-free entries=100
[2026-10-07T00:23:54.782Z] [DEBUG] Hits: be/macos/Utilities/top-free 1 app(s) found
[2026-10-07T00:23:55.577Z] [DEBUG] RSS ok: nl/macos/Business/top-free entries=100
[2026-10-07T00:24:05.583Z] [DEBUG] Hits: nl/macos/Business/top-free 1 app(s) found
[2026-10-07T00:24:06.668Z] [DEBUG] RSS ok: nl/macos/Productivity/top-free entries=99
[2026-10-07T00:24:16.673Z] [DEBUG] Hits: nl/macos/Productivity/top-free 3 app(s) found
[2026-10-07T00:24:17.604Z] [DEBUG] RSS ok: nl/macos/Utilities/top-free entries=100
[2026-10-07T00:24:28.475Z] [DEBUG] RSS ok: tw/macos/Business/top-free entries=100
[2026-10-07T00:24:38.481Z] [DEBUG] Hits: tw/macos/Business/top-free 4 app(s) found
[2026-10-07T00:24:38.481Z] [INFO] RSS progress: 40/60 (40 ok, 0 error, 113 points)
[2026-10-07T00:24:39.497Z] [DEBUG] RSS ok: tw/macos/Productivity/top-free entries=99
[2026-10-07T00:24:49.504Z] [DEBUG] Hits: tw/macos/Productivity/top-free 2 app(s) found
[2026-10-07T00:24:50.440Z] [DEBUG] RSS ok: tw/macos/Utilities/top-free entries=100
[2026-10-07T00:25:01.479Z] [DEBUG] RSS ok: hk/macos/Business/top-free entries=100
[2026-10-07T00:25:11.485Z] [DEBUG] Hits: hk/macos/Business/top-free 2 app(s) found
[2026-10-07T00:25:12.340Z] [DEBUG] RSS ok: hk/macos/Productivity/top-free entries=99
[2026-10-07T00:25:22.346Z] [DEBUG] Hits: hk/macos/Productivity/top-free 4 app(s) found
[2026-10-07T00:25:23.311Z] [DEBUG] RSS ok: hk/macos/Utilities/top-free entries=100
[2026-10-07T00:25:33.317Z] [DEBUG] Hits: hk/macos/Utilities/top-free 3 app(s) found
[2026-10-07T00:25:34.242Z] [DEBUG] RSS ok: nz/macos/Business/top-free entries=100
[2026-10-07T00:25:44.249Z] [DEBUG] Hits: nz/macos/Business/top-free 2 app(s) found
[2026-10-07T00:25:45.212Z] [DEBUG] RSS ok: nz/macos/Productivity/top-free entries=99
[2026-10-07T00:25:55.218Z] [DEBUG] Hits: nz/macos/Productivity/top-free 4 app(s) found
[2026-10-07T00:25:56.134Z] [DEBUG] RSS ok: nz/macos/Utilities/top-free entries=100
[2026-10-07T00:26:06.140Z] [DEBUG] Hits: nz/macos/Utilities/top-free 1 app(s) found
[2026-10-07T00:26:06.945Z] [DEBUG] RSS ok: sg/macos/Business/top-free entries=99
[2026-10-07T00:26:16.951Z] [DEBUG] Hits: sg/macos/Business/top-free 2 app(s) found
[2026-10-07T00:26:17.826Z] [DEBUG] RSS ok: sg/macos/Productivity/top-free entries=99
[2026-10-07T00:26:27.831Z] [DEBUG] Hits: sg/macos/Productivity/top-free 2 app(s) found
[2026-10-07T00:26:27.831Z] [INFO] RSS progress: 50/60 (50 ok, 0 error, 135 points)
[2026-10-07T00:26:28.706Z] [DEBUG] RSS ok: sg/macos/Utilities/top-free entries=100
[2026-10-07T00:26:38.712Z] [DEBUG] Hits: sg/macos/Utilities/top-free 2 app(s) found
[2026-10-07T00:26:39.643Z] [DEBUG] RSS ok: in/macos/Business/top-free entries=100
[2026-10-07T00:26:49.649Z] [DEBUG] Hits: in/macos/Business/top-free 3 app(s) found
[2026-10-07T00:26:50.716Z] [DEBUG] RSS ok: in/macos/Productivity/top-free entries=99
[2026-10-07T00:27:00.723Z] [DEBUG] Hits: in/macos/Productivity/top-free 3 app(s) found
[2026-10-07T00:27:01.654Z] [DEBUG] RSS ok: in/macos/Utilities/top-free entries=100
[2026-10-07T00:27:12.554Z] [DEBUG] RSS ok: za/macos/Business/top-free entries=100
[2026-10-07T00:27:22.561Z] [DEBUG] Hits: za/macos/Business/top-free 2 app(s) found
[2026-10-07T00:27:23.897Z] [DEBUG] RSS ok: za/macos/Productivity/top-free entries=99
[2026-10-07T00:27:33.904Z] [DEBUG] Hits: za/macos/Productivity/top-free 3 app(s) found
[2026-10-07T00:27:34.885Z] [DEBUG] RSS ok: za/macos/Utilities/top-free entries=100
[2026-10-07T00:27:44.890Z] [DEBUG] Hits: za/macos/Utilities/top-free 2 app(s) found
[2026-10-07T00:27:45.869Z] [DEBUG] RSS ok: br/macos/Business/top-free entries=99
[2026-10-07T00:27:55.875Z] [DEBUG] Hits: br/macos/Business/top-free 2 app(s) found
[2026-10-07T00:27:56.856Z] [DEBUG] RSS ok: br/macos/Productivity/top-free entries=99
[2026-10-07T00:28:06.857Z] [DEBUG] Hits: br/macos/Productivity/top-free 4 app(s) found
[2026-10-07T00:28:08.451Z] [DEBUG] RSS ok: br/macos/Utilities/top-free entries=100
[2026-10-07T00:28:18.456Z] [DEBUG] Hits: br/macos/Utilities/top-free 1 app(s) found
[2026-10-07T00:28:18.457Z] [INFO] RSS progress: 60/60 (60 ok, 0 error, 157 points)
[2026-10-07T00:28:18.457Z] [INFO] RSS fetch done: 60 ok, 0 error, 157 points
[2026-10-07T00:28:18.457Z] [INFO] Platform max returned: macos = 100
[2026-10-07T00:28:18.457Z] [INFO] RSS results: 60 ok, 0 error, 157 rank points
[2026-10-07T00:28:18.474Z] [INFO] Stored: 60 crawls, 157 points
[2026-10-07T00:28:18.486Z] [INFO] current.json written rows=23
[2026-10-07T00:28:18.486Z] [INFO] Current summary: on_chart=157, not_on_chart=303, depth_limited=0, crawl_error=0, total=460
[2026-10-07T00:28:18.487Z] [INFO] === Crawl complete === 661.0s
[2026-10-07T01:17:19.792Z] [INFO] === Crawl start === ts=2026-10-07T01:00:00Z
[2026-10-07T01:17:19.796Z] [INFO] Config loaded apps=4, platforms=macos, categories=Business,Productivity,Utilities
[2026-10-07T01:17:19.796Z] [INFO] App IDs to track: 23 our=4, competitors=19
[2026-10-07T01:17:19.797Z] [INFO] Lookup cached fetched_at=2026-10-07T00:17:18.271Z, 23 apps
[2026-10-07T01:17:19.798Z] [INFO] RSS requests: 60 countries=20, platforms=macos, categories=Business,Productivity,Utilities
[2026-10-07T01:17:19.798Z] [INFO] RSS fetch start: 60 requests, concurrency=1
[2026-10-07T01:17:20.564Z] [DEBUG] RSS ok: us/macos/Business/top-free entries=100
[2026-10-07T01:17:30.566Z] [DEBUG] Hits: us/macos/Business/top-free 3 app(s) found
[2026-10-07T01:17:31.232Z] [DEBUG] RSS ok: us/macos/Productivity/top-free entries=99
[2026-10-07T01:17:41.238Z] [DEBUG] Hits: us/macos/Productivity/top-free 6 app(s) found
[2026-10-07T01:17:41.944Z] [DEBUG] RSS ok: us/macos/Utilities/top-free entries=100
[2026-10-07T01:17:51.945Z] [DEBUG] Hits: us/macos/Utilities/top-free 1 app(s) found
[2026-10-07T01:17:52.760Z] [DEBUG] RSS ok: gb/macos/Business/top-free entries=100
[2026-10-07T01:18:02.765Z] [DEBUG] Hits: gb/macos/Business/top-free 2 app(s) found
[2026-10-07T01:18:03.628Z] [DEBUG] RSS ok: gb/macos/Productivity/top-free entries=99
[2026-10-07T01:18:13.635Z] [DEBUG] Hits: gb/macos/Productivity/top-free 5 app(s) found
[2026-10-07T01:18:14.409Z] [DEBUG] RSS ok: gb/macos/Utilities/top-free entries=100
[2026-10-07T01:18:24.412Z] [DEBUG] Hits: gb/macos/Utilities/top-free 3 app(s) found
[2026-10-07T01:18:24.986Z] [DEBUG] RSS ok: ca/macos/Business/top-free entries=100
[2026-10-07T01:18:34.991Z] [DEBUG] Hits: ca/macos/Business/top-free 3 app(s) found
[2026-10-07T01:18:35.605Z] [DEBUG] RSS ok: ca/macos/Productivity/top-free entries=99
[2026-10-07T01:18:45.611Z] [DEBUG] Hits: ca/macos/Productivity/top-free 5 app(s) found
[2026-10-07T01:18:46.549Z] [DEBUG] RSS ok: ca/macos/Utilities/top-free entries=100
[2026-10-07T01:18:56.555Z] [DEBUG] Hits: ca/macos/Utilities/top-free 1 app(s) found
[2026-10-07T01:18:57.398Z] [DEBUG] RSS ok: fr/macos/Business/top-free entries=99
[2026-10-07T01:19:07.404Z] [DEBUG] Hits: fr/macos/Business/top-free 3 app(s) found
[2026-10-07T01:19:07.404Z] [INFO] RSS progress: 10/60 (10 ok, 0 error, 32 points)
[2026-10-07T01:19:08.170Z] [DEBUG] RSS ok: fr/macos/Productivity/top-free entries=99
[2026-10-07T01:19:18.176Z] [DEBUG] Hits: fr/macos/Productivity/top-free 4 app(s) found
[2026-10-07T01:19:19.880Z] [DEBUG] RSS ok: fr/macos/Utilities/top-free entries=100
[2026-10-07T01:19:29.887Z] [DEBUG] Hits: fr/macos/Utilities/top-free 1 app(s) found
[2026-10-07T01:19:30.741Z] [DEBUG] RSS ok: de/macos/Business/top-free entries=99
[2026-10-07T01:19:40.747Z] [DEBUG] Hits: de/macos/Business/top-free 1 app(s) found
[2026-10-07T01:19:41.380Z] [DEBUG] RSS ok: de/macos/Productivity/top-free entries=99
[2026-10-07T01:19:51.385Z] [DEBUG] Hits: de/macos/Productivity/top-free 4 app(s) found
[2026-10-07T01:19:52.295Z] [DEBUG] RSS ok: de/macos/Utilities/top-free entries=100
[2026-10-07T01:20:02.299Z] [DEBUG] Hits: de/macos/Utilities/top-free 1 app(s) found
[2026-10-07T01:20:03.056Z] [DEBUG] RSS ok: jp/macos/Business/top-free entries=100
[2026-10-07T01:20:13.062Z] [DEBUG] Hits: jp/macos/Business/top-free 2 app(s) found
[2026-10-07T01:20:13.894Z] [DEBUG] RSS ok: jp/macos/Productivity/top-free entries=99
[2026-10-07T01:20:23.901Z] [DEBUG] Hits: jp/macos/Productivity/top-free 3 app(s) found
[2026-10-07T01:20:24.716Z] [DEBUG] RSS ok: jp/macos/Utilities/top-free entries=100
[2026-10-07T01:20:34.723Z] [DEBUG] Hits: jp/macos/Utilities/top-free 4 app(s) found
[2026-10-07T01:20:35.471Z] [DEBUG] RSS ok: au/macos/Business/top-free entries=100
[2026-10-07T01:20:45.478Z] [DEBUG] Hits: au/macos/Business/top-free 2 app(s) found
[2026-10-07T01:20:46.185Z] [DEBUG] RSS ok: au/macos/Productivity/top-free entries=99
[2026-10-07T01:20:56.191Z] [DEBUG] Hits: au/macos/Productivity/top-free 5 app(s) found
[2026-10-07T01:20:56.192Z] [INFO] RSS progress: 20/60 (20 ok, 0 error, 59 points)
[2026-10-07T01:20:57.049Z] [DEBUG] RSS ok: au/macos/Utilities/top-free entries=100
[2026-10-07T01:21:07.056Z] [DEBUG] Hits: au/macos/Utilities/top-free 1 app(s) found
[2026-10-07T01:21:07.706Z] [DEBUG] RSS ok: es/macos/Business/top-free entries=99
[2026-10-07T01:21:17.712Z] [DEBUG] Hits: es/macos/Business/top-free 3 app(s) found
[2026-10-07T01:21:18.324Z] [DEBUG] RSS ok: es/macos/Productivity/top-free entries=99
[2026-10-07T01:21:28.329Z] [DEBUG] Hits: es/macos/Productivity/top-free 5 app(s) found
[2026-10-07T01:21:29.054Z] [DEBUG] RSS ok: es/macos/Utilities/top-free entries=100
[2026-10-07T01:21:40.060Z] [DEBUG] RSS ok: it/macos/Business/top-free entries=99
[2026-10-07T01:21:50.066Z] [DEBUG] Hits: it/macos/Business/top-free 3 app(s) found
[2026-10-07T01:21:50.832Z] [DEBUG] RSS ok: it/macos/Productivity/top-free entries=99
[2026-10-07T01:22:00.833Z] [DEBUG] Hits: it/macos/Productivity/top-free 5 app(s) found
[2026-10-07T01:22:01.657Z] [DEBUG] RSS ok: it/macos/Utilities/top-free entries=100
[2026-10-07T01:22:11.663Z] [DEBUG] Hits: it/macos/Utilities/top-free 1 app(s) found
[2026-10-07T01:22:12.456Z] [DEBUG] RSS ok: pt/macos/Business/top-free entries=100
[2026-10-07T01:22:22.461Z] [DEBUG] Hits: pt/macos/Business/top-free 3 app(s) found
[2026-10-07T01:22:23.602Z] [DEBUG] RSS ok: pt/macos/Productivity/top-free entries=99
[2026-10-07T01:22:33.608Z] [DEBUG] Hits: pt/macos/Productivity/top-free 3 app(s) found
[2026-10-07T01:22:34.641Z] [DEBUG] RSS ok: pt/macos/Utilities/top-free entries=100
[2026-10-07T01:22:44.647Z] [INFO] RSS progress: 30/60 (30 ok, 0 error, 83 points)
[2026-10-07T01:22:45.508Z] [DEBUG] RSS ok: ch/macos/Business/top-free entries=100
[2026-10-07T01:22:55.514Z] [DEBUG] Hits: ch/macos/Business/top-free 3 app(s) found
[2026-10-07T01:22:56.594Z] [DEBUG] RSS ok: ch/macos/Productivity/top-free entries=99
[2026-10-07T01:23:06.601Z] [DEBUG] Hits: ch/macos/Productivity/top-free 5 app(s) found
[2026-10-07T01:23:07.685Z] [DEBUG] RSS ok: ch/macos/Utilities/top-free entries=100
[2026-10-07T01:23:17.691Z] [DEBUG] Hits: ch/macos/Utilities/top-free 1 app(s) found
[2026-10-07T01:23:18.482Z] [DEBUG] RSS ok: be/macos/Business/top-free entries=100
[2026-10-07T01:23:28.488Z] [DEBUG] Hits: be/macos/Business/top-free 3 app(s) found
[2026-10-07T01:23:29.328Z] [DEBUG] RSS ok: be/macos/Productivity/top-free entries=99
[2026-10-07T01:23:39.335Z] [DEBUG] Hits: be/macos/Productivity/top-free 6 app(s) found
[2026-10-07T01:23:39.956Z] [DEBUG] RSS ok: be/macos/Utilities/top-free entries=100
[2026-10-07T01:23:49.963Z] [DEBUG] Hits: be/macos/Utilities/top-free 1 app(s) found
[2026-10-07T01:23:50.741Z] [DEBUG] RSS ok: nl/macos/Business/top-free entries=100
[2026-10-07T01:24:00.748Z] [DEBUG] Hits: nl/macos/Business/top-free 1 app(s) found
[2026-10-07T01:24:01.400Z] [DEBUG] RSS ok: nl/macos/Productivity/top-free entries=99
[2026-10-07T01:24:11.407Z] [DEBUG] Hits: nl/macos/Productivity/top-free 3 app(s) found
[2026-10-07T01:24:12.184Z] [DEBUG] RSS ok: nl/macos/Utilities/top-free entries=100
[2026-10-07T01:24:22.907Z] [DEBUG] RSS ok: tw/macos/Business/top-free entries=100
[2026-10-07T01:24:32.913Z] [DEBUG] Hits: tw/macos/Business/top-free 4 app(s) found
[2026-10-07T01:24:32.913Z] [INFO] RSS progress: 40/60 (40 ok, 0 error, 110 points)
[2026-10-07T01:24:33.828Z] [DEBUG] RSS ok: tw/macos/Productivity/top-free entries=99
[2026-10-07T01:24:43.834Z] [DEBUG] Hits: tw/macos/Productivity/top-free 2 app(s) found
[2026-10-07T01:24:44.555Z] [DEBUG] RSS ok: tw/macos/Utilities/top-free entries=100
[2026-10-07T01:24:55.764Z] [DEBUG] RSS ok: hk/macos/Business/top-free entries=100
[2026-10-07T01:25:05.771Z] [DEBUG] Hits: hk/macos/Business/top-free 2 app(s) found
[2026-10-07T01:25:06.561Z] [DEBUG] RSS ok: hk/macos/Productivity/top-free entries=99
[2026-10-07T01:25:16.567Z] [DEBUG] Hits: hk/macos/Productivity/top-free 4 app(s) found
[2026-10-07T01:25:17.328Z] [DEBUG] RSS ok: hk/macos/Utilities/top-free entries=100
[2026-10-07T01:25:27.335Z] [DEBUG] Hits: hk/macos/Utilities/top-free 3 app(s) found
[2026-10-07T01:25:28.087Z] [DEBUG] RSS ok: nz/macos/Business/top-free entries=100
[2026-10-07T01:25:38.094Z] [DEBUG] Hits: nz/macos/Business/top-free 2 app(s) found
[2026-10-07T01:25:38.821Z] [DEBUG] RSS ok: nz/macos/Productivity/top-free entries=99
[2026-10-07T01:25:48.826Z] [DEBUG] Hits: nz/macos/Productivity/top-free 5 app(s) found
[2026-10-07T01:25:49.630Z] [DEBUG] RSS ok: nz/macos/Utilities/top-free entries=100
[2026-10-07T01:25:59.635Z] [DEBUG] Hits: nz/macos/Utilities/top-free 1 app(s) found
[2026-10-07T01:26:00.351Z] [DEBUG] RSS ok: sg/macos/Business/top-free entries=99
[2026-10-07T01:26:10.357Z] [DEBUG] Hits: sg/macos/Business/top-free 2 app(s) found
[2026-10-07T01:26:11.167Z] [DEBUG] RSS ok: sg/macos/Productivity/top-free entries=99
[2026-10-07T01:26:21.174Z] [DEBUG] Hits: sg/macos/Productivity/top-free 2 app(s) found
[2026-10-07T01:26:21.174Z] [INFO] RSS progress: 50/60 (50 ok, 0 error, 133 points)
[2026-10-07T01:26:22.122Z] [DEBUG] RSS ok: sg/macos/Utilities/top-free entries=100
[2026-10-07T01:26:32.129Z] [DEBUG] Hits: sg/macos/Utilities/top-free 2 app(s) found
[2026-10-07T01:26:33.122Z] [DEBUG] RSS ok: in/macos/Business/top-free entries=100
[2026-10-07T01:26:43.129Z] [DEBUG] Hits: in/macos/Business/top-free 3 app(s) found
[2026-10-07T01:26:44.586Z] [DEBUG] RSS ok: in/macos/Productivity/top-free entries=99
[2026-10-07T01:26:54.593Z] [DEBUG] Hits: in/macos/Productivity/top-free 3 app(s) found
[2026-10-07T01:26:55.213Z] [DEBUG] RSS ok: in/macos/Utilities/top-free entries=100
[2026-10-07T01:27:06.282Z] [DEBUG] RSS ok: za/macos/Business/top-free entries=100
[2026-10-07T01:27:16.289Z] [DEBUG] Hits: za/macos/Business/top-free 2 app(s) found
[2026-10-07T01:27:17.089Z] [DEBUG] RSS ok: za/macos/Productivity/top-free entries=99
[2026-10-07T01:27:27.096Z] [DEBUG] Hits: za/macos/Productivity/top-free 3 app(s) found
[2026-10-07T01:27:27.955Z] [DEBUG] RSS ok: za/macos/Utilities/top-free entries=100
[2026-10-07T01:27:37.962Z] [DEBUG] Hits: za/macos/Utilities/top-free 2 app(s) found
[2026-10-07T01:27:38.662Z] [DEBUG] RSS ok: br/macos/Business/top-free entries=99
[2026-10-07T01:27:48.669Z] [DEBUG] Hits: br/macos/Business/top-free 2 app(s) found
[2026-10-07T01:27:49.891Z] [DEBUG] RSS ok: br/macos/Productivity/top-free entries=99
[2026-10-07T01:27:59.898Z] [DEBUG] Hits: br/macos/Productivity/top-free 4 app(s) found
[2026-10-07T01:28:00.612Z] [DEBUG] RSS ok: br/macos/Utilities/top-free entries=100
[2026-10-07T01:28:10.617Z] [DEBUG] Hits: br/macos/Utilities/top-free 1 app(s) found
[2026-10-07T01:28:10.617Z] [INFO] RSS progress: 60/60 (60 ok, 0 error, 155 points)
[2026-10-07T01:28:10.618Z] [INFO] RSS fetch done: 60 ok, 0 error, 155 points
[2026-10-07T01:28:10.618Z] [INFO] Platform max returned: macos = 100
[2026-10-07T01:28:10.618Z] [INFO] RSS results: 60 ok, 0 error, 155 rank points
[2026-10-07T01:28:10.653Z] [INFO] Stored: 60 crawls, 155 points
[2026-10-07T01:28:10.667Z] [INFO] current.json written rows=23
[2026-10-07T01:28:10.667Z] [INFO] Current summary: on_chart=155, not_on_chart=305, depth_limited=0, crawl_error=0, total=460
[2026-10-07T01:28:10.668Z] [INFO] === Crawl complete === 650.9s
