[2026-10-08T00:17:20.309Z] [INFO] === Crawl start === ts=2026-10-08T00:00:00Z
[2026-10-08T00:17:20.313Z] [INFO] Config loaded apps=4, platforms=macos, categories=Business,Productivity,Utilities
[2026-10-08T00:17:20.313Z] [INFO] App IDs to track: 23 our=4, competitors=19
[2026-10-08T00:17:20.315Z] [INFO] Lookup needed (daily refresh), fetching 23 apps...
[2026-10-08T00:17:20.315Z] [INFO] Lookup: 23 unique IDs in 1 batch(es)
[2026-10-08T00:17:20.315Z] [DEBUG] Lookup batch 1/1: 23 IDs
[2026-10-08T00:17:20.932Z] [DEBUG] Lookup batch 1: 23 results
[2026-10-08T00:17:20.932Z] [INFO] Lookup result: 23/23 apps found
[2026-10-08T00:17:20.935Z] [INFO] Lookup done: 23/23 results
[2026-10-08T00:17:20.935Z] [INFO] RSS requests: 60 countries=20, platforms=macos, categories=Business,Productivity,Utilities
[2026-10-08T00:17:20.936Z] [INFO] RSS fetch start: 60 requests, concurrency=1
[2026-10-08T00:17:21.588Z] [DEBUG] RSS ok: us/macos/Business/top-free entries=100
[2026-10-08T00:17:31.592Z] [DEBUG] Hits: us/macos/Business/top-free 3 app(s) found
[2026-10-08T00:17:32.500Z] [DEBUG] RSS ok: us/macos/Productivity/top-free entries=98
[2026-10-08T00:17:42.506Z] [DEBUG] Hits: us/macos/Productivity/top-free 6 app(s) found
[2026-10-08T00:17:43.280Z] [DEBUG] RSS ok: us/macos/Utilities/top-free entries=100
[2026-10-08T00:17:53.286Z] [DEBUG] Hits: us/macos/Utilities/top-free 1 app(s) found
[2026-10-08T00:17:54.051Z] [DEBUG] RSS ok: gb/macos/Business/top-free entries=100
[2026-10-08T00:18:04.058Z] [DEBUG] Hits: gb/macos/Business/top-free 2 app(s) found
[2026-10-08T00:18:05.009Z] [DEBUG] RSS ok: gb/macos/Productivity/top-free entries=98
[2026-10-08T00:18:15.015Z] [DEBUG] Hits: gb/macos/Productivity/top-free 5 app(s) found
[2026-10-08T00:18:15.979Z] [DEBUG] RSS ok: gb/macos/Utilities/top-free entries=100
[2026-10-08T00:18:25.984Z] [DEBUG] Hits: gb/macos/Utilities/top-free 2 app(s) found
[2026-10-08T00:18:26.799Z] [DEBUG] RSS ok: ca/macos/Business/top-free entries=100
[2026-10-08T00:18:36.805Z] [DEBUG] Hits: ca/macos/Business/top-free 3 app(s) found
[2026-10-08T00:18:37.445Z] [DEBUG] RSS ok: ca/macos/Productivity/top-free entries=98
[2026-10-08T00:18:47.452Z] [DEBUG] Hits: ca/macos/Productivity/top-free 5 app(s) found
[2026-10-08T00:18:48.548Z] [DEBUG] RSS ok: ca/macos/Utilities/top-free entries=100
[2026-10-08T00:18:58.554Z] [DEBUG] Hits: ca/macos/Utilities/top-free 1 app(s) found
[2026-10-08T00:18:59.339Z] [DEBUG] RSS ok: fr/macos/Business/top-free entries=99
[2026-10-08T00:19:09.345Z] [DEBUG] Hits: fr/macos/Business/top-free 3 app(s) found
[2026-10-08T00:19:09.345Z] [INFO] RSS progress: 10/60 (10 ok, 0 error, 31 points)
[2026-10-08T00:19:10.163Z] [DEBUG] RSS ok: fr/macos/Productivity/top-free entries=98
[2026-10-08T00:19:20.169Z] [DEBUG] Hits: fr/macos/Productivity/top-free 4 app(s) found
[2026-10-08T00:19:20.830Z] [DEBUG] RSS ok: fr/macos/Utilities/top-free entries=100
[2026-10-08T00:19:30.836Z] [DEBUG] Hits: fr/macos/Utilities/top-free 1 app(s) found
[2026-10-08T00:19:31.821Z] [DEBUG] RSS ok: de/macos/Business/top-free entries=100
[2026-10-08T00:19:41.827Z] [DEBUG] Hits: de/macos/Business/top-free 2 app(s) found
[2026-10-08T00:19:42.563Z] [DEBUG] RSS ok: de/macos/Productivity/top-free entries=98
[2026-10-08T00:19:52.569Z] [DEBUG] Hits: de/macos/Productivity/top-free 4 app(s) found
[2026-10-08T00:19:53.266Z] [DEBUG] RSS ok: de/macos/Utilities/top-free entries=100
[2026-10-08T00:20:03.272Z] [DEBUG] Hits: de/macos/Utilities/top-free 2 app(s) found
[2026-10-08T00:20:04.086Z] [DEBUG] RSS ok: jp/macos/Business/top-free entries=100
[2026-10-08T00:20:14.092Z] [DEBUG] Hits: jp/macos/Business/top-free 2 app(s) found
[2026-10-08T00:20:14.819Z] [DEBUG] RSS ok: jp/macos/Productivity/top-free entries=99
[2026-10-08T00:20:24.825Z] [DEBUG] Hits: jp/macos/Productivity/top-free 3 app(s) found
[2026-10-08T00:20:25.626Z] [DEBUG] RSS ok: jp/macos/Utilities/top-free entries=100
[2026-10-08T00:20:35.632Z] [DEBUG] Hits: jp/macos/Utilities/top-free 4 app(s) found
[2026-10-08T00:20:36.372Z] [DEBUG] RSS ok: au/macos/Business/top-free entries=100
[2026-10-08T00:20:46.378Z] [DEBUG] Hits: au/macos/Business/top-free 4 app(s) found
[2026-10-08T00:20:47.020Z] [DEBUG] RSS ok: au/macos/Productivity/top-free entries=99
[2026-10-08T00:20:57.023Z] [DEBUG] Hits: au/macos/Productivity/top-free 5 app(s) found
[2026-10-08T00:20:57.023Z] [INFO] RSS progress: 20/60 (20 ok, 0 error, 62 points)
[2026-10-08T00:20:58.038Z] [DEBUG] RSS ok: au/macos/Utilities/top-free entries=100
[2026-10-08T00:21:08.044Z] [DEBUG] Hits: au/macos/Utilities/top-free 1 app(s) found
[2026-10-08T00:21:08.617Z] [DEBUG] RSS ok: es/macos/Business/top-free entries=100
[2026-10-08T00:21:18.623Z] [DEBUG] Hits: es/macos/Business/top-free 3 app(s) found
[2026-10-08T00:21:19.855Z] [DEBUG] RSS ok: es/macos/Productivity/top-free entries=98
[2026-10-08T00:21:29.861Z] [DEBUG] Hits: es/macos/Productivity/top-free 5 app(s) found
[2026-10-08T00:21:30.554Z] [DEBUG] RSS ok: es/macos/Utilities/top-free entries=100
[2026-10-08T00:21:40.560Z] [DEBUG] Hits: es/macos/Utilities/top-free 1 app(s) found
[2026-10-08T00:21:41.307Z] [DEBUG] RSS ok: it/macos/Business/top-free entries=99
[2026-10-08T00:21:51.313Z] [DEBUG] Hits: it/macos/Business/top-free 3 app(s) found
[2026-10-08T00:21:51.993Z] [DEBUG] RSS ok: it/macos/Productivity/top-free entries=98
[2026-10-08T00:22:01.999Z] [DEBUG] Hits: it/macos/Productivity/top-free 5 app(s) found
[2026-10-08T00:22:02.859Z] [DEBUG] RSS ok: it/macos/Utilities/top-free entries=100
[2026-10-08T00:22:13.641Z] [DEBUG] RSS ok: pt/macos/Business/top-free entries=99
[2026-10-08T00:22:23.647Z] [DEBUG] Hits: pt/macos/Business/top-free 4 app(s) found
[2026-10-08T00:22:24.617Z] [DEBUG] RSS ok: pt/macos/Productivity/top-free entries=98
[2026-10-08T00:22:34.623Z] [DEBUG] Hits: pt/macos/Productivity/top-free 4 app(s) found
[2026-10-08T00:22:35.523Z] [DEBUG] RSS ok: pt/macos/Utilities/top-free entries=100
[2026-10-08T00:22:45.529Z] [INFO] RSS progress: 30/60 (30 ok, 0 error, 88 points)
[2026-10-08T00:22:46.226Z] [DEBUG] RSS ok: ch/macos/Business/top-free entries=100
[2026-10-08T00:22:56.231Z] [DEBUG] Hits: ch/macos/Business/top-free 2 app(s) found
[2026-10-08T00:22:57.220Z] [DEBUG] RSS ok: ch/macos/Productivity/top-free entries=98
[2026-10-08T00:23:07.226Z] [DEBUG] Hits: ch/macos/Productivity/top-free 4 app(s) found
[2026-10-08T00:23:08.100Z] [DEBUG] RSS ok: ch/macos/Utilities/top-free entries=100
[2026-10-08T00:23:18.105Z] [DEBUG] Hits: ch/macos/Utilities/top-free 3 app(s) found
[2026-10-08T00:23:18.894Z] [DEBUG] RSS ok: be/macos/Business/top-free entries=99
[2026-10-08T00:23:28.899Z] [DEBUG] Hits: be/macos/Business/top-free 2 app(s) found
[2026-10-08T00:23:29.637Z] [DEBUG] RSS ok: be/macos/Productivity/top-free entries=98
[2026-10-08T00:23:39.643Z] [DEBUG] Hits: be/macos/Productivity/top-free 5 app(s) found
[2026-10-08T00:23:40.586Z] [DEBUG] RSS ok: be/macos/Utilities/top-free entries=100
[2026-10-08T00:23:50.591Z] [DEBUG] Hits: be/macos/Utilities/top-free 2 app(s) found
[2026-10-08T00:23:51.341Z] [DEBUG] RSS ok: nl/macos/Business/top-free entries=100
[2026-10-08T00:24:01.345Z] [DEBUG] Hits: nl/macos/Business/top-free 2 app(s) found
[2026-10-08T00:24:02.003Z] [DEBUG] RSS ok: nl/macos/Productivity/top-free entries=98
[2026-10-08T00:24:12.009Z] [DEBUG] Hits: nl/macos/Productivity/top-free 3 app(s) found
[2026-10-08T00:24:12.889Z] [DEBUG] RSS ok: nl/macos/Utilities/top-free entries=100
[2026-10-08T00:24:22.895Z] [DEBUG] Hits: nl/macos/Utilities/top-free 1 app(s) found
[2026-10-08T00:24:23.858Z] [DEBUG] RSS ok: tw/macos/Business/top-free entries=100
[2026-10-08T00:24:33.864Z] [DEBUG] Hits: tw/macos/Business/top-free 4 app(s) found
[2026-10-08T00:24:33.864Z] [INFO] RSS progress: 40/60 (40 ok, 0 error, 116 points)
[2026-10-08T00:24:34.928Z] [DEBUG] RSS ok: tw/macos/Productivity/top-free entries=99
[2026-10-08T00:24:44.934Z] [DEBUG] Hits: tw/macos/Productivity/top-free 3 app(s) found
[2026-10-08T00:24:45.774Z] [DEBUG] RSS ok: tw/macos/Utilities/top-free entries=100
[2026-10-08T00:24:56.862Z] [DEBUG] RSS ok: hk/macos/Business/top-free entries=100
[2026-10-08T00:25:06.868Z] [DEBUG] Hits: hk/macos/Business/top-free 2 app(s) found
[2026-10-08T00:25:07.701Z] [DEBUG] RSS ok: hk/macos/Productivity/top-free entries=98
[2026-10-08T00:25:17.708Z] [DEBUG] Hits: hk/macos/Productivity/top-free 5 app(s) found
[2026-10-08T00:25:18.837Z] [DEBUG] RSS ok: hk/macos/Utilities/top-free entries=100
[2026-10-08T00:25:29.556Z] [DEBUG] RSS ok: nz/macos/Business/top-free entries=100
[2026-10-08T00:25:39.562Z] [DEBUG] Hits: nz/macos/Business/top-free 3 app(s) found
[2026-10-08T00:25:40.539Z] [DEBUG] RSS ok: nz/macos/Productivity/top-free entries=99
[2026-10-08T00:25:50.545Z] [DEBUG] Hits: nz/macos/Productivity/top-free 4 app(s) found
[2026-10-08T00:25:51.551Z] [DEBUG] RSS ok: nz/macos/Utilities/top-free entries=100
[2026-10-08T00:26:01.557Z] [DEBUG] Hits: nz/macos/Utilities/top-free 2 app(s) found
[2026-10-08T00:26:02.270Z] [DEBUG] RSS ok: sg/macos/Business/top-free entries=100
[2026-10-08T00:26:12.276Z] [DEBUG] Hits: sg/macos/Business/top-free 2 app(s) found
[2026-10-08T00:26:12.967Z] [DEBUG] RSS ok: sg/macos/Productivity/top-free entries=98
[2026-10-08T00:26:22.974Z] [DEBUG] Hits: sg/macos/Productivity/top-free 3 app(s) found
[2026-10-08T00:26:22.974Z] [INFO] RSS progress: 50/60 (50 ok, 0 error, 140 points)
[2026-10-08T00:26:23.842Z] [DEBUG] RSS ok: sg/macos/Utilities/top-free entries=100
[2026-10-08T00:26:33.848Z] [DEBUG] Hits: sg/macos/Utilities/top-free 2 app(s) found
[2026-10-08T00:26:34.529Z] [DEBUG] RSS ok: in/macos/Business/top-free entries=100
[2026-10-08T00:26:44.536Z] [DEBUG] Hits: in/macos/Business/top-free 3 app(s) found
[2026-10-08T00:26:45.593Z] [DEBUG] RSS ok: in/macos/Productivity/top-free entries=98
[2026-10-08T00:26:55.599Z] [DEBUG] Hits: in/macos/Productivity/top-free 2 app(s) found
[2026-10-08T00:26:56.407Z] [DEBUG] RSS ok: in/macos/Utilities/top-free entries=100
[2026-10-08T00:27:06.414Z] [DEBUG] Hits: in/macos/Utilities/top-free 1 app(s) found
[2026-10-08T00:27:07.315Z] [DEBUG] RSS ok: za/macos/Business/top-free entries=100
[2026-10-08T00:27:17.322Z] [DEBUG] Hits: za/macos/Business/top-free 3 app(s) found
[2026-10-08T00:27:18.100Z] [DEBUG] RSS ok: za/macos/Productivity/top-free entries=98
[2026-10-08T00:27:28.106Z] [DEBUG] Hits: za/macos/Productivity/top-free 4 app(s) found
[2026-10-08T00:27:28.874Z] [DEBUG] RSS ok: za/macos/Utilities/top-free entries=100
[2026-10-08T00:27:38.881Z] [DEBUG] Hits: za/macos/Utilities/top-free 2 app(s) found
[2026-10-08T00:27:39.712Z] [DEBUG] RSS ok: br/macos/Business/top-free entries=100
[2026-10-08T00:27:49.718Z] [DEBUG] Hits: br/macos/Business/top-free 2 app(s) found
[2026-10-08T00:27:50.490Z] [DEBUG] RSS ok: br/macos/Productivity/top-free entries=98
[2026-10-08T00:28:00.496Z] [DEBUG] Hits: br/macos/Productivity/top-free 4 app(s) found
[2026-10-08T00:28:01.381Z] [DEBUG] RSS ok: br/macos/Utilities/top-free entries=100
[2026-10-08T00:28:11.387Z] [INFO] RSS progress: 60/60 (60 ok, 0 error, 163 points)
[2026-10-08T00:28:11.387Z] [INFO] Platform max returned: macos = 100
[2026-10-08T00:28:11.387Z] [INFO] RSS fetch done: 60 ok, 0 error, 163 points
[2026-10-08T00:28:11.387Z] [INFO] RSS results: 60 ok, 0 error, 163 rank points
[2026-10-08T00:28:11.421Z] [INFO] Stored: 60 crawls, 163 points
[2026-10-08T00:28:11.435Z] [INFO] current.json written rows=23
[2026-10-08T00:28:11.435Z] [INFO] Current summary: on_chart=163, not_on_chart=297, depth_limited=0, crawl_error=0, total=460
[2026-10-08T00:28:11.435Z] [INFO] === Crawl complete === 651.1s
