[2026-09-30T00:17:18.981Z] [INFO] === Crawl start === ts=2026-09-30T00:00:00Z
[2026-09-30T00:17:18.984Z] [INFO] Config loaded apps=4, platforms=macos, categories=Business,Productivity,Utilities
[2026-09-30T00:17:18.984Z] [INFO] App IDs to track: 23 our=4, competitors=19
[2026-09-30T00:17:18.985Z] [INFO] Lookup needed (daily refresh), fetching 23 apps...
[2026-09-30T00:17:18.985Z] [INFO] Lookup: 23 unique IDs in 1 batch(es)
[2026-09-30T00:17:18.986Z] [DEBUG] Lookup batch 1/1: 23 IDs
[2026-09-30T00:17:20.079Z] [DEBUG] Lookup batch 1: 23 results
[2026-09-30T00:17:20.079Z] [INFO] Lookup result: 23/23 apps found
[2026-09-30T00:17:20.081Z] [INFO] Lookup done: 23/23 results
[2026-09-30T00:17:20.081Z] [INFO] RSS requests: 60 countries=20, platforms=macos, categories=Business,Productivity,Utilities
[2026-09-30T00:17:20.082Z] [INFO] RSS fetch start: 60 requests, concurrency=1
[2026-09-30T00:17:21.087Z] [DEBUG] RSS ok: us/macos/Business/top-free entries=100
[2026-09-30T00:17:31.091Z] [DEBUG] Hits: us/macos/Business/top-free 4 app(s) found
[2026-09-30T00:17:31.925Z] [DEBUG] RSS ok: us/macos/Productivity/top-free entries=99
[2026-09-30T00:17:41.932Z] [DEBUG] Hits: us/macos/Productivity/top-free 6 app(s) found
[2026-09-30T00:17:43.178Z] [DEBUG] RSS ok: us/macos/Utilities/top-free entries=100
[2026-09-30T00:17:53.185Z] [DEBUG] Hits: us/macos/Utilities/top-free 1 app(s) found
[2026-09-30T00:17:53.953Z] [DEBUG] RSS ok: gb/macos/Business/top-free entries=100
[2026-09-30T00:18:03.960Z] [DEBUG] Hits: gb/macos/Business/top-free 3 app(s) found
[2026-09-30T00:18:04.914Z] [DEBUG] RSS ok: gb/macos/Productivity/top-free entries=99
[2026-09-30T00:18:14.920Z] [DEBUG] Hits: gb/macos/Productivity/top-free 5 app(s) found
[2026-09-30T00:18:15.747Z] [DEBUG] RSS ok: gb/macos/Utilities/top-free entries=100
[2026-09-30T00:18:25.754Z] [DEBUG] Hits: gb/macos/Utilities/top-free 2 app(s) found
[2026-09-30T00:18:26.711Z] [DEBUG] RSS ok: ca/macos/Business/top-free entries=100
[2026-09-30T00:18:36.712Z] [DEBUG] Hits: ca/macos/Business/top-free 4 app(s) found
[2026-09-30T00:18:37.639Z] [DEBUG] RSS ok: ca/macos/Productivity/top-free entries=99
[2026-09-30T00:18:47.645Z] [DEBUG] Hits: ca/macos/Productivity/top-free 5 app(s) found
[2026-09-30T00:18:48.648Z] [DEBUG] RSS ok: ca/macos/Utilities/top-free entries=100
[2026-09-30T00:18:58.654Z] [DEBUG] Hits: ca/macos/Utilities/top-free 1 app(s) found
[2026-09-30T00:18:59.467Z] [DEBUG] RSS ok: fr/macos/Business/top-free entries=99
[2026-09-30T00:19:09.473Z] [DEBUG] Hits: fr/macos/Business/top-free 2 app(s) found
[2026-09-30T00:19:09.473Z] [INFO] RSS progress: 10/60 (10 ok, 0 error, 33 points)
[2026-09-30T00:19:10.361Z] [DEBUG] RSS ok: fr/macos/Productivity/top-free entries=99
[2026-09-30T00:19:20.367Z] [DEBUG] Hits: fr/macos/Productivity/top-free 5 app(s) found
[2026-09-30T00:19:21.176Z] [DEBUG] RSS ok: fr/macos/Utilities/top-free entries=99
[2026-09-30T00:19:32.007Z] [DEBUG] RSS ok: de/macos/Business/top-free entries=99
[2026-09-30T00:19:42.013Z] [DEBUG] Hits: de/macos/Business/top-free 1 app(s) found
[2026-09-30T00:19:42.831Z] [DEBUG] RSS ok: de/macos/Productivity/top-free entries=99
[2026-09-30T00:19:52.837Z] [DEBUG] Hits: de/macos/Productivity/top-free 4 app(s) found
[2026-09-30T00:19:53.699Z] [DEBUG] RSS ok: de/macos/Utilities/top-free entries=100
[2026-09-30T00:20:03.705Z] [DEBUG] Hits: de/macos/Utilities/top-free 3 app(s) found
[2026-09-30T00:20:04.587Z] [DEBUG] RSS ok: jp/macos/Business/top-free entries=99
[2026-09-30T00:20:14.593Z] [DEBUG] Hits: jp/macos/Business/top-free 3 app(s) found
[2026-09-30T00:20:15.633Z] [DEBUG] RSS ok: jp/macos/Productivity/top-free entries=99
[2026-09-30T00:20:25.639Z] [DEBUG] Hits: jp/macos/Productivity/top-free 3 app(s) found
[2026-09-30T00:20:26.476Z] [DEBUG] RSS ok: jp/macos/Utilities/top-free entries=100
[2026-09-30T00:20:36.482Z] [DEBUG] Hits: jp/macos/Utilities/top-free 4 app(s) found
[2026-09-30T00:20:37.420Z] [DEBUG] RSS ok: au/macos/Business/top-free entries=100
[2026-09-30T00:20:47.426Z] [DEBUG] Hits: au/macos/Business/top-free 3 app(s) found
[2026-09-30T00:20:48.198Z] [DEBUG] RSS ok: au/macos/Productivity/top-free entries=99
[2026-09-30T00:20:58.203Z] [DEBUG] Hits: au/macos/Productivity/top-free 5 app(s) found
[2026-09-30T00:20:58.203Z] [INFO] RSS progress: 20/60 (20 ok, 0 error, 64 points)
[2026-09-30T00:20:59.329Z] [DEBUG] RSS ok: au/macos/Utilities/top-free entries=100
[2026-09-30T00:21:09.334Z] [DEBUG] Hits: au/macos/Utilities/top-free 1 app(s) found
[2026-09-30T00:21:10.223Z] [DEBUG] RSS ok: es/macos/Business/top-free entries=100
[2026-09-30T00:21:20.230Z] [DEBUG] Hits: es/macos/Business/top-free 3 app(s) found
[2026-09-30T00:21:21.036Z] [DEBUG] RSS ok: es/macos/Productivity/top-free entries=99
[2026-09-30T00:21:31.042Z] [DEBUG] Hits: es/macos/Productivity/top-free 5 app(s) found
[2026-09-30T00:21:31.805Z] [DEBUG] RSS ok: es/macos/Utilities/top-free entries=100
[2026-09-30T00:21:42.715Z] [DEBUG] RSS ok: it/macos/Business/top-free entries=100
[2026-09-30T00:21:52.722Z] [DEBUG] Hits: it/macos/Business/top-free 3 app(s) found
[2026-09-30T00:21:53.529Z] [DEBUG] RSS ok: it/macos/Productivity/top-free entries=99
[2026-09-30T00:22:03.535Z] [DEBUG] Hits: it/macos/Productivity/top-free 5 app(s) found
[2026-09-30T00:22:04.382Z] [DEBUG] RSS ok: it/macos/Utilities/top-free entries=100
[2026-09-30T00:22:14.388Z] [DEBUG] Hits: it/macos/Utilities/top-free 1 app(s) found
[2026-09-30T00:22:15.338Z] [DEBUG] RSS ok: pt/macos/Business/top-free entries=100
[2026-09-30T00:22:25.344Z] [DEBUG] Hits: pt/macos/Business/top-free 4 app(s) found
[2026-09-30T00:22:26.428Z] [DEBUG] RSS ok: pt/macos/Productivity/top-free entries=99
[2026-09-30T00:22:36.434Z] [DEBUG] Hits: pt/macos/Productivity/top-free 3 app(s) found
[2026-09-30T00:22:37.281Z] [DEBUG] RSS ok: pt/macos/Utilities/top-free entries=100
[2026-09-30T00:22:47.287Z] [DEBUG] Hits: pt/macos/Utilities/top-free 1 app(s) found
[2026-09-30T00:22:47.287Z] [INFO] RSS progress: 30/60 (30 ok, 0 error, 90 points)
[2026-09-30T00:22:48.521Z] [DEBUG] RSS ok: ch/macos/Business/top-free entries=100
[2026-09-30T00:22:58.527Z] [DEBUG] Hits: ch/macos/Business/top-free 1 app(s) found
[2026-09-30T00:23:00.073Z] [DEBUG] RSS ok: ch/macos/Productivity/top-free entries=99
[2026-09-30T00:23:10.079Z] [DEBUG] Hits: ch/macos/Productivity/top-free 4 app(s) found
[2026-09-30T00:23:11.227Z] [DEBUG] RSS ok: ch/macos/Utilities/top-free entries=100
[2026-09-30T00:23:21.232Z] [DEBUG] Hits: ch/macos/Utilities/top-free 3 app(s) found
[2026-09-30T00:23:22.173Z] [DEBUG] RSS ok: be/macos/Business/top-free entries=100
[2026-09-30T00:23:32.179Z] [DEBUG] Hits: be/macos/Business/top-free 1 app(s) found
[2026-09-30T00:23:33.445Z] [DEBUG] RSS ok: be/macos/Productivity/top-free entries=98
[2026-09-30T00:23:43.451Z] [DEBUG] Hits: be/macos/Productivity/top-free 6 app(s) found
[2026-09-30T00:23:44.376Z] [DEBUG] RSS ok: be/macos/Utilities/top-free entries=99
[2026-09-30T00:23:54.382Z] [DEBUG] Hits: be/macos/Utilities/top-free 3 app(s) found
[2026-09-30T00:23:55.533Z] [DEBUG] RSS ok: nl/macos/Business/top-free entries=100
[2026-09-30T00:24:05.539Z] [DEBUG] Hits: nl/macos/Business/top-free 1 app(s) found
[2026-09-30T00:24:06.317Z] [DEBUG] RSS ok: nl/macos/Productivity/top-free entries=99
[2026-09-30T00:24:16.323Z] [DEBUG] Hits: nl/macos/Productivity/top-free 4 app(s) found
[2026-09-30T00:24:17.286Z] [DEBUG] RSS ok: nl/macos/Utilities/top-free entries=100
[2026-09-30T00:24:28.095Z] [DEBUG] RSS ok: tw/macos/Business/top-free entries=99
[2026-09-30T00:24:38.102Z] [DEBUG] Hits: tw/macos/Business/top-free 2 app(s) found
[2026-09-30T00:24:38.102Z] [INFO] RSS progress: 40/60 (40 ok, 0 error, 115 points)
[2026-09-30T00:24:39.039Z] [DEBUG] RSS ok: tw/macos/Productivity/top-free entries=99
[2026-09-30T00:24:49.045Z] [DEBUG] Hits: tw/macos/Productivity/top-free 1 app(s) found
[2026-09-30T00:24:49.865Z] [DEBUG] RSS ok: tw/macos/Utilities/top-free entries=100
[2026-09-30T00:24:59.871Z] [DEBUG] Hits: tw/macos/Utilities/top-free 1 app(s) found
[2026-09-30T00:25:00.731Z] [DEBUG] RSS ok: hk/macos/Business/top-free entries=100
[2026-09-30T00:25:10.737Z] [DEBUG] Hits: hk/macos/Business/top-free 2 app(s) found
[2026-09-30T00:25:11.491Z] [DEBUG] RSS ok: hk/macos/Productivity/top-free entries=99
[2026-09-30T00:25:21.497Z] [DEBUG] Hits: hk/macos/Productivity/top-free 4 app(s) found
[2026-09-30T00:25:22.351Z] [DEBUG] RSS ok: hk/macos/Utilities/top-free entries=100
[2026-09-30T00:25:32.359Z] [DEBUG] Hits: hk/macos/Utilities/top-free 1 app(s) found
[2026-09-30T00:25:33.079Z] [DEBUG] RSS ok: nz/macos/Business/top-free entries=99
[2026-09-30T00:25:43.085Z] [DEBUG] Hits: nz/macos/Business/top-free 1 app(s) found
[2026-09-30T00:25:43.905Z] [DEBUG] RSS ok: nz/macos/Productivity/top-free entries=99
[2026-09-30T00:25:53.911Z] [DEBUG] Hits: nz/macos/Productivity/top-free 4 app(s) found
[2026-09-30T00:25:54.724Z] [DEBUG] RSS ok: nz/macos/Utilities/top-free entries=100
[2026-09-30T00:26:05.357Z] [DEBUG] RSS ok: sg/macos/Business/top-free entries=100
[2026-09-30T00:26:15.364Z] [DEBUG] Hits: sg/macos/Business/top-free 2 app(s) found
[2026-09-30T00:26:16.391Z] [DEBUG] RSS ok: sg/macos/Productivity/top-free entries=99
[2026-09-30T00:26:26.397Z] [DEBUG] Hits: sg/macos/Productivity/top-free 3 app(s) found
[2026-09-30T00:26:26.397Z] [INFO] RSS progress: 50/60 (50 ok, 0 error, 134 points)
[2026-09-30T00:26:27.224Z] [DEBUG] RSS ok: sg/macos/Utilities/top-free entries=100
[2026-09-30T00:26:37.230Z] [DEBUG] Hits: sg/macos/Utilities/top-free 1 app(s) found
[2026-09-30T00:26:38.105Z] [DEBUG] RSS ok: in/macos/Business/top-free entries=100
[2026-09-30T00:26:48.111Z] [DEBUG] Hits: in/macos/Business/top-free 2 app(s) found
[2026-09-30T00:26:48.993Z] [DEBUG] RSS ok: in/macos/Productivity/top-free entries=99
[2026-09-30T00:26:58.999Z] [DEBUG] Hits: in/macos/Productivity/top-free 3 app(s) found
[2026-09-30T00:26:59.759Z] [DEBUG] RSS ok: in/macos/Utilities/top-free entries=100
[2026-09-30T00:27:09.765Z] [DEBUG] Hits: in/macos/Utilities/top-free 1 app(s) found
[2026-09-30T00:27:10.667Z] [DEBUG] RSS ok: za/macos/Business/top-free entries=100
[2026-09-30T00:27:20.673Z] [DEBUG] Hits: za/macos/Business/top-free 2 app(s) found
[2026-09-30T00:27:21.465Z] [DEBUG] RSS ok: za/macos/Productivity/top-free entries=99
[2026-09-30T00:27:31.467Z] [DEBUG] Hits: za/macos/Productivity/top-free 2 app(s) found
[2026-09-30T00:27:32.433Z] [DEBUG] RSS ok: za/macos/Utilities/top-free entries=100
[2026-09-30T00:27:42.440Z] [DEBUG] Hits: za/macos/Utilities/top-free 3 app(s) found
[2026-09-30T00:27:43.579Z] [DEBUG] RSS ok: br/macos/Business/top-free entries=99
[2026-09-30T00:27:53.585Z] [DEBUG] Hits: br/macos/Business/top-free 2 app(s) found
[2026-09-30T00:27:54.441Z] [DEBUG] RSS ok: br/macos/Productivity/top-free entries=99
[2026-09-30T00:28:04.447Z] [DEBUG] Hits: br/macos/Productivity/top-free 4 app(s) found
[2026-09-30T00:28:05.210Z] [DEBUG] RSS ok: br/macos/Utilities/top-free entries=100
[2026-09-30T00:28:15.211Z] [INFO] RSS progress: 60/60 (60 ok, 0 error, 154 points)
[2026-09-30T00:28:15.212Z] [INFO] RSS fetch done: 60 ok, 0 error, 154 points
[2026-09-30T00:28:15.212Z] [INFO] Platform max returned: macos = 100
[2026-09-30T00:28:15.212Z] [INFO] RSS results: 60 ok, 0 error, 154 rank points
[2026-09-30T00:28:15.236Z] [INFO] Stored: 60 crawls, 154 points
[2026-09-30T00:28:15.246Z] [INFO] current.json written rows=23
[2026-09-30T00:28:15.247Z] [INFO] Current summary: on_chart=154, not_on_chart=306, depth_limited=0, crawl_error=0, total=460
[2026-09-30T00:28:15.247Z] [INFO] === Crawl complete === 656.3s
