[2026-10-03T00:17:18.358Z] [INFO] === Crawl start === ts=2026-10-03T00:00:00Z
[2026-10-03T00:17:18.361Z] [INFO] Config loaded apps=4, platforms=macos, categories=Business,Productivity,Utilities
[2026-10-03T00:17:18.362Z] [INFO] App IDs to track: 23 our=4, competitors=19
[2026-10-03T00:17:18.363Z] [INFO] Lookup needed (daily refresh), fetching 23 apps...
[2026-10-03T00:17:18.363Z] [INFO] Lookup: 23 unique IDs in 1 batch(es)
[2026-10-03T00:17:18.363Z] [DEBUG] Lookup batch 1/1: 23 IDs
[2026-10-03T00:17:18.943Z] [DEBUG] Lookup batch 1: 23 results
[2026-10-03T00:17:18.943Z] [INFO] Lookup result: 23/23 apps found
[2026-10-03T00:17:18.945Z] [INFO] Lookup done: 23/23 results
[2026-10-03T00:17:18.946Z] [INFO] RSS requests: 60 countries=20, platforms=macos, categories=Business,Productivity,Utilities
[2026-10-03T00:17:18.946Z] [INFO] RSS fetch start: 60 requests, concurrency=1
[2026-10-03T00:17:19.631Z] [DEBUG] RSS ok: us/macos/Business/top-free entries=100
[2026-10-03T00:17:29.634Z] [DEBUG] Hits: us/macos/Business/top-free 3 app(s) found
[2026-10-03T00:17:30.417Z] [DEBUG] RSS ok: us/macos/Productivity/top-free entries=99
[2026-10-03T00:17:40.423Z] [DEBUG] Hits: us/macos/Productivity/top-free 6 app(s) found
[2026-10-03T00:17:41.313Z] [DEBUG] RSS ok: us/macos/Utilities/top-free entries=100
[2026-10-03T00:17:51.319Z] [DEBUG] Hits: us/macos/Utilities/top-free 1 app(s) found
[2026-10-03T00:17:52.178Z] [DEBUG] RSS ok: gb/macos/Business/top-free entries=100
[2026-10-03T00:18:02.186Z] [DEBUG] Hits: gb/macos/Business/top-free 3 app(s) found
[2026-10-03T00:18:03.111Z] [DEBUG] RSS ok: gb/macos/Productivity/top-free entries=99
[2026-10-03T00:18:13.117Z] [DEBUG] Hits: gb/macos/Productivity/top-free 4 app(s) found
[2026-10-03T00:18:13.977Z] [DEBUG] RSS ok: gb/macos/Utilities/top-free entries=100
[2026-10-03T00:18:23.983Z] [DEBUG] Hits: gb/macos/Utilities/top-free 3 app(s) found
[2026-10-03T00:18:24.677Z] [DEBUG] RSS ok: ca/macos/Business/top-free entries=100
[2026-10-03T00:18:34.683Z] [DEBUG] Hits: ca/macos/Business/top-free 4 app(s) found
[2026-10-03T00:18:35.399Z] [DEBUG] RSS ok: ca/macos/Productivity/top-free entries=99
[2026-10-03T00:18:45.405Z] [DEBUG] Hits: ca/macos/Productivity/top-free 5 app(s) found
[2026-10-03T00:18:46.387Z] [DEBUG] RSS ok: ca/macos/Utilities/top-free entries=100
[2026-10-03T00:18:56.394Z] [DEBUG] Hits: ca/macos/Utilities/top-free 1 app(s) found
[2026-10-03T00:18:57.459Z] [DEBUG] RSS ok: fr/macos/Business/top-free entries=99
[2026-10-03T00:19:07.465Z] [DEBUG] Hits: fr/macos/Business/top-free 3 app(s) found
[2026-10-03T00:19:07.466Z] [INFO] RSS progress: 10/60 (10 ok, 0 error, 33 points)
[2026-10-03T00:19:08.450Z] [DEBUG] RSS ok: fr/macos/Productivity/top-free entries=99
[2026-10-03T00:19:18.456Z] [DEBUG] Hits: fr/macos/Productivity/top-free 5 app(s) found
[2026-10-03T00:19:19.135Z] [DEBUG] RSS ok: fr/macos/Utilities/top-free entries=100
[2026-10-03T00:19:29.141Z] [DEBUG] Hits: fr/macos/Utilities/top-free 2 app(s) found
[2026-10-03T00:19:29.948Z] [DEBUG] RSS ok: de/macos/Business/top-free entries=100
[2026-10-03T00:19:39.949Z] [DEBUG] Hits: de/macos/Business/top-free 1 app(s) found
[2026-10-03T00:19:40.845Z] [DEBUG] RSS ok: de/macos/Productivity/top-free entries=99
[2026-10-03T00:19:50.851Z] [DEBUG] Hits: de/macos/Productivity/top-free 4 app(s) found
[2026-10-03T00:19:51.611Z] [DEBUG] RSS ok: de/macos/Utilities/top-free entries=100
[2026-10-03T00:20:01.618Z] [DEBUG] Hits: de/macos/Utilities/top-free 2 app(s) found
[2026-10-03T00:20:02.420Z] [DEBUG] RSS ok: jp/macos/Business/top-free entries=100
[2026-10-03T00:20:12.426Z] [DEBUG] Hits: jp/macos/Business/top-free 3 app(s) found
[2026-10-03T00:20:13.315Z] [DEBUG] RSS ok: jp/macos/Productivity/top-free entries=99
[2026-10-03T00:20:23.322Z] [DEBUG] Hits: jp/macos/Productivity/top-free 3 app(s) found
[2026-10-03T00:20:24.120Z] [DEBUG] RSS ok: jp/macos/Utilities/top-free entries=100
[2026-10-03T00:20:34.126Z] [DEBUG] Hits: jp/macos/Utilities/top-free 4 app(s) found
[2026-10-03T00:20:35.064Z] [DEBUG] RSS ok: au/macos/Business/top-free entries=100
[2026-10-03T00:20:45.070Z] [DEBUG] Hits: au/macos/Business/top-free 3 app(s) found
[2026-10-03T00:20:45.804Z] [DEBUG] RSS ok: au/macos/Productivity/top-free entries=99
[2026-10-03T00:20:55.810Z] [DEBUG] Hits: au/macos/Productivity/top-free 5 app(s) found
[2026-10-03T00:20:55.810Z] [INFO] RSS progress: 20/60 (20 ok, 0 error, 65 points)
[2026-10-03T00:20:56.709Z] [DEBUG] RSS ok: au/macos/Utilities/top-free entries=100
[2026-10-03T00:21:06.715Z] [DEBUG] Hits: au/macos/Utilities/top-free 1 app(s) found
[2026-10-03T00:21:07.958Z] [DEBUG] RSS ok: es/macos/Business/top-free entries=100
[2026-10-03T00:21:17.964Z] [DEBUG] Hits: es/macos/Business/top-free 4 app(s) found
[2026-10-03T00:21:18.821Z] [DEBUG] RSS ok: es/macos/Productivity/top-free entries=99
[2026-10-03T00:21:28.827Z] [DEBUG] Hits: es/macos/Productivity/top-free 5 app(s) found
[2026-10-03T00:21:29.553Z] [DEBUG] RSS ok: es/macos/Utilities/top-free entries=100
[2026-10-03T00:21:39.560Z] [DEBUG] Hits: es/macos/Utilities/top-free 1 app(s) found
[2026-10-03T00:21:42.463Z] [DEBUG] RSS ok: it/macos/Business/top-free entries=99
[2026-10-03T00:21:52.470Z] [DEBUG] Hits: it/macos/Business/top-free 2 app(s) found
[2026-10-03T00:21:53.322Z] [DEBUG] RSS ok: it/macos/Productivity/top-free entries=99
[2026-10-03T00:22:03.328Z] [DEBUG] Hits: it/macos/Productivity/top-free 5 app(s) found
[2026-10-03T00:22:04.111Z] [DEBUG] RSS ok: it/macos/Utilities/top-free entries=100
[2026-10-03T00:22:14.117Z] [DEBUG] Hits: it/macos/Utilities/top-free 2 app(s) found
[2026-10-03T00:22:15.012Z] [DEBUG] RSS ok: pt/macos/Business/top-free entries=98
[2026-10-03T00:22:25.018Z] [DEBUG] Hits: pt/macos/Business/top-free 4 app(s) found
[2026-10-03T00:22:25.835Z] [DEBUG] RSS ok: pt/macos/Productivity/top-free entries=99
[2026-10-03T00:22:35.836Z] [DEBUG] Hits: pt/macos/Productivity/top-free 3 app(s) found
[2026-10-03T00:22:37.432Z] [DEBUG] RSS ok: pt/macos/Utilities/top-free entries=100
[2026-10-03T00:22:47.438Z] [DEBUG] Hits: pt/macos/Utilities/top-free 1 app(s) found
[2026-10-03T00:22:47.439Z] [INFO] RSS progress: 30/60 (30 ok, 0 error, 93 points)
[2026-10-03T00:22:48.292Z] [DEBUG] RSS ok: ch/macos/Business/top-free entries=100
[2026-10-03T00:22:58.299Z] [DEBUG] Hits: ch/macos/Business/top-free 2 app(s) found
[2026-10-03T00:22:59.140Z] [DEBUG] RSS ok: ch/macos/Productivity/top-free entries=99
[2026-10-03T00:23:09.146Z] [DEBUG] Hits: ch/macos/Productivity/top-free 4 app(s) found
[2026-10-03T00:23:09.820Z] [DEBUG] RSS ok: ch/macos/Utilities/top-free entries=100
[2026-10-03T00:23:19.827Z] [DEBUG] Hits: ch/macos/Utilities/top-free 2 app(s) found
[2026-10-03T00:23:20.867Z] [DEBUG] RSS ok: be/macos/Business/top-free entries=100
[2026-10-03T00:23:30.874Z] [DEBUG] Hits: be/macos/Business/top-free 2 app(s) found
[2026-10-03T00:23:31.813Z] [DEBUG] RSS ok: be/macos/Productivity/top-free entries=99
[2026-10-03T00:23:41.819Z] [DEBUG] Hits: be/macos/Productivity/top-free 5 app(s) found
[2026-10-03T00:23:42.820Z] [DEBUG] RSS ok: be/macos/Utilities/top-free entries=100
[2026-10-03T00:23:52.826Z] [DEBUG] Hits: be/macos/Utilities/top-free 2 app(s) found
[2026-10-03T00:23:53.522Z] [DEBUG] RSS ok: nl/macos/Business/top-free entries=100
[2026-10-03T00:24:03.528Z] [DEBUG] Hits: nl/macos/Business/top-free 3 app(s) found
[2026-10-03T00:24:04.394Z] [DEBUG] RSS ok: nl/macos/Productivity/top-free entries=99
[2026-10-03T00:24:14.399Z] [DEBUG] Hits: nl/macos/Productivity/top-free 5 app(s) found
[2026-10-03T00:24:15.286Z] [DEBUG] RSS ok: nl/macos/Utilities/top-free entries=100
[2026-10-03T00:24:25.292Z] [DEBUG] Hits: nl/macos/Utilities/top-free 1 app(s) found
[2026-10-03T00:24:25.920Z] [DEBUG] RSS ok: tw/macos/Business/top-free entries=100
[2026-10-03T00:24:35.926Z] [DEBUG] Hits: tw/macos/Business/top-free 2 app(s) found
[2026-10-03T00:24:35.926Z] [INFO] RSS progress: 40/60 (40 ok, 0 error, 121 points)
[2026-10-03T00:24:36.929Z] [DEBUG] RSS ok: tw/macos/Productivity/top-free entries=99
[2026-10-03T00:24:46.935Z] [DEBUG] Hits: tw/macos/Productivity/top-free 3 app(s) found
[2026-10-03T00:24:47.654Z] [DEBUG] RSS ok: tw/macos/Utilities/top-free entries=100
[2026-10-03T00:24:57.661Z] [DEBUG] Hits: tw/macos/Utilities/top-free 1 app(s) found
[2026-10-03T00:24:58.327Z] [DEBUG] RSS ok: hk/macos/Business/top-free entries=100
[2026-10-03T00:25:08.333Z] [DEBUG] Hits: hk/macos/Business/top-free 1 app(s) found
[2026-10-03T00:25:09.247Z] [DEBUG] RSS ok: hk/macos/Productivity/top-free entries=99
[2026-10-03T00:25:19.253Z] [DEBUG] Hits: hk/macos/Productivity/top-free 4 app(s) found
[2026-10-03T00:25:20.333Z] [DEBUG] RSS ok: hk/macos/Utilities/top-free entries=100
[2026-10-03T00:25:30.910Z] [DEBUG] RSS ok: nz/macos/Business/top-free entries=99
[2026-10-03T00:25:40.916Z] [DEBUG] Hits: nz/macos/Business/top-free 2 app(s) found
[2026-10-03T00:25:42.314Z] [DEBUG] RSS ok: nz/macos/Productivity/top-free entries=99
[2026-10-03T00:25:52.320Z] [DEBUG] Hits: nz/macos/Productivity/top-free 2 app(s) found
[2026-10-03T00:25:53.089Z] [DEBUG] RSS ok: nz/macos/Utilities/top-free entries=100
[2026-10-03T00:26:03.829Z] [DEBUG] RSS ok: sg/macos/Business/top-free entries=100
[2026-10-03T00:26:13.835Z] [DEBUG] Hits: sg/macos/Business/top-free 2 app(s) found
[2026-10-03T00:26:15.024Z] [DEBUG] RSS ok: sg/macos/Productivity/top-free entries=99
[2026-10-03T00:26:25.031Z] [DEBUG] Hits: sg/macos/Productivity/top-free 4 app(s) found
[2026-10-03T00:26:25.031Z] [INFO] RSS progress: 50/60 (50 ok, 0 error, 140 points)
[2026-10-03T00:26:26.332Z] [DEBUG] RSS ok: sg/macos/Utilities/top-free entries=100
[2026-10-03T00:26:36.338Z] [DEBUG] Hits: sg/macos/Utilities/top-free 1 app(s) found
[2026-10-03T00:26:37.011Z] [DEBUG] RSS ok: in/macos/Business/top-free entries=100
[2026-10-03T00:26:47.017Z] [DEBUG] Hits: in/macos/Business/top-free 2 app(s) found
[2026-10-03T00:26:48.072Z] [DEBUG] RSS ok: in/macos/Productivity/top-free entries=99
[2026-10-03T00:26:58.079Z] [DEBUG] Hits: in/macos/Productivity/top-free 3 app(s) found
[2026-10-03T00:26:58.746Z] [DEBUG] RSS ok: in/macos/Utilities/top-free entries=100
[2026-10-03T00:27:09.497Z] [DEBUG] RSS ok: za/macos/Business/top-free entries=100
[2026-10-03T00:27:19.503Z] [DEBUG] Hits: za/macos/Business/top-free 2 app(s) found
[2026-10-03T00:27:20.285Z] [DEBUG] RSS ok: za/macos/Productivity/top-free entries=99
[2026-10-03T00:27:30.291Z] [DEBUG] Hits: za/macos/Productivity/top-free 4 app(s) found
[2026-10-03T00:27:31.276Z] [DEBUG] RSS ok: za/macos/Utilities/top-free entries=100
[2026-10-03T00:27:41.282Z] [DEBUG] Hits: za/macos/Utilities/top-free 2 app(s) found
[2026-10-03T00:27:42.551Z] [DEBUG] RSS ok: br/macos/Business/top-free entries=100
[2026-10-03T00:27:52.552Z] [DEBUG] Hits: br/macos/Business/top-free 2 app(s) found
[2026-10-03T00:27:53.308Z] [DEBUG] RSS ok: br/macos/Productivity/top-free entries=99
[2026-10-03T00:28:03.314Z] [DEBUG] Hits: br/macos/Productivity/top-free 4 app(s) found
[2026-10-03T00:28:04.162Z] [DEBUG] RSS ok: br/macos/Utilities/top-free entries=100
[2026-10-03T00:28:14.167Z] [DEBUG] Hits: br/macos/Utilities/top-free 1 app(s) found
[2026-10-03T00:28:14.167Z] [INFO] RSS progress: 60/60 (60 ok, 0 error, 161 points)
[2026-10-03T00:28:14.167Z] [INFO] RSS fetch done: 60 ok, 0 error, 161 points
[2026-10-03T00:28:14.167Z] [INFO] Platform max returned: macos = 100
[2026-10-03T00:28:14.167Z] [INFO] RSS results: 60 ok, 0 error, 161 rank points
[2026-10-03T00:28:14.197Z] [INFO] Stored: 60 crawls, 161 points
[2026-10-03T00:28:14.218Z] [INFO] current.json written rows=23
[2026-10-03T00:28:14.219Z] [INFO] Current summary: on_chart=161, not_on_chart=299, depth_limited=0, crawl_error=0, total=460
[2026-10-03T00:28:14.219Z] [INFO] === Crawl complete === 655.9s
