[2026-09-25T00:02:22.881Z] [INFO] === Crawl start === ts=2026-09-25T00:00:00Z
[2026-09-25T00:02:22.885Z] [INFO] Config loaded apps=4, platforms=macos, categories=Business,Productivity,Utilities
[2026-09-25T00:02:22.885Z] [INFO] App IDs to track: 23 our=4, competitors=19
[2026-09-25T00:02:22.887Z] [INFO] Lookup needed (daily refresh), fetching 23 apps...
[2026-09-25T00:02:22.887Z] [INFO] Lookup: 23 unique IDs in 1 batch(es)
[2026-09-25T00:02:22.887Z] [DEBUG] Lookup batch 1/1: 23 IDs
[2026-09-25T00:02:23.711Z] [DEBUG] Lookup batch 1: 23 results
[2026-09-25T00:02:23.712Z] [INFO] Lookup result: 23/23 apps found
[2026-09-25T00:02:23.714Z] [INFO] Lookup done: 23/23 results
[2026-09-25T00:02:23.715Z] [INFO] RSS requests: 60 countries=20, platforms=macos, categories=Business,Productivity,Utilities
[2026-09-25T00:02:23.715Z] [INFO] RSS fetch start: 60 requests, concurrency=1
[2026-09-25T00:02:24.398Z] [DEBUG] RSS ok: us/macos/Business/top-free entries=100
[2026-09-25T00:02:34.401Z] [DEBUG] Hits: us/macos/Business/top-free 3 app(s) found
[2026-09-25T00:02:35.383Z] [DEBUG] RSS ok: us/macos/Productivity/top-free entries=99
[2026-09-25T00:02:45.389Z] [DEBUG] Hits: us/macos/Productivity/top-free 6 app(s) found
[2026-09-25T00:02:46.174Z] [DEBUG] RSS ok: us/macos/Utilities/top-free entries=99
[2026-09-25T00:02:56.180Z] [DEBUG] Hits: us/macos/Utilities/top-free 1 app(s) found
[2026-09-25T00:02:56.954Z] [DEBUG] RSS ok: gb/macos/Business/top-free entries=100
[2026-09-25T00:03:06.960Z] [DEBUG] Hits: gb/macos/Business/top-free 3 app(s) found
[2026-09-25T00:03:08.059Z] [DEBUG] RSS ok: gb/macos/Productivity/top-free entries=99
[2026-09-25T00:03:18.066Z] [DEBUG] Hits: gb/macos/Productivity/top-free 4 app(s) found
[2026-09-25T00:03:18.935Z] [DEBUG] RSS ok: gb/macos/Utilities/top-free entries=100
[2026-09-25T00:03:28.942Z] [DEBUG] Hits: gb/macos/Utilities/top-free 3 app(s) found
[2026-09-25T00:03:30.009Z] [DEBUG] RSS ok: ca/macos/Business/top-free entries=99
[2026-09-25T00:03:40.016Z] [DEBUG] Hits: ca/macos/Business/top-free 3 app(s) found
[2026-09-25T00:03:40.858Z] [DEBUG] RSS ok: ca/macos/Productivity/top-free entries=99
[2026-09-25T00:03:50.864Z] [DEBUG] Hits: ca/macos/Productivity/top-free 5 app(s) found
[2026-09-25T00:03:52.240Z] [DEBUG] RSS ok: ca/macos/Utilities/top-free entries=100
[2026-09-25T00:04:02.246Z] [DEBUG] Hits: ca/macos/Utilities/top-free 1 app(s) found
[2026-09-25T00:04:03.066Z] [DEBUG] RSS ok: fr/macos/Business/top-free entries=99
[2026-09-25T00:04:13.072Z] [DEBUG] Hits: fr/macos/Business/top-free 2 app(s) found
[2026-09-25T00:04:13.072Z] [INFO] RSS progress: 10/60 (10 ok, 0 error, 31 points)
[2026-09-25T00:04:13.935Z] [DEBUG] RSS ok: fr/macos/Productivity/top-free entries=99
[2026-09-25T00:04:23.941Z] [DEBUG] Hits: fr/macos/Productivity/top-free 4 app(s) found
[2026-09-25T00:04:24.669Z] [DEBUG] RSS ok: fr/macos/Utilities/top-free entries=100
[2026-09-25T00:04:35.500Z] [DEBUG] RSS ok: de/macos/Business/top-free entries=100
[2026-09-25T00:04:45.506Z] [DEBUG] Hits: de/macos/Business/top-free 2 app(s) found
[2026-09-25T00:04:46.427Z] [DEBUG] RSS ok: de/macos/Productivity/top-free entries=99
[2026-09-25T00:04:56.433Z] [DEBUG] Hits: de/macos/Productivity/top-free 4 app(s) found
[2026-09-25T00:04:57.324Z] [DEBUG] RSS ok: de/macos/Utilities/top-free entries=100
[2026-09-25T00:05:07.330Z] [DEBUG] Hits: de/macos/Utilities/top-free 2 app(s) found
[2026-09-25T00:05:08.146Z] [DEBUG] RSS ok: jp/macos/Business/top-free entries=100
[2026-09-25T00:05:18.152Z] [DEBUG] Hits: jp/macos/Business/top-free 2 app(s) found
[2026-09-25T00:05:19.644Z] [DEBUG] RSS ok: jp/macos/Productivity/top-free entries=99
[2026-09-25T00:05:29.650Z] [DEBUG] Hits: jp/macos/Productivity/top-free 4 app(s) found
[2026-09-25T00:05:30.555Z] [DEBUG] RSS ok: jp/macos/Utilities/top-free entries=100
[2026-09-25T00:05:40.561Z] [DEBUG] Hits: jp/macos/Utilities/top-free 4 app(s) found
[2026-09-25T00:05:41.314Z] [DEBUG] RSS ok: au/macos/Business/top-free entries=100
[2026-09-25T00:05:51.320Z] [DEBUG] Hits: au/macos/Business/top-free 3 app(s) found
[2026-09-25T00:05:52.232Z] [DEBUG] RSS ok: au/macos/Productivity/top-free entries=99
[2026-09-25T00:06:02.238Z] [DEBUG] Hits: au/macos/Productivity/top-free 5 app(s) found
[2026-09-25T00:06:02.238Z] [INFO] RSS progress: 20/60 (20 ok, 0 error, 61 points)
[2026-09-25T00:06:03.061Z] [DEBUG] RSS ok: au/macos/Utilities/top-free entries=100
[2026-09-25T00:06:13.062Z] [DEBUG] Hits: au/macos/Utilities/top-free 1 app(s) found
[2026-09-25T00:06:13.726Z] [DEBUG] RSS ok: es/macos/Business/top-free entries=99
[2026-09-25T00:06:23.732Z] [DEBUG] Hits: es/macos/Business/top-free 3 app(s) found
[2026-09-25T00:06:24.539Z] [DEBUG] RSS ok: es/macos/Productivity/top-free entries=99
[2026-09-25T00:06:34.545Z] [DEBUG] Hits: es/macos/Productivity/top-free 5 app(s) found
[2026-09-25T00:06:35.413Z] [DEBUG] RSS ok: es/macos/Utilities/top-free entries=100
[2026-09-25T00:06:45.418Z] [DEBUG] Hits: es/macos/Utilities/top-free 2 app(s) found
[2026-09-25T00:06:46.290Z] [DEBUG] RSS ok: it/macos/Business/top-free entries=100
[2026-09-25T00:06:56.296Z] [DEBUG] Hits: it/macos/Business/top-free 3 app(s) found
[2026-09-25T00:06:57.383Z] [DEBUG] RSS ok: it/macos/Productivity/top-free entries=99
[2026-09-25T00:07:07.389Z] [DEBUG] Hits: it/macos/Productivity/top-free 5 app(s) found
[2026-09-25T00:07:08.157Z] [DEBUG] RSS ok: it/macos/Utilities/top-free entries=100
[2026-09-25T00:07:18.164Z] [DEBUG] Hits: it/macos/Utilities/top-free 2 app(s) found
[2026-09-25T00:07:18.984Z] [DEBUG] RSS ok: pt/macos/Business/top-free entries=100
[2026-09-25T00:07:28.990Z] [DEBUG] Hits: pt/macos/Business/top-free 4 app(s) found
[2026-09-25T00:07:29.862Z] [DEBUG] RSS ok: pt/macos/Productivity/top-free entries=99
[2026-09-25T00:07:39.869Z] [DEBUG] Hits: pt/macos/Productivity/top-free 3 app(s) found
[2026-09-25T00:07:40.662Z] [DEBUG] RSS ok: pt/macos/Utilities/top-free entries=100
[2026-09-25T00:07:50.669Z] [INFO] RSS progress: 30/60 (30 ok, 0 error, 89 points)
[2026-09-25T00:07:51.414Z] [DEBUG] RSS ok: ch/macos/Business/top-free entries=100
[2026-09-25T00:08:01.418Z] [DEBUG] Hits: ch/macos/Business/top-free 1 app(s) found
[2026-09-25T00:08:02.244Z] [DEBUG] RSS ok: ch/macos/Productivity/top-free entries=99
[2026-09-25T00:08:12.250Z] [DEBUG] Hits: ch/macos/Productivity/top-free 4 app(s) found
[2026-09-25T00:08:13.275Z] [DEBUG] RSS ok: ch/macos/Utilities/top-free entries=100
[2026-09-25T00:08:23.281Z] [DEBUG] Hits: ch/macos/Utilities/top-free 2 app(s) found
[2026-09-25T00:08:24.091Z] [DEBUG] RSS ok: be/macos/Business/top-free entries=100
[2026-09-25T00:08:34.095Z] [DEBUG] Hits: be/macos/Business/top-free 2 app(s) found
[2026-09-25T00:08:35.253Z] [DEBUG] RSS ok: be/macos/Productivity/top-free entries=99
[2026-09-25T00:08:45.253Z] [DEBUG] Hits: be/macos/Productivity/top-free 6 app(s) found
[2026-09-25T00:08:46.092Z] [DEBUG] RSS ok: be/macos/Utilities/top-free entries=100
[2026-09-25T00:08:56.903Z] [DEBUG] RSS ok: nl/macos/Business/top-free entries=100
[2026-09-25T00:09:06.910Z] [DEBUG] Hits: nl/macos/Business/top-free 2 app(s) found
[2026-09-25T00:09:07.719Z] [DEBUG] RSS ok: nl/macos/Productivity/top-free entries=99
[2026-09-25T00:09:17.723Z] [DEBUG] Hits: nl/macos/Productivity/top-free 4 app(s) found
[2026-09-25T00:09:18.502Z] [DEBUG] RSS ok: nl/macos/Utilities/top-free entries=100
[2026-09-25T00:09:28.509Z] [DEBUG] Hits: nl/macos/Utilities/top-free 3 app(s) found
[2026-09-25T00:09:29.411Z] [DEBUG] RSS ok: tw/macos/Business/top-free entries=100
[2026-09-25T00:09:39.418Z] [DEBUG] Hits: tw/macos/Business/top-free 4 app(s) found
[2026-09-25T00:09:39.418Z] [INFO] RSS progress: 40/60 (40 ok, 0 error, 117 points)
[2026-09-25T00:09:40.105Z] [DEBUG] RSS ok: tw/macos/Productivity/top-free entries=99
[2026-09-25T00:09:50.111Z] [DEBUG] Hits: tw/macos/Productivity/top-free 3 app(s) found
[2026-09-25T00:09:50.935Z] [DEBUG] RSS ok: tw/macos/Utilities/top-free entries=99
[2026-09-25T00:10:02.083Z] [DEBUG] RSS ok: hk/macos/Business/top-free entries=100
[2026-09-25T00:10:12.089Z] [DEBUG] Hits: hk/macos/Business/top-free 1 app(s) found
[2026-09-25T00:10:13.005Z] [DEBUG] RSS ok: hk/macos/Productivity/top-free entries=99
[2026-09-25T00:10:23.011Z] [DEBUG] Hits: hk/macos/Productivity/top-free 5 app(s) found
[2026-09-25T00:10:24.639Z] [DEBUG] RSS ok: hk/macos/Utilities/top-free entries=99
[2026-09-25T00:10:35.459Z] [DEBUG] RSS ok: nz/macos/Business/top-free entries=99
[2026-09-25T00:10:45.464Z] [DEBUG] Hits: nz/macos/Business/top-free 2 app(s) found
[2026-09-25T00:10:46.091Z] [DEBUG] RSS ok: nz/macos/Productivity/top-free entries=99
[2026-09-25T00:10:56.098Z] [DEBUG] Hits: nz/macos/Productivity/top-free 3 app(s) found
[2026-09-25T00:10:57.848Z] [DEBUG] RSS ok: nz/macos/Utilities/top-free entries=100
[2026-09-25T00:11:07.854Z] [DEBUG] Hits: nz/macos/Utilities/top-free 1 app(s) found
[2026-09-25T00:11:08.704Z] [DEBUG] RSS ok: sg/macos/Business/top-free entries=100
[2026-09-25T00:11:18.710Z] [DEBUG] Hits: sg/macos/Business/top-free 2 app(s) found
[2026-09-25T00:11:21.466Z] [DEBUG] RSS ok: sg/macos/Productivity/top-free entries=99
[2026-09-25T00:11:31.473Z] [DEBUG] Hits: sg/macos/Productivity/top-free 3 app(s) found
[2026-09-25T00:11:31.473Z] [INFO] RSS progress: 50/60 (50 ok, 0 error, 137 points)
[2026-09-25T00:11:32.182Z] [DEBUG] RSS ok: sg/macos/Utilities/top-free entries=99
[2026-09-25T00:11:42.189Z] [DEBUG] Hits: sg/macos/Utilities/top-free 1 app(s) found
[2026-09-25T00:11:43.146Z] [DEBUG] RSS ok: in/macos/Business/top-free entries=100
[2026-09-25T00:11:53.152Z] [DEBUG] Hits: in/macos/Business/top-free 3 app(s) found
[2026-09-25T00:11:53.986Z] [DEBUG] RSS ok: in/macos/Productivity/top-free entries=99
[2026-09-25T00:12:03.989Z] [DEBUG] Hits: in/macos/Productivity/top-free 2 app(s) found
[2026-09-25T00:12:04.715Z] [DEBUG] RSS ok: in/macos/Utilities/top-free entries=99
[2026-09-25T00:12:15.506Z] [DEBUG] RSS ok: za/macos/Business/top-free entries=100
[2026-09-25T00:12:25.513Z] [DEBUG] Hits: za/macos/Business/top-free 2 app(s) found
[2026-09-25T00:12:26.324Z] [DEBUG] RSS ok: za/macos/Productivity/top-free entries=99
[2026-09-25T00:12:36.331Z] [DEBUG] Hits: za/macos/Productivity/top-free 4 app(s) found
[2026-09-25T00:12:37.124Z] [DEBUG] RSS ok: za/macos/Utilities/top-free entries=100
[2026-09-25T00:12:47.129Z] [DEBUG] Hits: za/macos/Utilities/top-free 1 app(s) found
[2026-09-25T00:12:47.994Z] [DEBUG] RSS ok: br/macos/Business/top-free entries=99
[2026-09-25T00:12:57.999Z] [DEBUG] Hits: br/macos/Business/top-free 3 app(s) found
[2026-09-25T00:12:58.916Z] [DEBUG] RSS ok: br/macos/Productivity/top-free entries=99
[2026-09-25T00:13:08.921Z] [DEBUG] Hits: br/macos/Productivity/top-free 4 app(s) found
[2026-09-25T00:13:09.728Z] [DEBUG] RSS ok: br/macos/Utilities/top-free entries=100
[2026-09-25T00:13:19.734Z] [INFO] RSS progress: 60/60 (60 ok, 0 error, 157 points)
[2026-09-25T00:13:19.734Z] [INFO] RSS fetch done: 60 ok, 0 error, 157 points
[2026-09-25T00:13:19.734Z] [INFO] Platform max returned: macos = 100
[2026-09-25T00:13:19.734Z] [INFO] RSS results: 60 ok, 0 error, 157 rank points
[2026-09-25T00:13:19.768Z] [INFO] Stored: 60 crawls, 157 points
[2026-09-25T00:13:19.793Z] [INFO] current.json written rows=23
[2026-09-25T00:13:19.794Z] [INFO] Current summary: on_chart=157, not_on_chart=303, depth_limited=0, crawl_error=0, total=460
[2026-09-25T00:13:19.794Z] [INFO] === Crawl complete === 656.9s
