[2026-10-04T00:17:16.972Z] [INFO] === Crawl start === ts=2026-10-04T00:00:00Z
[2026-10-04T00:17:16.975Z] [INFO] Config loaded apps=4, platforms=macos, categories=Business,Productivity,Utilities
[2026-10-04T00:17:16.975Z] [INFO] App IDs to track: 23 our=4, competitors=19
[2026-10-04T00:17:16.977Z] [INFO] Lookup needed (daily refresh), fetching 23 apps...
[2026-10-04T00:17:16.977Z] [INFO] Lookup: 23 unique IDs in 1 batch(es)
[2026-10-04T00:17:16.977Z] [DEBUG] Lookup batch 1/1: 23 IDs
[2026-10-04T00:17:17.575Z] [DEBUG] Lookup batch 1: 23 results
[2026-10-04T00:17:17.576Z] [INFO] Lookup result: 23/23 apps found
[2026-10-04T00:17:17.578Z] [INFO] Lookup done: 23/23 results
[2026-10-04T00:17:17.579Z] [INFO] RSS requests: 60 countries=20, platforms=macos, categories=Business,Productivity,Utilities
[2026-10-04T00:17:17.579Z] [INFO] RSS fetch start: 60 requests, concurrency=1
[2026-10-04T00:17:18.306Z] [DEBUG] RSS ok: us/macos/Business/top-free entries=100
[2026-10-04T00:17:28.309Z] [DEBUG] Hits: us/macos/Business/top-free 3 app(s) found
[2026-10-04T00:17:29.069Z] [DEBUG] RSS ok: us/macos/Productivity/top-free entries=99
[2026-10-04T00:17:39.075Z] [DEBUG] Hits: us/macos/Productivity/top-free 6 app(s) found
[2026-10-04T00:17:39.869Z] [DEBUG] RSS ok: us/macos/Utilities/top-free entries=100
[2026-10-04T00:17:49.875Z] [DEBUG] Hits: us/macos/Utilities/top-free 1 app(s) found
[2026-10-04T00:17:50.642Z] [DEBUG] RSS ok: gb/macos/Business/top-free entries=100
[2026-10-04T00:18:00.647Z] [DEBUG] Hits: gb/macos/Business/top-free 2 app(s) found
[2026-10-04T00:18:01.601Z] [DEBUG] RSS ok: gb/macos/Productivity/top-free entries=99
[2026-10-04T00:18:11.608Z] [DEBUG] Hits: gb/macos/Productivity/top-free 4 app(s) found
[2026-10-04T00:18:12.360Z] [DEBUG] RSS ok: gb/macos/Utilities/top-free entries=100
[2026-10-04T00:18:22.366Z] [DEBUG] Hits: gb/macos/Utilities/top-free 2 app(s) found
[2026-10-04T00:18:23.417Z] [DEBUG] RSS ok: ca/macos/Business/top-free entries=100
[2026-10-04T00:18:33.423Z] [DEBUG] Hits: ca/macos/Business/top-free 4 app(s) found
[2026-10-04T00:18:34.147Z] [DEBUG] RSS ok: ca/macos/Productivity/top-free entries=99
[2026-10-04T00:18:44.149Z] [DEBUG] Hits: ca/macos/Productivity/top-free 5 app(s) found
[2026-10-04T00:18:44.989Z] [DEBUG] RSS ok: ca/macos/Utilities/top-free entries=100
[2026-10-04T00:18:54.996Z] [DEBUG] Hits: ca/macos/Utilities/top-free 1 app(s) found
[2026-10-04T00:18:55.786Z] [DEBUG] RSS ok: fr/macos/Business/top-free entries=98
[2026-10-04T00:19:05.793Z] [DEBUG] Hits: fr/macos/Business/top-free 2 app(s) found
[2026-10-04T00:19:05.793Z] [INFO] RSS progress: 10/60 (10 ok, 0 error, 30 points)
[2026-10-04T00:19:06.990Z] [DEBUG] RSS ok: fr/macos/Productivity/top-free entries=99
[2026-10-04T00:19:16.996Z] [DEBUG] Hits: fr/macos/Productivity/top-free 5 app(s) found
[2026-10-04T00:19:17.795Z] [DEBUG] RSS ok: fr/macos/Utilities/top-free entries=100
[2026-10-04T00:19:27.801Z] [DEBUG] Hits: fr/macos/Utilities/top-free 1 app(s) found
[2026-10-04T00:19:28.692Z] [DEBUG] RSS ok: de/macos/Business/top-free entries=99
[2026-10-04T00:19:38.699Z] [DEBUG] Hits: de/macos/Business/top-free 3 app(s) found
[2026-10-04T00:19:39.530Z] [DEBUG] RSS ok: de/macos/Productivity/top-free entries=99
[2026-10-04T00:19:49.536Z] [DEBUG] Hits: de/macos/Productivity/top-free 4 app(s) found
[2026-10-04T00:19:50.782Z] [DEBUG] RSS ok: de/macos/Utilities/top-free entries=100
[2026-10-04T00:20:00.784Z] [DEBUG] Hits: de/macos/Utilities/top-free 2 app(s) found
[2026-10-04T00:20:01.590Z] [DEBUG] RSS ok: jp/macos/Business/top-free entries=100
[2026-10-04T00:20:11.596Z] [DEBUG] Hits: jp/macos/Business/top-free 2 app(s) found
[2026-10-04T00:20:12.435Z] [DEBUG] RSS ok: jp/macos/Productivity/top-free entries=99
[2026-10-04T00:20:22.441Z] [DEBUG] Hits: jp/macos/Productivity/top-free 3 app(s) found
[2026-10-04T00:20:23.393Z] [DEBUG] RSS ok: jp/macos/Utilities/top-free entries=100
[2026-10-04T00:20:33.399Z] [DEBUG] Hits: jp/macos/Utilities/top-free 4 app(s) found
[2026-10-04T00:20:34.298Z] [DEBUG] RSS ok: au/macos/Business/top-free entries=100
[2026-10-04T00:20:44.305Z] [DEBUG] Hits: au/macos/Business/top-free 3 app(s) found
[2026-10-04T00:20:45.091Z] [DEBUG] RSS ok: au/macos/Productivity/top-free entries=99
[2026-10-04T00:20:55.098Z] [DEBUG] Hits: au/macos/Productivity/top-free 5 app(s) found
[2026-10-04T00:20:55.098Z] [INFO] RSS progress: 20/60 (20 ok, 0 error, 62 points)
[2026-10-04T00:20:56.027Z] [DEBUG] RSS ok: au/macos/Utilities/top-free entries=100
[2026-10-04T00:21:06.034Z] [DEBUG] Hits: au/macos/Utilities/top-free 1 app(s) found
[2026-10-04T00:21:06.833Z] [DEBUG] RSS ok: es/macos/Business/top-free entries=99
[2026-10-04T00:21:16.839Z] [DEBUG] Hits: es/macos/Business/top-free 4 app(s) found
[2026-10-04T00:21:17.819Z] [DEBUG] RSS ok: es/macos/Productivity/top-free entries=99
[2026-10-04T00:21:27.825Z] [DEBUG] Hits: es/macos/Productivity/top-free 5 app(s) found
[2026-10-04T00:21:28.625Z] [DEBUG] RSS ok: es/macos/Utilities/top-free entries=100
[2026-10-04T00:21:38.631Z] [DEBUG] Hits: es/macos/Utilities/top-free 1 app(s) found
[2026-10-04T00:21:39.426Z] [DEBUG] RSS ok: it/macos/Business/top-free entries=99
[2026-10-04T00:21:49.432Z] [DEBUG] Hits: it/macos/Business/top-free 3 app(s) found
[2026-10-04T00:21:50.464Z] [DEBUG] RSS ok: it/macos/Productivity/top-free entries=99
[2026-10-04T00:22:00.470Z] [DEBUG] Hits: it/macos/Productivity/top-free 5 app(s) found
[2026-10-04T00:22:01.301Z] [DEBUG] RSS ok: it/macos/Utilities/top-free entries=100
[2026-10-04T00:22:11.308Z] [DEBUG] Hits: it/macos/Utilities/top-free 1 app(s) found
[2026-10-04T00:22:12.176Z] [DEBUG] RSS ok: pt/macos/Business/top-free entries=98
[2026-10-04T00:22:22.178Z] [DEBUG] Hits: pt/macos/Business/top-free 4 app(s) found
[2026-10-04T00:22:22.944Z] [DEBUG] RSS ok: pt/macos/Productivity/top-free entries=99
[2026-10-04T00:22:32.950Z] [DEBUG] Hits: pt/macos/Productivity/top-free 4 app(s) found
[2026-10-04T00:22:33.790Z] [DEBUG] RSS ok: pt/macos/Utilities/top-free entries=100
[2026-10-04T00:22:43.796Z] [INFO] RSS progress: 30/60 (30 ok, 0 error, 90 points)
[2026-10-04T00:22:44.666Z] [DEBUG] RSS ok: ch/macos/Business/top-free entries=100
[2026-10-04T00:22:54.672Z] [DEBUG] Hits: ch/macos/Business/top-free 2 app(s) found
[2026-10-04T00:22:55.587Z] [DEBUG] RSS ok: ch/macos/Productivity/top-free entries=99
[2026-10-04T00:23:05.593Z] [DEBUG] Hits: ch/macos/Productivity/top-free 4 app(s) found
[2026-10-04T00:23:06.545Z] [DEBUG] RSS ok: ch/macos/Utilities/top-free entries=100
[2026-10-04T00:23:16.552Z] [DEBUG] Hits: ch/macos/Utilities/top-free 2 app(s) found
[2026-10-04T00:23:18.015Z] [DEBUG] RSS ok: be/macos/Business/top-free entries=100
[2026-10-04T00:23:28.021Z] [DEBUG] Hits: be/macos/Business/top-free 2 app(s) found
[2026-10-04T00:23:28.859Z] [DEBUG] RSS ok: be/macos/Productivity/top-free entries=99
[2026-10-04T00:23:38.865Z] [DEBUG] Hits: be/macos/Productivity/top-free 3 app(s) found
[2026-10-04T00:23:39.585Z] [DEBUG] RSS ok: be/macos/Utilities/top-free entries=100
[2026-10-04T00:23:49.591Z] [DEBUG] Hits: be/macos/Utilities/top-free 3 app(s) found
[2026-10-04T00:23:50.331Z] [DEBUG] RSS ok: nl/macos/Business/top-free entries=99
[2026-10-04T00:24:00.338Z] [DEBUG] Hits: nl/macos/Business/top-free 2 app(s) found
[2026-10-04T00:24:01.180Z] [DEBUG] RSS ok: nl/macos/Productivity/top-free entries=99
[2026-10-04T00:24:11.186Z] [DEBUG] Hits: nl/macos/Productivity/top-free 5 app(s) found
[2026-10-04T00:24:12.014Z] [DEBUG] RSS ok: nl/macos/Utilities/top-free entries=100
[2026-10-04T00:24:22.020Z] [DEBUG] Hits: nl/macos/Utilities/top-free 3 app(s) found
[2026-10-04T00:24:22.829Z] [DEBUG] RSS ok: tw/macos/Business/top-free entries=100
[2026-10-04T00:24:32.836Z] [DEBUG] Hits: tw/macos/Business/top-free 2 app(s) found
[2026-10-04T00:24:32.836Z] [INFO] RSS progress: 40/60 (40 ok, 0 error, 118 points)
[2026-10-04T00:24:33.764Z] [DEBUG] RSS ok: tw/macos/Productivity/top-free entries=99
[2026-10-04T00:24:43.772Z] [DEBUG] Hits: tw/macos/Productivity/top-free 1 app(s) found
[2026-10-04T00:24:44.666Z] [DEBUG] RSS ok: tw/macos/Utilities/top-free entries=100
[2026-10-04T00:24:54.671Z] [DEBUG] Hits: tw/macos/Utilities/top-free 1 app(s) found
[2026-10-04T00:24:55.464Z] [DEBUG] RSS ok: hk/macos/Business/top-free entries=100
[2026-10-04T00:25:05.470Z] [DEBUG] Hits: hk/macos/Business/top-free 1 app(s) found
[2026-10-04T00:25:06.374Z] [DEBUG] RSS ok: hk/macos/Productivity/top-free entries=99
[2026-10-04T00:25:16.381Z] [DEBUG] Hits: hk/macos/Productivity/top-free 4 app(s) found
[2026-10-04T00:25:17.230Z] [DEBUG] RSS ok: hk/macos/Utilities/top-free entries=100
[2026-10-04T00:25:27.236Z] [DEBUG] Hits: hk/macos/Utilities/top-free 1 app(s) found
[2026-10-04T00:25:28.093Z] [DEBUG] RSS ok: nz/macos/Business/top-free entries=100
[2026-10-04T00:25:38.100Z] [DEBUG] Hits: nz/macos/Business/top-free 3 app(s) found
[2026-10-04T00:25:39.088Z] [DEBUG] RSS ok: nz/macos/Productivity/top-free entries=99
[2026-10-04T00:25:49.090Z] [DEBUG] Hits: nz/macos/Productivity/top-free 3 app(s) found
[2026-10-04T00:25:50.007Z] [DEBUG] RSS ok: nz/macos/Utilities/top-free entries=100
[2026-10-04T00:26:00.867Z] [DEBUG] RSS ok: sg/macos/Business/top-free entries=100
[2026-10-04T00:26:10.873Z] [DEBUG] Hits: sg/macos/Business/top-free 3 app(s) found
[2026-10-04T00:26:11.753Z] [DEBUG] RSS ok: sg/macos/Productivity/top-free entries=99
[2026-10-04T00:26:21.759Z] [DEBUG] Hits: sg/macos/Productivity/top-free 4 app(s) found
[2026-10-04T00:26:21.760Z] [INFO] RSS progress: 50/60 (50 ok, 0 error, 139 points)
[2026-10-04T00:26:22.601Z] [DEBUG] RSS ok: sg/macos/Utilities/top-free entries=100
[2026-10-04T00:26:32.607Z] [DEBUG] Hits: sg/macos/Utilities/top-free 1 app(s) found
[2026-10-04T00:26:33.541Z] [DEBUG] RSS ok: in/macos/Business/top-free entries=100
[2026-10-04T00:26:43.547Z] [DEBUG] Hits: in/macos/Business/top-free 2 app(s) found
[2026-10-04T00:26:44.260Z] [DEBUG] RSS ok: in/macos/Productivity/top-free entries=99
[2026-10-04T00:26:54.266Z] [DEBUG] Hits: in/macos/Productivity/top-free 2 app(s) found
[2026-10-04T00:26:55.026Z] [DEBUG] RSS ok: in/macos/Utilities/top-free entries=100
[2026-10-04T00:27:05.032Z] [DEBUG] Hits: in/macos/Utilities/top-free 1 app(s) found
[2026-10-04T00:27:06.112Z] [DEBUG] RSS ok: za/macos/Business/top-free entries=100
[2026-10-04T00:27:16.118Z] [DEBUG] Hits: za/macos/Business/top-free 2 app(s) found
[2026-10-04T00:27:16.947Z] [DEBUG] RSS ok: za/macos/Productivity/top-free entries=99
[2026-10-04T00:27:26.953Z] [DEBUG] Hits: za/macos/Productivity/top-free 4 app(s) found
[2026-10-04T00:27:27.882Z] [DEBUG] RSS ok: za/macos/Utilities/top-free entries=100
[2026-10-04T00:27:37.888Z] [DEBUG] Hits: za/macos/Utilities/top-free 1 app(s) found
[2026-10-04T00:27:38.750Z] [DEBUG] RSS ok: br/macos/Business/top-free entries=98
[2026-10-04T00:27:48.757Z] [DEBUG] Hits: br/macos/Business/top-free 3 app(s) found
[2026-10-04T00:27:49.608Z] [DEBUG] RSS ok: br/macos/Productivity/top-free entries=99
[2026-10-04T00:27:59.613Z] [DEBUG] Hits: br/macos/Productivity/top-free 4 app(s) found
[2026-10-04T00:28:00.485Z] [DEBUG] RSS ok: br/macos/Utilities/top-free entries=100
[2026-10-04T00:28:10.491Z] [DEBUG] Hits: br/macos/Utilities/top-free 1 app(s) found
[2026-10-04T00:28:10.491Z] [INFO] RSS progress: 60/60 (60 ok, 0 error, 160 points)
[2026-10-04T00:28:10.492Z] [INFO] RSS fetch done: 60 ok, 0 error, 160 points
[2026-10-04T00:28:10.492Z] [INFO] Platform max returned: macos = 100
[2026-10-04T00:28:10.492Z] [INFO] RSS results: 60 ok, 0 error, 160 rank points
[2026-10-04T00:28:10.521Z] [INFO] Stored: 60 crawls, 160 points
[2026-10-04T00:28:10.539Z] [INFO] current.json written rows=23
[2026-10-04T00:28:10.540Z] [INFO] Current summary: on_chart=160, not_on_chart=300, depth_limited=0, crawl_error=0, total=460
[2026-10-04T00:28:10.540Z] [INFO] === Crawl complete === 653.6s
