[2026-10-02T00:17:15.575Z] [INFO] === Crawl start === ts=2026-10-02T00:00:00Z
[2026-10-02T00:17:15.578Z] [INFO] Config loaded apps=4, platforms=macos, categories=Business,Productivity,Utilities
[2026-10-02T00:17:15.579Z] [INFO] App IDs to track: 23 our=4, competitors=19
[2026-10-02T00:17:15.580Z] [INFO] Lookup needed (daily refresh), fetching 23 apps...
[2026-10-02T00:17:15.580Z] [INFO] Lookup: 23 unique IDs in 1 batch(es)
[2026-10-02T00:17:15.580Z] [DEBUG] Lookup batch 1/1: 23 IDs
[2026-10-02T00:17:16.264Z] [DEBUG] Lookup batch 1: 23 results
[2026-10-02T00:17:16.264Z] [INFO] Lookup result: 23/23 apps found
[2026-10-02T00:17:16.268Z] [INFO] Lookup done: 23/23 results
[2026-10-02T00:17:16.269Z] [INFO] RSS requests: 60 countries=20, platforms=macos, categories=Business,Productivity,Utilities
[2026-10-02T00:17:16.269Z] [INFO] RSS fetch start: 60 requests, concurrency=1
[2026-10-02T00:17:16.902Z] [DEBUG] RSS ok: us/macos/Business/top-free entries=100
[2026-10-02T00:17:26.905Z] [DEBUG] Hits: us/macos/Business/top-free 3 app(s) found
[2026-10-02T00:17:27.558Z] [DEBUG] RSS ok: us/macos/Productivity/top-free entries=98
[2026-10-02T00:17:37.565Z] [DEBUG] Hits: us/macos/Productivity/top-free 6 app(s) found
[2026-10-02T00:17:38.314Z] [DEBUG] RSS ok: us/macos/Utilities/top-free entries=100
[2026-10-02T00:17:48.320Z] [DEBUG] Hits: us/macos/Utilities/top-free 1 app(s) found
[2026-10-02T00:17:49.081Z] [DEBUG] RSS ok: gb/macos/Business/top-free entries=100
[2026-10-02T00:17:59.085Z] [DEBUG] Hits: gb/macos/Business/top-free 3 app(s) found
[2026-10-02T00:17:59.755Z] [DEBUG] RSS ok: gb/macos/Productivity/top-free entries=99
[2026-10-02T00:18:09.760Z] [DEBUG] Hits: gb/macos/Productivity/top-free 4 app(s) found
[2026-10-02T00:18:10.577Z] [DEBUG] RSS ok: gb/macos/Utilities/top-free entries=100
[2026-10-02T00:18:20.584Z] [DEBUG] Hits: gb/macos/Utilities/top-free 3 app(s) found
[2026-10-02T00:18:21.511Z] [DEBUG] RSS ok: ca/macos/Business/top-free entries=100
[2026-10-02T00:18:31.517Z] [DEBUG] Hits: ca/macos/Business/top-free 4 app(s) found
[2026-10-02T00:18:32.089Z] [DEBUG] RSS ok: ca/macos/Productivity/top-free entries=99
[2026-10-02T00:18:42.094Z] [DEBUG] Hits: ca/macos/Productivity/top-free 5 app(s) found
[2026-10-02T00:18:42.948Z] [DEBUG] RSS ok: ca/macos/Utilities/top-free entries=100
[2026-10-02T00:18:52.955Z] [DEBUG] Hits: ca/macos/Utilities/top-free 1 app(s) found
[2026-10-02T00:18:53.740Z] [DEBUG] RSS ok: fr/macos/Business/top-free entries=99
[2026-10-02T00:19:03.747Z] [DEBUG] Hits: fr/macos/Business/top-free 3 app(s) found
[2026-10-02T00:19:03.747Z] [INFO] RSS progress: 10/60 (10 ok, 0 error, 33 points)
[2026-10-02T00:19:04.944Z] [DEBUG] RSS ok: fr/macos/Productivity/top-free entries=98
[2026-10-02T00:19:14.951Z] [DEBUG] Hits: fr/macos/Productivity/top-free 5 app(s) found
[2026-10-02T00:19:15.599Z] [DEBUG] RSS ok: fr/macos/Utilities/top-free entries=100
[2026-10-02T00:19:25.606Z] [DEBUG] Hits: fr/macos/Utilities/top-free 1 app(s) found
[2026-10-02T00:19:26.499Z] [DEBUG] RSS ok: de/macos/Business/top-free entries=100
[2026-10-02T00:19:36.505Z] [DEBUG] Hits: de/macos/Business/top-free 1 app(s) found
[2026-10-02T00:19:37.258Z] [DEBUG] RSS ok: de/macos/Productivity/top-free entries=98
[2026-10-02T00:19:47.264Z] [DEBUG] Hits: de/macos/Productivity/top-free 4 app(s) found
[2026-10-02T00:19:48.438Z] [DEBUG] RSS ok: de/macos/Utilities/top-free entries=100
[2026-10-02T00:19:58.445Z] [DEBUG] Hits: de/macos/Utilities/top-free 3 app(s) found
[2026-10-02T00:19:59.087Z] [DEBUG] RSS ok: jp/macos/Business/top-free entries=99
[2026-10-02T00:20:09.094Z] [DEBUG] Hits: jp/macos/Business/top-free 2 app(s) found
[2026-10-02T00:20:10.125Z] [DEBUG] RSS ok: jp/macos/Productivity/top-free entries=99
[2026-10-02T00:20:20.131Z] [DEBUG] Hits: jp/macos/Productivity/top-free 4 app(s) found
[2026-10-02T00:20:20.866Z] [DEBUG] RSS ok: jp/macos/Utilities/top-free entries=100
[2026-10-02T00:20:30.872Z] [DEBUG] Hits: jp/macos/Utilities/top-free 4 app(s) found
[2026-10-02T00:20:31.678Z] [DEBUG] RSS ok: au/macos/Business/top-free entries=100
[2026-10-02T00:20:41.684Z] [DEBUG] Hits: au/macos/Business/top-free 2 app(s) found
[2026-10-02T00:20:42.542Z] [DEBUG] RSS ok: au/macos/Productivity/top-free entries=98
[2026-10-02T00:20:52.548Z] [DEBUG] Hits: au/macos/Productivity/top-free 5 app(s) found
[2026-10-02T00:20:52.549Z] [INFO] RSS progress: 20/60 (20 ok, 0 error, 64 points)
[2026-10-02T00:20:53.180Z] [DEBUG] RSS ok: au/macos/Utilities/top-free entries=100
[2026-10-02T00:21:03.181Z] [DEBUG] Hits: au/macos/Utilities/top-free 2 app(s) found
[2026-10-02T00:21:03.910Z] [DEBUG] RSS ok: es/macos/Business/top-free entries=100
[2026-10-02T00:21:13.917Z] [DEBUG] Hits: es/macos/Business/top-free 3 app(s) found
[2026-10-02T00:21:14.549Z] [DEBUG] RSS ok: es/macos/Productivity/top-free entries=98
[2026-10-02T00:21:24.555Z] [DEBUG] Hits: es/macos/Productivity/top-free 5 app(s) found
[2026-10-02T00:21:25.375Z] [DEBUG] RSS ok: es/macos/Utilities/top-free entries=100
[2026-10-02T00:21:35.381Z] [DEBUG] Hits: es/macos/Utilities/top-free 1 app(s) found
[2026-10-02T00:21:36.162Z] [DEBUG] RSS ok: it/macos/Business/top-free entries=100
[2026-10-02T00:21:46.168Z] [DEBUG] Hits: it/macos/Business/top-free 3 app(s) found
[2026-10-02T00:21:46.788Z] [DEBUG] RSS ok: it/macos/Productivity/top-free entries=98
[2026-10-02T00:21:56.794Z] [DEBUG] Hits: it/macos/Productivity/top-free 5 app(s) found
[2026-10-02T00:21:57.444Z] [DEBUG] RSS ok: it/macos/Utilities/top-free entries=100
[2026-10-02T00:22:07.451Z] [DEBUG] Hits: it/macos/Utilities/top-free 2 app(s) found
[2026-10-02T00:22:08.243Z] [DEBUG] RSS ok: pt/macos/Business/top-free entries=99
[2026-10-02T00:22:18.247Z] [DEBUG] Hits: pt/macos/Business/top-free 4 app(s) found
[2026-10-02T00:22:19.102Z] [DEBUG] RSS ok: pt/macos/Productivity/top-free entries=98
[2026-10-02T00:22:29.107Z] [DEBUG] Hits: pt/macos/Productivity/top-free 3 app(s) found
[2026-10-02T00:22:29.823Z] [DEBUG] RSS ok: pt/macos/Utilities/top-free entries=100
[2026-10-02T00:22:39.829Z] [INFO] RSS progress: 30/60 (30 ok, 0 error, 92 points)
[2026-10-02T00:22:40.644Z] [DEBUG] RSS ok: ch/macos/Business/top-free entries=100
[2026-10-02T00:22:50.650Z] [DEBUG] Hits: ch/macos/Business/top-free 2 app(s) found
[2026-10-02T00:22:51.402Z] [DEBUG] RSS ok: ch/macos/Productivity/top-free entries=99
[2026-10-02T00:23:01.407Z] [DEBUG] Hits: ch/macos/Productivity/top-free 5 app(s) found
[2026-10-02T00:23:02.145Z] [DEBUG] RSS ok: ch/macos/Utilities/top-free entries=100
[2026-10-02T00:23:12.151Z] [DEBUG] Hits: ch/macos/Utilities/top-free 2 app(s) found
[2026-10-02T00:23:12.869Z] [DEBUG] RSS ok: be/macos/Business/top-free entries=100
[2026-10-02T00:23:22.874Z] [DEBUG] Hits: be/macos/Business/top-free 3 app(s) found
[2026-10-02T00:23:23.525Z] [DEBUG] RSS ok: be/macos/Productivity/top-free entries=98
[2026-10-02T00:23:33.531Z] [DEBUG] Hits: be/macos/Productivity/top-free 5 app(s) found
[2026-10-02T00:23:34.160Z] [DEBUG] RSS ok: be/macos/Utilities/top-free entries=100
[2026-10-02T00:23:44.166Z] [DEBUG] Hits: be/macos/Utilities/top-free 1 app(s) found
[2026-10-02T00:23:45.132Z] [DEBUG] RSS ok: nl/macos/Business/top-free entries=100
[2026-10-02T00:23:55.137Z] [DEBUG] Hits: nl/macos/Business/top-free 1 app(s) found
[2026-10-02T00:23:55.905Z] [DEBUG] RSS ok: nl/macos/Productivity/top-free entries=98
[2026-10-02T00:24:05.912Z] [DEBUG] Hits: nl/macos/Productivity/top-free 5 app(s) found
[2026-10-02T00:24:06.608Z] [DEBUG] RSS ok: nl/macos/Utilities/top-free entries=100
[2026-10-02T00:24:16.615Z] [DEBUG] Hits: nl/macos/Utilities/top-free 3 app(s) found
[2026-10-02T00:24:17.447Z] [DEBUG] RSS ok: tw/macos/Business/top-free entries=100
[2026-10-02T00:24:27.453Z] [DEBUG] Hits: tw/macos/Business/top-free 2 app(s) found
[2026-10-02T00:24:27.453Z] [INFO] RSS progress: 40/60 (40 ok, 0 error, 121 points)
[2026-10-02T00:24:28.637Z] [DEBUG] RSS ok: tw/macos/Productivity/top-free entries=99
[2026-10-02T00:24:38.643Z] [DEBUG] Hits: tw/macos/Productivity/top-free 2 app(s) found
[2026-10-02T00:24:39.402Z] [DEBUG] RSS ok: tw/macos/Utilities/top-free entries=100
[2026-10-02T00:24:49.407Z] [DEBUG] Hits: tw/macos/Utilities/top-free 1 app(s) found
[2026-10-02T00:24:50.106Z] [DEBUG] RSS ok: hk/macos/Business/top-free entries=100
[2026-10-02T00:25:00.112Z] [DEBUG] Hits: hk/macos/Business/top-free 1 app(s) found
[2026-10-02T00:25:00.925Z] [DEBUG] RSS ok: hk/macos/Productivity/top-free entries=98
[2026-10-02T00:25:10.931Z] [DEBUG] Hits: hk/macos/Productivity/top-free 4 app(s) found
[2026-10-02T00:25:11.604Z] [DEBUG] RSS ok: hk/macos/Utilities/top-free entries=99
[2026-10-02T00:25:22.353Z] [DEBUG] RSS ok: nz/macos/Business/top-free entries=99
[2026-10-02T00:25:32.360Z] [DEBUG] Hits: nz/macos/Business/top-free 2 app(s) found
[2026-10-02T00:25:33.098Z] [DEBUG] RSS ok: nz/macos/Productivity/top-free entries=99
[2026-10-02T00:25:43.105Z] [DEBUG] Hits: nz/macos/Productivity/top-free 2 app(s) found
[2026-10-02T00:25:43.749Z] [DEBUG] RSS ok: nz/macos/Utilities/top-free entries=100
[2026-10-02T00:25:53.756Z] [DEBUG] Hits: nz/macos/Utilities/top-free 1 app(s) found
[2026-10-02T00:25:54.377Z] [DEBUG] RSS ok: sg/macos/Business/top-free entries=100
[2026-10-02T00:26:04.383Z] [DEBUG] Hits: sg/macos/Business/top-free 2 app(s) found
[2026-10-02T00:26:05.005Z] [DEBUG] RSS ok: sg/macos/Productivity/top-free entries=98
[2026-10-02T00:26:15.012Z] [DEBUG] Hits: sg/macos/Productivity/top-free 3 app(s) found
[2026-10-02T00:26:15.012Z] [INFO] RSS progress: 50/60 (50 ok, 0 error, 139 points)
[2026-10-02T00:26:15.630Z] [DEBUG] RSS ok: sg/macos/Utilities/top-free entries=100
[2026-10-02T00:26:25.637Z] [DEBUG] Hits: sg/macos/Utilities/top-free 2 app(s) found
[2026-10-02T00:26:26.308Z] [DEBUG] RSS ok: in/macos/Business/top-free entries=100
[2026-10-02T00:26:36.315Z] [DEBUG] Hits: in/macos/Business/top-free 3 app(s) found
[2026-10-02T00:26:37.154Z] [DEBUG] RSS ok: in/macos/Productivity/top-free entries=98
[2026-10-02T00:26:47.161Z] [DEBUG] Hits: in/macos/Productivity/top-free 2 app(s) found
[2026-10-02T00:26:47.883Z] [DEBUG] RSS ok: in/macos/Utilities/top-free entries=100
[2026-10-02T00:26:57.888Z] [DEBUG] Hits: in/macos/Utilities/top-free 1 app(s) found
[2026-10-02T00:26:58.714Z] [DEBUG] RSS ok: za/macos/Business/top-free entries=100
[2026-10-02T00:27:08.716Z] [DEBUG] Hits: za/macos/Business/top-free 1 app(s) found
[2026-10-02T00:27:09.454Z] [DEBUG] RSS ok: za/macos/Productivity/top-free entries=99
[2026-10-02T00:27:19.460Z] [DEBUG] Hits: za/macos/Productivity/top-free 4 app(s) found
[2026-10-02T00:27:20.169Z] [DEBUG] RSS ok: za/macos/Utilities/top-free entries=100
[2026-10-02T00:27:30.175Z] [DEBUG] Hits: za/macos/Utilities/top-free 1 app(s) found
[2026-10-02T00:27:30.915Z] [DEBUG] RSS ok: br/macos/Business/top-free entries=100
[2026-10-02T00:27:40.918Z] [DEBUG] Hits: br/macos/Business/top-free 2 app(s) found
[2026-10-02T00:27:41.701Z] [DEBUG] RSS ok: br/macos/Productivity/top-free entries=99
[2026-10-02T00:27:51.708Z] [DEBUG] Hits: br/macos/Productivity/top-free 4 app(s) found
[2026-10-02T00:27:52.501Z] [DEBUG] RSS ok: br/macos/Utilities/top-free entries=100
[2026-10-02T00:28:02.508Z] [DEBUG] Hits: br/macos/Utilities/top-free 1 app(s) found
[2026-10-02T00:28:02.508Z] [INFO] RSS progress: 60/60 (60 ok, 0 error, 160 points)
[2026-10-02T00:28:02.508Z] [INFO] RSS fetch done: 60 ok, 0 error, 160 points
[2026-10-02T00:28:02.508Z] [INFO] Platform max returned: macos = 100
[2026-10-02T00:28:02.508Z] [INFO] RSS results: 60 ok, 0 error, 160 rank points
[2026-10-02T00:28:02.546Z] [INFO] Stored: 60 crawls, 160 points
[2026-10-02T00:28:02.565Z] [INFO] current.json written rows=23
[2026-10-02T00:28:02.566Z] [INFO] Current summary: on_chart=160, not_on_chart=300, depth_limited=0, crawl_error=0, total=460
[2026-10-02T00:28:02.566Z] [INFO] === Crawl complete === 647.0s
[2026-10-02T01:17:19.845Z] [INFO] === Crawl start === ts=2026-10-02T01:00:00Z
[2026-10-02T01:17:19.848Z] [INFO] Config loaded apps=4, platforms=macos, categories=Business,Productivity,Utilities
[2026-10-02T01:17:19.848Z] [INFO] App IDs to track: 23 our=4, competitors=19
[2026-10-02T01:17:19.849Z] [INFO] Lookup cached fetched_at=2026-10-02T00:17:16.265Z, 23 apps
[2026-10-02T01:17:19.850Z] [INFO] RSS requests: 60 countries=20, platforms=macos, categories=Business,Productivity,Utilities
[2026-10-02T01:17:19.850Z] [INFO] RSS fetch start: 60 requests, concurrency=1
[2026-10-02T01:17:20.845Z] [DEBUG] RSS ok: us/macos/Business/top-free entries=100
[2026-10-02T01:17:30.846Z] [DEBUG] Hits: us/macos/Business/top-free 3 app(s) found
[2026-10-02T01:17:31.847Z] [DEBUG] RSS ok: us/macos/Productivity/top-free entries=98
[2026-10-02T01:17:41.853Z] [DEBUG] Hits: us/macos/Productivity/top-free 6 app(s) found
[2026-10-02T01:17:42.654Z] [DEBUG] RSS ok: us/macos/Utilities/top-free entries=100
[2026-10-02T01:17:52.661Z] [DEBUG] Hits: us/macos/Utilities/top-free 1 app(s) found
[2026-10-02T01:17:53.424Z] [DEBUG] RSS ok: gb/macos/Business/top-free entries=100
[2026-10-02T01:18:03.429Z] [DEBUG] Hits: gb/macos/Business/top-free 3 app(s) found
[2026-10-02T01:18:04.149Z] [DEBUG] RSS ok: gb/macos/Productivity/top-free entries=99
[2026-10-02T01:18:14.155Z] [DEBUG] Hits: gb/macos/Productivity/top-free 4 app(s) found
[2026-10-02T01:18:15.093Z] [DEBUG] RSS ok: gb/macos/Utilities/top-free entries=100
[2026-10-02T01:18:25.097Z] [DEBUG] Hits: gb/macos/Utilities/top-free 3 app(s) found
[2026-10-02T01:18:25.842Z] [DEBUG] RSS ok: ca/macos/Business/top-free entries=100
[2026-10-02T01:18:35.847Z] [DEBUG] Hits: ca/macos/Business/top-free 4 app(s) found
[2026-10-02T01:18:36.687Z] [DEBUG] RSS ok: ca/macos/Productivity/top-free entries=99
[2026-10-02T01:18:46.694Z] [DEBUG] Hits: ca/macos/Productivity/top-free 5 app(s) found
[2026-10-02T01:18:47.425Z] [DEBUG] RSS ok: ca/macos/Utilities/top-free entries=100
[2026-10-02T01:18:57.432Z] [DEBUG] Hits: ca/macos/Utilities/top-free 1 app(s) found
[2026-10-02T01:18:58.319Z] [DEBUG] RSS ok: fr/macos/Business/top-free entries=99
[2026-10-02T01:19:08.326Z] [DEBUG] Hits: fr/macos/Business/top-free 3 app(s) found
[2026-10-02T01:19:08.326Z] [INFO] RSS progress: 10/60 (10 ok, 0 error, 33 points)
[2026-10-02T01:19:09.129Z] [DEBUG] RSS ok: fr/macos/Productivity/top-free entries=98
[2026-10-02T01:19:19.136Z] [DEBUG] Hits: fr/macos/Productivity/top-free 5 app(s) found
[2026-10-02T01:19:19.843Z] [DEBUG] RSS ok: fr/macos/Utilities/top-free entries=100
[2026-10-02T01:19:29.849Z] [DEBUG] Hits: fr/macos/Utilities/top-free 1 app(s) found
[2026-10-02T01:19:30.735Z] [DEBUG] RSS ok: de/macos/Business/top-free entries=100
[2026-10-02T01:19:40.741Z] [DEBUG] Hits: de/macos/Business/top-free 1 app(s) found
[2026-10-02T01:19:41.437Z] [DEBUG] RSS ok: de/macos/Productivity/top-free entries=98
[2026-10-02T01:19:51.440Z] [DEBUG] Hits: de/macos/Productivity/top-free 4 app(s) found
[2026-10-02T01:19:52.246Z] [DEBUG] RSS ok: de/macos/Utilities/top-free entries=100
[2026-10-02T01:20:02.253Z] [DEBUG] Hits: de/macos/Utilities/top-free 3 app(s) found
[2026-10-02T01:20:03.158Z] [DEBUG] RSS ok: jp/macos/Business/top-free entries=99
[2026-10-02T01:20:13.165Z] [DEBUG] Hits: jp/macos/Business/top-free 2 app(s) found
[2026-10-02T01:20:13.976Z] [DEBUG] RSS ok: jp/macos/Productivity/top-free entries=99
[2026-10-02T01:20:23.982Z] [DEBUG] Hits: jp/macos/Productivity/top-free 3 app(s) found
[2026-10-02T01:20:24.914Z] [DEBUG] RSS ok: jp/macos/Utilities/top-free entries=100
[2026-10-02T01:20:34.921Z] [DEBUG] Hits: jp/macos/Utilities/top-free 5 app(s) found
[2026-10-02T01:20:35.780Z] [DEBUG] RSS ok: au/macos/Business/top-free entries=100
[2026-10-02T01:20:45.786Z] [DEBUG] Hits: au/macos/Business/top-free 2 app(s) found
[2026-10-02T01:20:46.658Z] [DEBUG] RSS ok: au/macos/Productivity/top-free entries=98
[2026-10-02T01:20:56.663Z] [DEBUG] Hits: au/macos/Productivity/top-free 5 app(s) found
[2026-10-02T01:20:56.663Z] [INFO] RSS progress: 20/60 (20 ok, 0 error, 64 points)
[2026-10-02T01:20:57.387Z] [DEBUG] RSS ok: au/macos/Utilities/top-free entries=100
[2026-10-02T01:21:07.393Z] [DEBUG] Hits: au/macos/Utilities/top-free 2 app(s) found
[2026-10-02T01:21:08.292Z] [DEBUG] RSS ok: es/macos/Business/top-free entries=100
[2026-10-02T01:21:18.299Z] [DEBUG] Hits: es/macos/Business/top-free 3 app(s) found
[2026-10-02T01:21:18.994Z] [DEBUG] RSS ok: es/macos/Productivity/top-free entries=98
[2026-10-02T01:21:28.999Z] [DEBUG] Hits: es/macos/Productivity/top-free 5 app(s) found
[2026-10-02T01:21:29.790Z] [DEBUG] RSS ok: es/macos/Utilities/top-free entries=100
[2026-10-02T01:21:39.796Z] [DEBUG] Hits: es/macos/Utilities/top-free 1 app(s) found
[2026-10-02T01:21:40.817Z] [DEBUG] RSS ok: it/macos/Business/top-free entries=100
[2026-10-02T01:21:50.822Z] [DEBUG] Hits: it/macos/Business/top-free 3 app(s) found
[2026-10-02T01:21:51.697Z] [DEBUG] RSS ok: it/macos/Productivity/top-free entries=98
[2026-10-02T01:22:01.702Z] [DEBUG] Hits: it/macos/Productivity/top-free 5 app(s) found
[2026-10-02T01:22:02.605Z] [DEBUG] RSS ok: it/macos/Utilities/top-free entries=100
[2026-10-02T01:22:12.610Z] [DEBUG] Hits: it/macos/Utilities/top-free 2 app(s) found
[2026-10-02T01:22:13.904Z] [DEBUG] RSS ok: pt/macos/Business/top-free entries=98
[2026-10-02T01:22:23.910Z] [DEBUG] Hits: pt/macos/Business/top-free 4 app(s) found
[2026-10-02T01:22:24.979Z] [DEBUG] RSS ok: pt/macos/Productivity/top-free entries=98
[2026-10-02T01:22:34.979Z] [DEBUG] Hits: pt/macos/Productivity/top-free 3 app(s) found
[2026-10-02T01:22:35.817Z] [DEBUG] RSS ok: pt/macos/Utilities/top-free entries=99
[2026-10-02T01:22:45.824Z] [INFO] RSS progress: 30/60 (30 ok, 0 error, 92 points)
[2026-10-02T01:22:46.771Z] [DEBUG] RSS ok: ch/macos/Business/top-free entries=100
[2026-10-02T01:22:56.777Z] [DEBUG] Hits: ch/macos/Business/top-free 2 app(s) found
[2026-10-02T01:22:57.654Z] [DEBUG] RSS ok: ch/macos/Productivity/top-free entries=99
[2026-10-02T01:23:07.661Z] [DEBUG] Hits: ch/macos/Productivity/top-free 5 app(s) found
[2026-10-02T01:23:08.437Z] [DEBUG] RSS ok: ch/macos/Utilities/top-free entries=100
[2026-10-02T01:23:18.443Z] [DEBUG] Hits: ch/macos/Utilities/top-free 2 app(s) found
[2026-10-02T01:23:19.246Z] [DEBUG] RSS ok: be/macos/Business/top-free entries=100
[2026-10-02T01:23:29.252Z] [DEBUG] Hits: be/macos/Business/top-free 3 app(s) found
[2026-10-02T01:23:30.088Z] [DEBUG] RSS ok: be/macos/Productivity/top-free entries=98
[2026-10-02T01:23:40.094Z] [DEBUG] Hits: be/macos/Productivity/top-free 5 app(s) found
[2026-10-02T01:23:40.996Z] [DEBUG] RSS ok: be/macos/Utilities/top-free entries=100
[2026-10-02T01:23:51.002Z] [DEBUG] Hits: be/macos/Utilities/top-free 1 app(s) found
[2026-10-02T01:23:51.826Z] [DEBUG] RSS ok: nl/macos/Business/top-free entries=100
[2026-10-02T01:24:01.832Z] [DEBUG] Hits: nl/macos/Business/top-free 1 app(s) found
[2026-10-02T01:24:02.698Z] [DEBUG] RSS ok: nl/macos/Productivity/top-free entries=98
[2026-10-02T01:24:12.704Z] [DEBUG] Hits: nl/macos/Productivity/top-free 5 app(s) found
[2026-10-02T01:24:13.558Z] [DEBUG] RSS ok: nl/macos/Utilities/top-free entries=100
[2026-10-02T01:24:23.563Z] [DEBUG] Hits: nl/macos/Utilities/top-free 3 app(s) found
[2026-10-02T01:24:24.386Z] [DEBUG] RSS ok: tw/macos/Business/top-free entries=100
[2026-10-02T01:24:34.393Z] [DEBUG] Hits: tw/macos/Business/top-free 2 app(s) found
[2026-10-02T01:24:34.393Z] [INFO] RSS progress: 40/60 (40 ok, 0 error, 121 points)
[2026-10-02T01:24:35.158Z] [DEBUG] RSS ok: tw/macos/Productivity/top-free entries=99
[2026-10-02T01:24:45.164Z] [DEBUG] Hits: tw/macos/Productivity/top-free 2 app(s) found
[2026-10-02T01:24:46.070Z] [DEBUG] RSS ok: tw/macos/Utilities/top-free entries=100
[2026-10-02T01:24:56.076Z] [DEBUG] Hits: tw/macos/Utilities/top-free 1 app(s) found
[2026-10-02T01:24:56.918Z] [DEBUG] RSS ok: hk/macos/Business/top-free entries=100
[2026-10-02T01:25:06.924Z] [DEBUG] Hits: hk/macos/Business/top-free 1 app(s) found
[2026-10-02T01:25:08.149Z] [DEBUG] RSS ok: hk/macos/Productivity/top-free entries=98
[2026-10-02T01:25:18.155Z] [DEBUG] Hits: hk/macos/Productivity/top-free 4 app(s) found
[2026-10-02T01:25:18.980Z] [DEBUG] RSS ok: hk/macos/Utilities/top-free entries=99
[2026-10-02T01:25:30.593Z] [DEBUG] RSS ok: nz/macos/Business/top-free entries=99
[2026-10-02T01:25:40.599Z] [DEBUG] Hits: nz/macos/Business/top-free 2 app(s) found
[2026-10-02T01:25:41.416Z] [DEBUG] RSS ok: nz/macos/Productivity/top-free entries=99
[2026-10-02T01:25:51.422Z] [DEBUG] Hits: nz/macos/Productivity/top-free 3 app(s) found
[2026-10-02T01:25:52.128Z] [DEBUG] RSS ok: nz/macos/Utilities/top-free entries=100
[2026-10-02T01:26:02.134Z] [DEBUG] Hits: nz/macos/Utilities/top-free 1 app(s) found
[2026-10-02T01:26:02.788Z] [DEBUG] RSS ok: sg/macos/Business/top-free entries=100
[2026-10-02T01:26:12.794Z] [DEBUG] Hits: sg/macos/Business/top-free 2 app(s) found
[2026-10-02T01:26:13.672Z] [DEBUG] RSS ok: sg/macos/Productivity/top-free entries=98
[2026-10-02T01:26:23.678Z] [DEBUG] Hits: sg/macos/Productivity/top-free 3 app(s) found
[2026-10-02T01:26:23.679Z] [INFO] RSS progress: 50/60 (50 ok, 0 error, 140 points)
[2026-10-02T01:26:24.464Z] [DEBUG] RSS ok: sg/macos/Utilities/top-free entries=100
[2026-10-02T01:26:34.471Z] [DEBUG] Hits: sg/macos/Utilities/top-free 2 app(s) found
[2026-10-02T01:26:35.143Z] [DEBUG] RSS ok: in/macos/Business/top-free entries=100
[2026-10-02T01:26:45.149Z] [DEBUG] Hits: in/macos/Business/top-free 3 app(s) found
[2026-10-02T01:26:45.963Z] [DEBUG] RSS ok: in/macos/Productivity/top-free entries=98
[2026-10-02T01:26:55.970Z] [DEBUG] Hits: in/macos/Productivity/top-free 2 app(s) found
[2026-10-02T01:26:56.714Z] [DEBUG] RSS ok: in/macos/Utilities/top-free entries=100
[2026-10-02T01:27:06.720Z] [DEBUG] Hits: in/macos/Utilities/top-free 1 app(s) found
[2026-10-02T01:27:07.609Z] [DEBUG] RSS ok: za/macos/Business/top-free entries=100
[2026-10-02T01:27:17.615Z] [DEBUG] Hits: za/macos/Business/top-free 1 app(s) found
[2026-10-02T01:27:18.411Z] [DEBUG] RSS ok: za/macos/Productivity/top-free entries=99
[2026-10-02T01:27:28.417Z] [DEBUG] Hits: za/macos/Productivity/top-free 4 app(s) found
[2026-10-02T01:27:29.512Z] [DEBUG] RSS ok: za/macos/Utilities/top-free entries=100
[2026-10-02T01:27:39.518Z] [DEBUG] Hits: za/macos/Utilities/top-free 1 app(s) found
[2026-10-02T01:27:40.370Z] [DEBUG] RSS ok: br/macos/Business/top-free entries=100
[2026-10-02T01:27:50.376Z] [DEBUG] Hits: br/macos/Business/top-free 2 app(s) found
[2026-10-02T01:27:51.361Z] [DEBUG] RSS ok: br/macos/Productivity/top-free entries=99
[2026-10-02T01:28:01.367Z] [DEBUG] Hits: br/macos/Productivity/top-free 4 app(s) found
[2026-10-02T01:28:02.330Z] [DEBUG] RSS ok: br/macos/Utilities/top-free entries=100
[2026-10-02T01:28:12.336Z] [DEBUG] Hits: br/macos/Utilities/top-free 1 app(s) found
[2026-10-02T01:28:12.336Z] [INFO] RSS progress: 60/60 (60 ok, 0 error, 161 points)
[2026-10-02T01:28:12.336Z] [INFO] RSS fetch done: 60 ok, 0 error, 161 points
[2026-10-02T01:28:12.336Z] [INFO] RSS results: 60 ok, 0 error, 161 rank points
[2026-10-02T01:28:12.336Z] [INFO] Platform max returned: macos = 100
[2026-10-02T01:28:12.358Z] [INFO] Stored: 60 crawls, 161 points
[2026-10-02T01:28:12.369Z] [INFO] current.json written rows=23
[2026-10-02T01:28:12.369Z] [INFO] Current summary: on_chart=161, not_on_chart=299, depth_limited=0, crawl_error=0, total=460
[2026-10-02T01:28:12.369Z] [INFO] === Crawl complete === 652.5s
[2026-10-02T02:17:16.680Z] [INFO] === Crawl start === ts=2026-10-02T02:00:00Z
[2026-10-02T02:17:16.684Z] [INFO] Config loaded apps=4, platforms=macos, categories=Business,Productivity,Utilities
[2026-10-02T02:17:16.684Z] [INFO] App IDs to track: 23 our=4, competitors=19
[2026-10-02T02:17:16.685Z] [INFO] Lookup cached fetched_at=2026-10-02T00:17:16.265Z, 23 apps
[2026-10-02T02:17:16.686Z] [INFO] RSS requests: 60 countries=20, platforms=macos, categories=Business,Productivity,Utilities
[2026-10-02T02:17:16.686Z] [INFO] RSS fetch start: 60 requests, concurrency=1
[2026-10-02T02:17:17.795Z] [DEBUG] RSS ok: us/macos/Business/top-free entries=100
[2026-10-02T02:17:27.798Z] [DEBUG] Hits: us/macos/Business/top-free 3 app(s) found
[2026-10-02T02:17:28.532Z] [DEBUG] RSS ok: us/macos/Productivity/top-free entries=98
[2026-10-02T02:17:38.535Z] [DEBUG] Hits: us/macos/Productivity/top-free 6 app(s) found
[2026-10-02T02:17:39.496Z] [DEBUG] RSS ok: us/macos/Utilities/top-free entries=100
[2026-10-02T02:17:49.501Z] [DEBUG] Hits: us/macos/Utilities/top-free 1 app(s) found
[2026-10-02T02:17:50.187Z] [DEBUG] RSS ok: gb/macos/Business/top-free entries=100
[2026-10-02T02:18:00.194Z] [DEBUG] Hits: gb/macos/Business/top-free 3 app(s) found
[2026-10-02T02:18:00.871Z] [DEBUG] RSS ok: gb/macos/Productivity/top-free entries=99
[2026-10-02T02:18:10.876Z] [DEBUG] Hits: gb/macos/Productivity/top-free 4 app(s) found
[2026-10-02T02:18:11.609Z] [DEBUG] RSS ok: gb/macos/Utilities/top-free entries=100
[2026-10-02T02:18:21.615Z] [DEBUG] Hits: gb/macos/Utilities/top-free 3 app(s) found
[2026-10-02T02:18:22.716Z] [DEBUG] RSS ok: ca/macos/Business/top-free entries=100
[2026-10-02T02:18:32.722Z] [DEBUG] Hits: ca/macos/Business/top-free 4 app(s) found
[2026-10-02T02:18:33.373Z] [DEBUG] RSS ok: ca/macos/Productivity/top-free entries=99
[2026-10-02T02:18:43.379Z] [DEBUG] Hits: ca/macos/Productivity/top-free 5 app(s) found
[2026-10-02T02:18:44.035Z] [DEBUG] RSS ok: ca/macos/Utilities/top-free entries=100
[2026-10-02T02:18:54.043Z] [DEBUG] Hits: ca/macos/Utilities/top-free 1 app(s) found
[2026-10-02T02:18:55.352Z] [DEBUG] RSS ok: fr/macos/Business/top-free entries=99
[2026-10-02T02:19:05.357Z] [DEBUG] Hits: fr/macos/Business/top-free 3 app(s) found
[2026-10-02T02:19:05.357Z] [INFO] RSS progress: 10/60 (10 ok, 0 error, 33 points)
[2026-10-02T02:19:06.240Z] [DEBUG] RSS ok: fr/macos/Productivity/top-free entries=98
[2026-10-02T02:19:16.245Z] [DEBUG] Hits: fr/macos/Productivity/top-free 5 app(s) found
[2026-10-02T02:19:16.967Z] [DEBUG] RSS ok: fr/macos/Utilities/top-free entries=100
[2026-10-02T02:19:26.973Z] [DEBUG] Hits: fr/macos/Utilities/top-free 1 app(s) found
[2026-10-02T02:19:27.725Z] [DEBUG] RSS ok: de/macos/Business/top-free entries=100
[2026-10-02T02:19:37.731Z] [DEBUG] Hits: de/macos/Business/top-free 1 app(s) found
[2026-10-02T02:19:38.456Z] [DEBUG] RSS ok: de/macos/Productivity/top-free entries=98
[2026-10-02T02:19:48.463Z] [DEBUG] Hits: de/macos/Productivity/top-free 4 app(s) found
[2026-10-02T02:19:49.272Z] [DEBUG] RSS ok: de/macos/Utilities/top-free entries=100
[2026-10-02T02:19:59.278Z] [DEBUG] Hits: de/macos/Utilities/top-free 3 app(s) found
[2026-10-02T02:20:00.926Z] [DEBUG] RSS ok: jp/macos/Business/top-free entries=99
[2026-10-02T02:20:10.932Z] [DEBUG] Hits: jp/macos/Business/top-free 2 app(s) found
[2026-10-02T02:20:11.798Z] [DEBUG] RSS ok: jp/macos/Productivity/top-free entries=99
[2026-10-02T02:20:21.803Z] [DEBUG] Hits: jp/macos/Productivity/top-free 3 app(s) found
[2026-10-02T02:20:22.607Z] [DEBUG] RSS ok: jp/macos/Utilities/top-free entries=100
[2026-10-02T02:20:32.614Z] [DEBUG] Hits: jp/macos/Utilities/top-free 5 app(s) found
[2026-10-02T02:20:33.344Z] [DEBUG] RSS ok: au/macos/Business/top-free entries=100
[2026-10-02T02:20:43.351Z] [DEBUG] Hits: au/macos/Business/top-free 2 app(s) found
[2026-10-02T02:20:44.142Z] [DEBUG] RSS ok: au/macos/Productivity/top-free entries=98
[2026-10-02T02:20:54.149Z] [DEBUG] Hits: au/macos/Productivity/top-free 5 app(s) found
[2026-10-02T02:20:54.149Z] [INFO] RSS progress: 20/60 (20 ok, 0 error, 64 points)
[2026-10-02T02:20:54.889Z] [DEBUG] RSS ok: au/macos/Utilities/top-free entries=100
[2026-10-02T02:21:04.890Z] [DEBUG] Hits: au/macos/Utilities/top-free 2 app(s) found
[2026-10-02T02:21:05.961Z] [DEBUG] RSS ok: es/macos/Business/top-free entries=100
[2026-10-02T02:21:15.966Z] [DEBUG] Hits: es/macos/Business/top-free 3 app(s) found
[2026-10-02T02:21:16.798Z] [DEBUG] RSS ok: es/macos/Productivity/top-free entries=98
[2026-10-02T02:21:26.804Z] [DEBUG] Hits: es/macos/Productivity/top-free 5 app(s) found
[2026-10-02T02:21:27.648Z] [DEBUG] RSS ok: es/macos/Utilities/top-free entries=100
[2026-10-02T02:21:37.648Z] [DEBUG] Hits: es/macos/Utilities/top-free 1 app(s) found
[2026-10-02T02:21:38.277Z] [DEBUG] RSS ok: it/macos/Business/top-free entries=100
[2026-10-02T02:21:48.284Z] [DEBUG] Hits: it/macos/Business/top-free 3 app(s) found
[2026-10-02T02:21:49.036Z] [DEBUG] RSS ok: it/macos/Productivity/top-free entries=98
[2026-10-02T02:21:59.043Z] [DEBUG] Hits: it/macos/Productivity/top-free 5 app(s) found
[2026-10-02T02:21:59.738Z] [DEBUG] RSS ok: it/macos/Utilities/top-free entries=100
[2026-10-02T02:22:09.745Z] [DEBUG] Hits: it/macos/Utilities/top-free 2 app(s) found
[2026-10-02T02:22:10.526Z] [DEBUG] RSS ok: pt/macos/Business/top-free entries=98
[2026-10-02T02:22:20.532Z] [DEBUG] Hits: pt/macos/Business/top-free 4 app(s) found
[2026-10-02T02:22:21.289Z] [DEBUG] RSS ok: pt/macos/Productivity/top-free entries=98
[2026-10-02T02:22:31.295Z] [DEBUG] Hits: pt/macos/Productivity/top-free 3 app(s) found
[2026-10-02T02:22:32.109Z] [DEBUG] RSS ok: pt/macos/Utilities/top-free entries=99
[2026-10-02T02:22:42.114Z] [INFO] RSS progress: 30/60 (30 ok, 0 error, 92 points)
[2026-10-02T02:22:42.916Z] [DEBUG] RSS ok: ch/macos/Business/top-free entries=100
[2026-10-02T02:22:52.922Z] [DEBUG] Hits: ch/macos/Business/top-free 2 app(s) found
[2026-10-02T02:22:53.616Z] [DEBUG] RSS ok: ch/macos/Productivity/top-free entries=99
[2026-10-02T02:23:03.623Z] [DEBUG] Hits: ch/macos/Productivity/top-free 5 app(s) found
[2026-10-02T02:23:04.466Z] [DEBUG] RSS ok: ch/macos/Utilities/top-free entries=100
[2026-10-02T02:23:14.472Z] [DEBUG] Hits: ch/macos/Utilities/top-free 2 app(s) found
[2026-10-02T02:23:15.389Z] [DEBUG] RSS ok: be/macos/Business/top-free entries=100
[2026-10-02T02:23:25.394Z] [DEBUG] Hits: be/macos/Business/top-free 3 app(s) found
[2026-10-02T02:23:26.075Z] [DEBUG] RSS ok: be/macos/Productivity/top-free entries=98
[2026-10-02T02:23:36.082Z] [DEBUG] Hits: be/macos/Productivity/top-free 5 app(s) found
[2026-10-02T02:23:36.819Z] [DEBUG] RSS ok: be/macos/Utilities/top-free entries=100
[2026-10-02T02:23:46.825Z] [DEBUG] Hits: be/macos/Utilities/top-free 1 app(s) found
[2026-10-02T02:23:47.693Z] [DEBUG] RSS ok: nl/macos/Business/top-free entries=100
[2026-10-02T02:23:57.698Z] [DEBUG] Hits: nl/macos/Business/top-free 1 app(s) found
[2026-10-02T02:23:58.577Z] [DEBUG] RSS ok: nl/macos/Productivity/top-free entries=98
[2026-10-02T02:24:08.582Z] [DEBUG] Hits: nl/macos/Productivity/top-free 5 app(s) found
[2026-10-02T02:24:09.443Z] [DEBUG] RSS ok: nl/macos/Utilities/top-free entries=100
[2026-10-02T02:24:19.449Z] [DEBUG] Hits: nl/macos/Utilities/top-free 3 app(s) found
[2026-10-02T02:24:20.259Z] [DEBUG] RSS ok: tw/macos/Business/top-free entries=100
[2026-10-02T02:24:30.265Z] [DEBUG] Hits: tw/macos/Business/top-free 2 app(s) found
[2026-10-02T02:24:30.265Z] [INFO] RSS progress: 40/60 (40 ok, 0 error, 121 points)
[2026-10-02T02:24:31.122Z] [DEBUG] RSS ok: tw/macos/Productivity/top-free entries=99
[2026-10-02T02:24:41.127Z] [DEBUG] Hits: tw/macos/Productivity/top-free 2 app(s) found
[2026-10-02T02:24:41.829Z] [DEBUG] RSS ok: tw/macos/Utilities/top-free entries=100
[2026-10-02T02:24:51.834Z] [DEBUG] Hits: tw/macos/Utilities/top-free 1 app(s) found
[2026-10-02T02:24:52.689Z] [DEBUG] RSS ok: hk/macos/Business/top-free entries=100
[2026-10-02T02:25:02.695Z] [DEBUG] Hits: hk/macos/Business/top-free 1 app(s) found
[2026-10-02T02:25:03.656Z] [DEBUG] RSS ok: hk/macos/Productivity/top-free entries=98
[2026-10-02T02:25:13.661Z] [DEBUG] Hits: hk/macos/Productivity/top-free 4 app(s) found
[2026-10-02T02:25:14.354Z] [DEBUG] RSS ok: hk/macos/Utilities/top-free entries=99
[2026-10-02T02:25:25.050Z] [DEBUG] RSS ok: nz/macos/Business/top-free entries=99
[2026-10-02T02:25:35.057Z] [DEBUG] Hits: nz/macos/Business/top-free 2 app(s) found
[2026-10-02T02:25:35.785Z] [DEBUG] RSS ok: nz/macos/Productivity/top-free entries=99
[2026-10-02T02:25:45.792Z] [DEBUG] Hits: nz/macos/Productivity/top-free 3 app(s) found
[2026-10-02T02:25:46.590Z] [DEBUG] RSS ok: nz/macos/Utilities/top-free entries=100
[2026-10-02T02:25:56.597Z] [DEBUG] Hits: nz/macos/Utilities/top-free 1 app(s) found
[2026-10-02T02:25:57.392Z] [DEBUG] RSS ok: sg/macos/Business/top-free entries=100
[2026-10-02T02:26:07.397Z] [DEBUG] Hits: sg/macos/Business/top-free 2 app(s) found
[2026-10-02T02:26:08.052Z] [DEBUG] RSS ok: sg/macos/Productivity/top-free entries=98
[2026-10-02T02:26:18.058Z] [DEBUG] Hits: sg/macos/Productivity/top-free 3 app(s) found
[2026-10-02T02:26:18.058Z] [INFO] RSS progress: 50/60 (50 ok, 0 error, 140 points)
[2026-10-02T02:26:18.726Z] [DEBUG] RSS ok: sg/macos/Utilities/top-free entries=100
[2026-10-02T02:26:28.733Z] [DEBUG] Hits: sg/macos/Utilities/top-free 2 app(s) found
[2026-10-02T02:26:29.386Z] [DEBUG] RSS ok: in/macos/Business/top-free entries=100
[2026-10-02T02:26:39.393Z] [DEBUG] Hits: in/macos/Business/top-free 3 app(s) found
[2026-10-02T02:26:40.228Z] [DEBUG] RSS ok: in/macos/Productivity/top-free entries=98
[2026-10-02T02:26:50.235Z] [DEBUG] Hits: in/macos/Productivity/top-free 2 app(s) found
[2026-10-02T02:26:51.041Z] [DEBUG] RSS ok: in/macos/Utilities/top-free entries=100
[2026-10-02T02:27:01.048Z] [DEBUG] Hits: in/macos/Utilities/top-free 1 app(s) found
[2026-10-02T02:27:01.781Z] [DEBUG] RSS ok: za/macos/Business/top-free entries=100
[2026-10-02T02:27:11.787Z] [DEBUG] Hits: za/macos/Business/top-free 1 app(s) found
[2026-10-02T02:27:12.776Z] [DEBUG] RSS ok: za/macos/Productivity/top-free entries=99
[2026-10-02T02:27:22.782Z] [DEBUG] Hits: za/macos/Productivity/top-free 4 app(s) found
[2026-10-02T02:27:23.418Z] [DEBUG] RSS ok: za/macos/Utilities/top-free entries=100
[2026-10-02T02:27:33.425Z] [DEBUG] Hits: za/macos/Utilities/top-free 1 app(s) found
[2026-10-02T02:27:34.172Z] [DEBUG] RSS ok: br/macos/Business/top-free entries=100
[2026-10-02T02:27:44.178Z] [DEBUG] Hits: br/macos/Business/top-free 2 app(s) found
[2026-10-02T02:27:45.085Z] [DEBUG] RSS ok: br/macos/Productivity/top-free entries=99
[2026-10-02T02:27:55.091Z] [DEBUG] Hits: br/macos/Productivity/top-free 4 app(s) found
[2026-10-02T02:27:55.880Z] [DEBUG] RSS ok: br/macos/Utilities/top-free entries=100
[2026-10-02T02:28:05.881Z] [DEBUG] Hits: br/macos/Utilities/top-free 1 app(s) found
[2026-10-02T02:28:05.881Z] [INFO] RSS progress: 60/60 (60 ok, 0 error, 161 points)
[2026-10-02T02:28:05.881Z] [INFO] RSS fetch done: 60 ok, 0 error, 161 points
[2026-10-02T02:28:05.882Z] [INFO] Platform max returned: macos = 100
[2026-10-02T02:28:05.882Z] [INFO] RSS results: 60 ok, 0 error, 161 rank points
[2026-10-02T02:28:05.915Z] [INFO] Stored: 60 crawls, 161 points
[2026-10-02T02:28:05.929Z] [INFO] current.json written rows=23
[2026-10-02T02:28:05.930Z] [INFO] Current summary: on_chart=161, not_on_chart=299, depth_limited=0, crawl_error=0, total=460
[2026-10-02T02:28:05.930Z] [INFO] === Crawl complete === 649.3s
